--------- beginning of crash
01-13 17:12:54.881   650   650 F libc    : page record for 0xf714c02c was not found (block_size=16)
--------- beginning of system
12-13 12:13:06.386  3821  3851 I chatty  : uid=1000(system) ActivityManager expire 4 lines
12-13 12:25:32.002  3821  3821 I chatty  : uid=1000 system_server expire 53 lines
12-13 12:25:32.069  3821 15915 I chatty  : uid=1000 system_server expire 7 lines
12-13 12:25:32.172  3821  5622 I chatty  : uid=1000(system) AsyncTask #1 expire 1 line
12-13 12:25:32.226  3821 15942 I chatty  : uid=1000 system_server expire 3 lines
12-13 12:25:32.508 15930 15930 I InCall_sys: InCallPresenter - onCallListChange oldState= NO_CALLS newState=NO_CALLS switching to NO_CALLS
12-13 12:25:32.718  3821  3859 I chatty  : uid=1000(system) PowerManagerSer expire 3 lines
12-13 12:25:32.721  5608  7311 I chatty  : uid=1000(system) local_job_dispa expire 1 line
12-13 12:25:32.735  3821  5477 I chatty  : uid=1000(system) PhotonicModulat expire 1 line
12-13 12:25:32.736  3821  3857 I chatty  : uid=1000(system) android.display expire 13 lines
12-13 12:25:33.043 15930 15930 I InCall_sys: InCallActivity - InCallActivity onCreate()...  this = com.android.incallui.InCallActivity@6efea71
12-13 12:25:33.067 15930 15930 I InCall_sys: InCallActivity - InCallActivity onStart()...
12-13 12:25:33.068 15930 15930 I InCall_sys: InCallActivity - InCallActivity onResume()...
12-13 12:25:33.072  3821  3848 I chatty  : uid=1000(system) Binder_2 expire 1 line
12-13 12:25:33.072  3821  3852 I chatty  : uid=1000(system) android.ui expire 6 lines
12-13 12:25:33.120 15930 15930 I InCall_sys: AnimationCircleLayout - FINISH clipView:false transY:0.0 cdx:0.0 cdy:0.0 cdr:0.0
12-13 12:25:33.137 15930 15930 I InCall_sys: InCallActivity - InCallActivity onPause()...
12-13 12:25:33.157 15930 15930 I InCall_sys: InCallPresenter - onCallListChange oldState= INCOMING newState=INCOMING switching to INCOMING
12-13 12:25:33.211  3821  5663 I chatty  : uid=1000(system) Binder_4 expire 1 line
12-13 12:25:33.218 15930 15930 I InCall_sys: InCallActivity - InCallActivity onStop()...
12-13 12:25:33.296 15930 15930 I InCall_sys: InCallActivity - InCallActivity onStart()...
12-13 12:25:33.297 15930 15930 I InCall_sys: InCallActivity - InCallActivity onResume()...
12-13 12:25:33.298 15930 15930 I InCall_sys: AnimationCircleLayout - FINISH clipView:false transY:0.0 cdx:0.0 cdy:0.0 cdr:0.0
12-13 12:25:34.989  3821  5741 I chatty  : uid=1000(system) Binder_5 expire 26 lines
12-13 12:25:34.991  3821  3821 I chatty  : uid=1000 system_server expire 13 lines
12-13 12:25:34.991  3821 15942 I chatty  : uid=1000 system_server expire 3 lines
12-13 12:25:35.538  3821  7233 I chatty  : uid=1000(system) Binder_F expire 33 lines
12-13 12:25:35.552 15930 15930 I InCall_sys: Call - update Call_0 call, old state is INCOMING, new call detail is INCOMING
12-13 12:25:35.554 15930 15930 I InCall_sys: InCallPresenter - onCallListChange oldState= INCOMING newState=INCOMING switching to INCOMING
12-13 12:25:35.558  3821  3851 I chatty  : uid=1000(system) ActivityManager expire 11 lines
12-13 12:25:35.577 15930 15930 I InCall_sys: Call - update Call_0 call, old state is INCOMING, new call detail is ACTIVE
12-13 12:25:35.579 15930 15930 I InCall_sys: InCallPresenter - onCallListChange oldState= INCOMING newState=INCALL switching to INCALL
12-13 12:25:35.613 15930 15930 I InCall_sys: Call - update Call_0 call, old state is ACTIVE, new call detail is ACTIVE
12-13 12:25:35.634 15930 15930 I InCall_sys: Call - update Call_0 call, old state is ACTIVE, new call detail is ACTIVE
12-13 12:25:35.636 15930 15930 I InCall_sys: InCallPresenter - onCallListChange oldState= INCALL newState=INCALL switching to INCALL
12-13 12:25:35.653 15930 15930 I InCall_sys: Call - update Call_0 call, old state is ACTIVE, new call detail is ACTIVE
12-13 12:25:35.654 15930 15930 I InCall_sys: Call - update Call_0 call, old state is ACTIVE, new call detail is ACTIVE
12-13 12:25:35.942  3821  5477 I chatty  : uid=1000(system) PhotonicModulat expire 4 lines
12-13 12:25:35.942  3821  3857 I chatty  : uid=1000(system) android.display expire 14 lines
12-13 12:25:36.284  3821  5441 I chatty  : uid=1000(system) ConnectivitySer expire 7 lines
12-13 12:25:46.616  3821  3850 I chatty  : uid=1000(system) android.bg expire 2 lines
12-13 12:25:55.223  3821  5979 I chatty  : uid=1000(system) Binder_6 expire 70 lines
12-13 12:25:55.228 15930 15930 I InCall_sys: Call - update Call_0 call, old state is ACTIVE, new call detail is ACTIVE
12-13 12:25:55.234 15930 15930 I InCall_sys: Call - update Call_0 call, old state is ACTIVE, new call detail is ACTIVE
12-13 12:25:55.239 15930 15930 I InCall_sys: Call - update Call_0 call, old state is ACTIVE, new call detail is ACTIVE
12-13 12:25:55.241  3821 16256 I chatty  : uid=1000 system_server expire 4 lines
12-13 12:25:55.248 15930 15930 I InCall_sys: Call - update Call_0 call, old state is ACTIVE, new call detail is DISCONNECTED
12-13 12:25:55.252 15930 15930 I InCall_sys: InCallPresenter - onCallListChange oldState= INCALL newState=INCALL switching to INCALL
12-13 12:25:55.271 15930 15930 I InCall_sys: Call - update Call_0 call, old state is DISCONNECTED, new call detail is DISCONNECTED
12-13 12:25:55.274 15930 15930 I InCall_sys: InCallPresenter - onCallListChange oldState= INCALL newState=INCALL switching to INCALL
12-13 12:25:55.342  3821  8571 I chatty  : uid=1000(system) AsyncTask #3 expire 1 line
12-13 12:25:55.502  3821  7233 I chatty  : uid=1000(system) Binder_F expire 2 lines
12-13 12:25:56.143  6059  6450 I chatty  : uid=1000(system) TrafficManageSe expire 2 lines
12-13 12:25:56.911  7071  7071 I chatty  : uid=1000(system) expire 1 line
12-13 12:25:56.934  3821  5741 I chatty  : uid=1000(system) Binder_5 expire 1 line
12-13 12:25:57.252 15930 15930 I InCall_sys:  - circle anim run to end. InCallState: NO_CALLS
12-13 12:25:57.262 15930 15930 I InCall_sys: InCallPresenter - onCallListChange oldState= INCALL newState=NO_CALLS switching to NO_CALLS
12-13 12:25:57.266  3821  3821 I chatty  : uid=1000 system_server expire 14 lines
12-13 12:25:57.276 15930 15930 I InCall_sys: InCallActivity - InCallActivity onPause()...
12-13 12:25:57.287  3821  6731 I chatty  : uid=1000(system) Binder_C expire 4 lines
12-13 12:25:57.289 15930 15930 I InCall_sys: InCallPresenter - onCallListChange oldState= NO_CALLS newState=NO_CALLS switching to NO_CALLS
12-13 12:25:57.313 15930 15930 I InCall_sys: InCallActivity - InCallActivity onStop()...
12-13 12:25:57.315 15930 15930 I InCall_sys: InCallActivity - onDestroy()...  this = com.android.incallui.InCallActivity@6efea71
12-13 12:25:57.346  3821  6738 I chatty  : uid=1000(system) Binder_E expire 1 line
12-13 12:26:05.254  3821  3859 I chatty  : uid=1000(system) PowerManagerSer expire 9 lines
12-13 12:27:58.044  3821  3847 I chatty  : uid=1000(system) Binder_1 expire 1 line
12-13 12:32:29.486  3821  5982 I chatty  : uid=1000(system) Binder_8 expire 2 lines
12-13 12:33:15.487  3821  5980 I chatty  : uid=1000(system) Binder_7 expire 1 line
12-13 12:33:15.564  3821  6729 I chatty  : uid=1000(system) Binder_B expire 2 lines
12-13 12:33:15.870  5608  5608 I chatty  : uid=1000(system) com.android.systemui expire 1 line
12-13 12:33:16.178  5608  7311 I chatty  : uid=1000(system) local_job_dispa expire 1 line
12-13 12:33:16.271  3821  5509 I chatty  : uid=1000(system) Binder_3 expire 1 line
12-13 12:33:16.271  3821  3852 I chatty  : uid=1000(system) android.ui expire 6 lines
12-13 12:33:16.608  6135  6135 I chatty  : uid=1000(system) com.miui.securitycenter.remote expire 1 line
12-13 12:33:22.463  3821  4634 I chatty  : uid=1000(system) InputReader expire 22 lines
12-13 12:33:22.673  3821  7233 I chatty  : uid=1000(system) Binder_F expire 2 lines
12-13 12:33:25.224  3821  3821 I chatty  : uid=1000 system_server expire 15 lines
12-13 12:33:25.230  3821  5509 I chatty  : uid=1000(system) Binder_3 expire 10 lines
12-13 12:33:25.295  3821  3859 I chatty  : uid=1000(system) PowerManagerSer expire 13 lines
12-13 12:33:25.303  5608  5608 I chatty  : uid=1000(system) com.android.systemui expire 3 lines
12-13 12:33:25.336  3821  6729 I chatty  : uid=1000(system) Binder_B expire 5 lines
12-13 12:33:25.340  3821  5477 I chatty  : uid=1000(system) PhotonicModulat expire 4 lines
12-13 12:33:25.341  3821  3857 I chatty  : uid=1000(system) android.display expire 13 lines
12-13 12:33:25.833  5608  5726 I chatty  : uid=1000(system) local_job_dispa expire 2 lines
12-13 12:35:47.593  3821  6732 I chatty  : uid=1000(system) Binder_D expire 5 lines
12-13 12:35:48.376  3821  3847 I chatty  : uid=1000(system) Binder_1 expire 5 lines
12-13 12:35:48.625  3821  3848 I chatty  : uid=1000(system) Binder_2 expire 6 lines
12-13 12:35:48.825  3821  5663 I chatty  : uid=1000(system) Binder_4 expire 3 lines
12-13 12:35:48.844  3821  5979 I chatty  : uid=1000(system) Binder_6 expire 6 lines
12-13 12:35:48.848  5608  7311 I chatty  : uid=1000(system) local_job_dispa expire 2 lines
12-13 12:35:48.892  3821  6738 I chatty  : uid=1000(system) Binder_E expire 1 line
12-13 12:35:48.923  3821  3852 I chatty  : uid=1000(system) android.ui expire 12 lines
12-13 12:35:49.087  3821  6731 I chatty  : uid=1000(system) Binder_C expire 5 lines
12-13 12:35:49.231  6135  6135 I chatty  : uid=1000(system) com.miui.securitycenter.remote expire 3 lines
12-13 12:35:49.486  3821  6687 I chatty  : uid=1000(system) Binder_9 expire 8 lines
12-13 12:35:49.804  3821  3851 I chatty  : uid=1000(system) ActivityManager expire 13 lines
12-13 12:41:59.374  3821  5741 I chatty  : uid=1000(system) Binder_5 expire 8 lines
12-13 12:42:00.982  7071  7071 I chatty  : uid=1000(system) expire 2 lines
12-13 12:42:01.005  3821  5982 I chatty  : uid=1000(system) Binder_8 expire 2 lines
12-13 12:44:27.635  6059  6450 I chatty  : uid=1000(system) TrafficManageSe expire 4 lines
12-13 12:53:20.911  3821  3850 I chatty  : uid=1000(system) android.bg expire 1 line
12-13 12:55:44.927  3821  5980 I chatty  : uid=1000(system) Binder_7 expire 3 lines
12-13 13:05:45.001  3821  5440 I chatty  : uid=1000(system) WifiService expire 3 lines
12-13 13:05:56.015  3821  6728 I chatty  : uid=1000(system) Binder_A expire 6 lines
12-13 13:05:56.018  3821  7240 I chatty  : uid=1000(system) Binder_10 expire 1 line
12-13 13:05:59.504 17879 17879 D ActivityThread: Loading provider com.whatsapp.provider.contact: com.whatsapp.contact.ContactProvider
12-13 13:11:07.491 18196 18196 E ActivityThread: Failed to find provider info for metok
12-13 13:11:07.492  3821  3851 I chatty  : uid=1000(system) ActivityManager expire 7 lines
12-13 13:11:07.864 18216 18216 I chatty  : uid=1000(system) expire 3 lines
12-13 13:11:10.016 18196 18196 E ActivityThread: Failed to find provider info for metok
12-13 13:11:10.031 18196 18272 E ActivityThread: Failed to find provider info for metok
12-13 13:11:10.258  3821  3821 I chatty  : uid=1000 system_server expire 10 lines
12-13 13:11:10.286  3821  3859 I chatty  : uid=1000(system) PowerManagerSer expire 3 lines
12-13 13:11:10.310  3821  3857 I chatty  : uid=1000(system) android.display expire 11 lines
12-13 13:11:13.585 18336 18336 I chatty  : uid=1000(system) expire 2 lines
12-13 13:11:27.568  3821  5441 I chatty  : uid=1000(system) ConnectivitySer expire 1 line
12-13 13:11:27.595  3821  4633 I chatty  : uid=1000(system) InputDispatcher expire 2 lines
12-13 13:11:28.051  3821  4634 I chatty  : uid=1000(system) InputReader expire 6 lines
12-13 13:11:28.127  3821  3821 I chatty  : uid=1000 system_server expire 48 lines
12-13 13:11:28.168  5608  5608 I chatty  : uid=1000(system) com.android.systemui expire 1 line
12-13 13:11:28.244  3821  3859 I chatty  : uid=1000(system) PowerManagerSer expire 9 lines
12-13 13:11:28.314  3821  5477 I chatty  : uid=1000(system) PhotonicModulat expire 2 lines
12-13 13:11:28.315  3821  3857 I chatty  : uid=1000(system) android.display expire 14 lines
12-13 13:12:36.572  3821  5979 I chatty  : uid=1000(system) Binder_6 expire 1 line
12-13 13:12:36.658  3821  6732 I chatty  : uid=1000(system) Binder_D expire 2 lines
12-13 13:12:36.975  6059  6450 I chatty  : uid=1000(system) TrafficManageSe expire 3 lines
12-13 13:12:37.145  3821  6731 I chatty  : uid=1000(system) Binder_C expire 27 lines
12-13 13:12:38.160  7071  7071 I chatty  : uid=1000(system) expire 1 line
12-13 13:12:38.163  3821  6729 I chatty  : uid=1000(system) Binder_B expire 1 line
12-13 13:15:29.010  3821  5980 I chatty  : uid=1000(system) Binder_7 expire 2 lines
12-13 13:16:02.525  3821  6728 I chatty  : uid=1000(system) Binder_A expire 19 lines
12-13 13:18:43.860  3821  5509 I chatty  : uid=1000(system) Binder_3 expire 2 lines
12-13 13:18:43.956  3821  3848 I chatty  : uid=1000(system) Binder_2 expire 35 lines
12-13 13:20:48.922  3821  5441 I chatty  : uid=1000(system) ConnectivitySer expire 5 lines
12-13 13:20:51.690  3821  5982 I chatty  : uid=1000(system) Binder_8 expire 3 lines
12-13 13:20:51.714  3821 19159 I chatty  : uid=1000 system_server expire 7 lines
12-13 13:20:51.765  3821  3851 I chatty  : uid=1000(system) ActivityManager expire 5 lines
12-13 13:20:51.789  3821 19163 I chatty  : uid=1000 system_server expire 8 lines
12-13 13:20:51.851 18391 18391 I InCall_sys: InCallPresenter - onCallListChange oldState= NO_CALLS newState=NO_CALLS switching to NO_CALLS
12-13 13:20:51.855  3821  3821 I chatty  : uid=1000 system_server expire 8 lines
12-13 13:20:52.104  3821  6687 I chatty  : uid=1000(system) Binder_9 expire 3 lines
12-13 13:20:52.140  5608  7311 I chatty  : uid=1000(system) local_job_dispa expire 1 line
12-13 13:20:52.512 18391 18391 I InCall_sys: InCallActivity - InCallActivity onCreate()...  this = com.android.incallui.InCallActivity@1fb7056
12-13 13:20:52.517  3821  6728 I chatty  : uid=1000(system) Binder_A expire 1 line
12-13 13:20:52.517  3821  3852 I chatty  : uid=1000(system) android.ui expire 6 lines
12-13 13:20:52.528  6135  6135 I chatty  : uid=1000(system) com.miui.securitycenter.remote expire 1 line
12-13 13:20:52.534 18391 18391 I InCall_sys: InCallActivity - InCallActivity onStart()...
12-13 13:20:52.537 18391 18391 I InCall_sys: InCallActivity - InCallActivity onResume()...
12-13 13:20:52.608 18391 18391 I InCall_sys: AnimationCircleLayout - FINISH clipView:false transY:0.0 cdx:0.0 cdy:0.0 cdr:0.0
12-13 13:20:52.617 18391 18391 I InCall_sys: InCallActivity - InCallActivity onPause()...
12-13 13:20:52.628 18391 18391 I InCall_sys: InCallPresenter - onCallListChange oldState= INCOMING newState=INCOMING switching to INCOMING
12-13 13:20:52.662  3821  5440 I chatty  : uid=1000(system) WifiService expire 2 lines
12-13 13:20:52.679 18391 18391 I InCall_sys: InCallActivity - InCallActivity onStop()...
12-13 13:20:52.743 18391 18391 I InCall_sys: InCallActivity - InCallActivity onStart()...
12-13 13:20:52.744 18391 18391 I InCall_sys: InCallActivity - InCallActivity onResume()...
12-13 13:20:52.745 18391 18391 I InCall_sys: AnimationCircleLayout - FINISH clipView:false transY:0.0 cdx:0.0 cdy:0.0 cdr:0.0
12-13 13:20:59.626 18391 18391 I InCall_sys: Call - update Call_0 call, old state is INCOMING, new call detail is INCOMING
12-13 13:20:59.629 18391 18391 I InCall_sys: InCallPresenter - onCallListChange oldState= INCOMING newState=INCOMING switching to INCOMING
12-13 13:20:59.648  3821  6731 I chatty  : uid=1000(system) Binder_C expire 7 lines
12-13 13:20:59.649 18391 18391 I InCall_sys: Call - update Call_0 call, old state is INCOMING, new call detail is ACTIVE
12-13 13:20:59.650 18391 18391 I InCall_sys: InCallPresenter - onCallListChange oldState= INCOMING newState=INCALL switching to INCALL
12-13 13:20:59.666  3821  5441 I chatty  : uid=1000(system) ConnectivitySer expire 9 lines
12-13 13:20:59.682  3821  3821 I chatty  : uid=1000 system_server expire 16 lines
12-13 13:20:59.698 18391 18391 I InCall_sys: Call - update Call_0 call, old state is ACTIVE, new call detail is ACTIVE
12-13 13:20:59.698 18391 18391 I InCall_sys: Call - update Call_0 call, old state is ACTIVE, new call detail is ACTIVE
12-13 13:20:59.713 18391 18391 I InCall_sys: Call - update Call_0 call, old state is ACTIVE, new call detail is ACTIVE
12-13 13:20:59.714 18391 18391 I InCall_sys: InCallPresenter - onCallListChange oldState= INCALL newState=INCALL switching to INCALL
12-13 13:20:59.732 18391 18391 I InCall_sys: Call - update Call_0 call, old state is ACTIVE, new call detail is ACTIVE
12-13 13:21:00.179  3821  5477 I chatty  : uid=1000(system) PhotonicModulat expire 4 lines
12-13 13:21:00.180  3821  3857 I chatty  : uid=1000(system) android.display expire 16 lines
12-13 13:21:02.210  3821  5979 I chatty  : uid=1000(system) Binder_6 expire 2 lines
12-13 13:21:02.457  3821  6738 I chatty  : uid=1000(system) Binder_E expire 1 line
12-13 13:21:02.567  3821  6732 I chatty  : uid=1000(system) Binder_D expire 11 lines
12-13 13:21:43.625 18391 18391 I InCall_sys: Call - update Call_0 call, old state is ACTIVE, new call detail is ACTIVE
12-13 13:21:43.630 18391 18391 I InCall_sys: Call - update Call_0 call, old state is ACTIVE, new call detail is ACTIVE
12-13 13:21:43.634 18391 18391 I InCall_sys: Call - update Call_0 call, old state is ACTIVE, new call detail is ACTIVE
12-13 13:21:43.634  3821  6732 I chatty  : uid=1000(system) Binder_D expire 60 lines
12-13 13:21:43.639 18391 18391 I InCall_sys: Call - update Call_0 call, old state is ACTIVE, new call detail is ACTIVE
12-13 13:21:43.641  3821 19574 I chatty  : uid=1000 system_server expire 4 lines
12-13 13:21:43.655 18391 18391 I InCall_sys: Call - update Call_0 call, old state is ACTIVE, new call detail is DISCONNECTED
12-13 13:21:43.655  3821  5663 I chatty  : uid=1000(system) Binder_4 expire 4 lines
12-13 13:21:43.660  3821  3851 I chatty  : uid=1000(system) ActivityManager expire 2 lines
12-13 13:21:43.660 18391 18391 I InCall_sys: InCallPresenter - onCallListChange oldState= INCALL newState=INCALL switching to INCALL
12-13 13:21:43.685 18391 18391 I InCall_sys: Call - update Call_0 call, old state is DISCONNECTED, new call detail is DISCONNECTED
12-13 13:21:43.688 18391 18391 I InCall_sys: InCallPresenter - onCallListChange oldState= INCALL newState=INCALL switching to INCALL
12-13 13:21:43.737  3821 10393 I chatty  : uid=1000(system) AsyncTask #6 expire 1 line
12-13 13:21:44.621  3821  4634 I chatty  : uid=1000(system) InputReader expire 23 lines
12-13 13:21:44.638  6059  6450 I chatty  : uid=1000(system) TrafficManageSe expire 1 line
12-13 13:21:44.778  3821  3859 I chatty  : uid=1000(system) PowerManagerSer expire 13 lines
12-13 13:21:44.781 18391 18391 I InCall_sys: InCallActivity - InCallActivity onPause()...
12-13 13:21:44.785 18391 18391 I InCall_sys: InCallActivity - InCallActivity onStop()...
12-13 13:21:44.827 18391 18391 I InCall_sys: InCallActivity - InCallActivity onStart()...
12-13 13:21:44.828 18391 18391 I InCall_sys: InCallActivity - InCallActivity onResume()...
12-13 13:21:44.828  5608  7311 I chatty  : uid=1000(system) local_job_dispa expire 1 line
12-13 13:21:44.829 18391 18391 I InCall_sys: AnimationCircleLayout - FINISH clipView:false transY:0.0 cdx:0.0 cdy:0.0 cdr:0.0
12-13 13:21:44.829  3821  5980 I chatty  : uid=1000(system) Binder_7 expire 1 line
12-13 13:21:44.831  3821  3852 I chatty  : uid=1000(system) android.ui expire 12 lines
12-13 13:21:44.857  3821  3821 I chatty  : uid=1000 system_server expire 16 lines
12-13 13:21:44.924  6135  6135 I chatty  : uid=1000(system) com.miui.securitycenter.remote expire 2 lines
12-13 13:21:45.659 18391 18391 I InCall_sys:  - circle anim run to end. InCallState: NO_CALLS
12-13 13:21:45.667  3821  3848 I chatty  : uid=1000(system) Binder_2 expire 1 line
12-13 13:21:45.688 18391 18391 I InCall_sys: InCallPresenter - onCallListChange oldState= INCALL newState=NO_CALLS switching to NO_CALLS
12-13 13:21:45.712 18391 18391 I InCall_sys: InCallActivity - InCallActivity onPause()...
12-13 13:21:45.733 18391 18391 I InCall_sys: InCallPresenter - onCallListChange oldState= NO_CALLS newState=NO_CALLS switching to NO_CALLS
12-13 13:21:45.764 18391 18391 I InCall_sys: InCallActivity - InCallActivity onStop()...
12-13 13:21:45.766 18391 18391 I InCall_sys: InCallActivity - onDestroy()...  this = com.android.incallui.InCallActivity@1fb7056
12-13 13:21:45.924  3821  7240 I chatty  : uid=1000(system) Binder_10 expire 1 line
12-13 13:21:46.245  3821  3857 I chatty  : uid=1000(system) android.display expire 16 lines
12-13 13:21:49.832  3821  6728 I chatty  : uid=1000(system) Binder_A expire 2 lines
12-13 13:21:50.476  3821  4634 I chatty  : uid=1000(system) InputReader expire 26 lines
12-13 13:21:50.605  3821  3821 I chatty  : uid=1000 system_server expire 25 lines
12-13 13:21:50.669  3821  3851 I chatty  : uid=1000(system) ActivityManager expire 8 lines
12-13 13:21:50.718  3821  3859 I chatty  : uid=1000(system) PowerManagerSer expire 18 lines
12-13 13:21:50.743  3821  5477 I chatty  : uid=1000(system) PhotonicModulat expire 8 lines
12-13 13:21:50.744  3821  3857 I chatty  : uid=1000(system) android.display expire 24 lines
12-13 13:21:53.131  3821  7233 I chatty  : uid=1000(system) Binder_F expire 3 lines
12-13 13:21:53.131  3821  3852 I chatty  : uid=1000(system) android.ui expire 12 lines
12-13 13:21:53.469  6135  6135 I chatty  : uid=1000(system) com.miui.securitycenter.remote expire 3 lines
12-13 13:21:55.207  5608  7311 I chatty  : uid=1000(system) local_job_dispa expire 3 lines
12-13 13:21:55.235  3821  3847 I chatty  : uid=1000(system) Binder_1 expire 4 lines
12-13 13:24:32.607  3821  5982 I chatty  : uid=1000(system) Binder_8 expire 2 lines
12-13 13:27:56.360  3821  6731 I chatty  : uid=1000(system) Binder_C expire 6 lines
12-13 13:27:58.093  7071  7071 I chatty  : uid=1000(system) expire 3 lines
12-13 13:29:03.945  3821  7240 I chatty  : uid=1000(system) Binder_10 expire 2 lines
12-13 13:31:06.985  3821  3850 I chatty  : uid=1000(system) android.bg expire 1 line
12-13 13:37:34.019  3821  4632 I chatty  : uid=1000(system) AlarmManager expire 1 line
12-13 13:37:34.108  3821  5741 I chatty  : uid=1000(system) Binder_5 expire 2 lines
12-13 13:37:57.701  3821  5980 I chatty  : uid=1000(system) Binder_7 expire 3 lines
12-13 13:38:28.987  3821  6729 I chatty  : uid=1000(system) Binder_B expire 4 lines
12-13 13:39:11.896  3821  6687 I chatty  : uid=1000(system) Binder_9 expire 2 lines
12-13 13:39:11.896 20402 20402 E ActivityThread: Failed to find provider info for metok
12-13 13:39:12.309 20426 20426 I chatty  : uid=1000(system) expire 3 lines
12-13 13:39:13.895  5608  5608 I chatty  : uid=1000(system) com.android.systemui expire 1 line
12-13 13:39:14.197  3821  3821 I chatty  : uid=1000 system_server expire 15 lines
12-13 13:39:14.232  3821  3859 I chatty  : uid=1000(system) PowerManagerSer expire 10 lines
12-13 13:39:14.252  3821  3857 I chatty  : uid=1000(system) android.display expire 14 lines
12-13 13:39:14.285  3821  3852 I chatty  : uid=1000(system) android.ui expire 9 lines
12-13 13:39:14.446 20402 20529 E ActivityThread: Failed to find provider info for metok
12-13 13:39:14.639  3821  3848 I chatty  : uid=1000(system) Binder_2 expire 2 lines
12-13 13:39:14.783  3821  5663 I chatty  : uid=1000(system) Binder_4 expire 2 lines
12-13 13:39:14.783 20402 20402 E ActivityThread: Failed to find provider info for metok
12-13 13:39:17.940  3821  6732 I chatty  : uid=1000(system) Binder_D expire 2 lines
12-13 13:39:21.265  3821  6738 I chatty  : uid=1000(system) Binder_E expire 2 lines
12-13 13:39:26.700  6059  6450 I chatty  : uid=1000(system) TrafficManageSe expire 1 line
12-13 13:39:40.074  3821  5979 I chatty  : uid=1000(system) Binder_6 expire 1 line
12-13 13:46:04.132  3821  4634 I chatty  : uid=1000(system) InputReader expire 24 lines
12-13 13:46:04.505  3821  3821 I chatty  : uid=1000 system_server expire 21 lines
12-13 13:46:04.512  3821  3857 I chatty  : uid=1000(system) android.display expire 21 lines
12-13 13:46:04.528  3821  3852 I chatty  : uid=1000(system) android.ui expire 9 lines
12-13 13:46:04.533  3821  3859 I chatty  : uid=1000(system) PowerManagerSer expire 13 lines
12-13 13:46:04.574  6135  6135 I chatty  : uid=1000(system) com.miui.securitycenter.remote expire 2 lines
12-13 13:46:04.629  3821  3847 I chatty  : uid=1000(system) Binder_1 expire 4 lines
12-13 13:46:04.675  3821  6738 I chatty  : uid=1000(system) Binder_E expire 2 lines
12-13 13:46:04.750  3821  5982 I chatty  : uid=1000(system) Binder_8 expire 5 lines
12-13 13:46:04.872  3821  5477 I chatty  : uid=1000(system) PhotonicModulat expire 3 lines
12-13 13:46:05.206  3821  5979 I chatty  : uid=1000(system) Binder_6 expire 2 lines
12-13 13:46:06.662  3821  3851 I chatty  : uid=1000(system) ActivityManager expire 11 lines
12-13 13:46:07.982  3821  6728 I chatty  : uid=1000(system) Binder_A expire 4 lines
12-13 13:46:08.235 21071 21071 I chatty  : uid=1000(system) expire 3 lines
12-13 13:46:08.371 21071 21091 I chatty  : uid=1000(system) expire 2 lines
12-13 13:46:08.752  3821  5440 I chatty  : uid=1000(system) WifiService expire 1 line
12-13 13:46:08.758 21071 21100 I chatty  : uid=1000(system) expire 1 line
12-13 13:46:09.118  3821  7233 I chatty  : uid=1000(system) Binder_F expire 6 lines
12-13 13:46:09.569  3821  6687 I chatty  : uid=1000(system) Binder_9 expire 4 lines
12-13 13:46:10.609  3821  5741 I chatty  : uid=1000(system) Binder_5 expire 5 lines
12-13 13:46:11.116  3821  6732 I chatty  : uid=1000(system) Binder_D expire 4 lines
12-13 13:46:13.881  3821  6731 I chatty  : uid=1000(system) Binder_C expire 2 lines
12-13 13:46:13.954  5608  5608 I chatty  : uid=1000(system) com.android.systemui expire 1 line
12-13 13:46:21.635  3821  5441 I chatty  : uid=1000(system) ConnectivitySer expire 32 lines
12-13 13:46:21.693  6059  6450 I chatty  : uid=1000(system) TrafficManageSe expire 3 lines
12-13 13:46:59.530  7071  7071 I chatty  : uid=1000(system) expire 20 lines
12-13 13:49:29.706   405   415 I Ext4Crypt: ext4 crypto complete called on /data
12-13 13:49:29.706   405   415 I Ext4Crypt: No master key, so not ext4enc
12-13 13:49:29.710  3821  4638 I chatty  : uid=1000(system) CryptdConnector expire 2 lines
12-13 13:49:29.711   405   415 D VoldCryptCmdListener: cryptfs getpwtype
12-13 13:49:29.711   405   415 I Ext4Crypt: ext4 crypto complete called on /data
12-13 13:49:29.711   405   415 I Ext4Crypt: No master key, so not ext4enc
12-13 13:49:44.817  3821  6729 I chatty  : uid=1000(system) Binder_B expire 5 lines
12-13 13:49:44.861  3821  3848 I chatty  : uid=1000(system) Binder_2 expire 3 lines
12-13 13:49:45.129  3821  5509 I chatty  : uid=1000(system) Binder_3 expire 4 lines
12-13 13:49:58.022  3821  4632 I chatty  : uid=1000(system) AlarmManager expire 1 line
12-13 13:49:58.251  3821  3821 I chatty  : uid=1000 system_server expire 2 lines
12-13 13:50:01.416  6123  6123 I chatty  : uid=1000(system) com.miui.whetstone expire 2 lines
12-13 13:50:01.440  3821  5663 I chatty  : uid=1000(system) Binder_4 expire 1 line
12-13 13:50:01.518  3821  7240 I chatty  : uid=1000(system) Binder_10 expire 2 lines
12-13 13:50:02.226  5670  5670 I chatty  : uid=1000(system) com.miui.antispam:provider expire 2 lines
12-13 13:50:02.651 21641 21641 I chatty  : uid=1000(system) expire 1 line
12-13 13:51:00.254  7071  7071 I chatty  : uid=1000(system) expire 72 lines
12-13 13:51:05.377  3821  3848 I chatty  : uid=1000(system) Binder_2 expire 1 line
12-13 13:51:13.125  3821  6732 I chatty  : uid=1000(system) Binder_D expire 1 line
12-13 13:54:58.198  3821  7240 I chatty  : uid=1000(system) Binder_10 expire 3 lines
12-13 13:55:58.375  3821  6687 I chatty  : uid=1000(system) Binder_9 expire 2 lines
12-13 13:55:59.792  6059  6450 I chatty  : uid=1000(system) TrafficManageSe expire 2 lines
12-13 13:55:59.902  3821  5979 I chatty  : uid=1000(system) Binder_6 expire 5 lines
12-13 13:56:00.045  3821  5440 I chatty  : uid=1000(system) WifiService expire 1 line
12-13 13:56:09.998  3821  3851 I chatty  : uid=1000(system) ActivityManager expire 4 lines
12-13 13:57:01.072  3821  5441 I chatty  : uid=1000(system) ConnectivitySer expire 3 lines
12-13 13:57:03.678  3821  3847 I chatty  : uid=1000(system) Binder_1 expire 18 lines
12-13 13:57:03.695  3821  3821 I chatty  : uid=1000 system_server expire 53 lines
12-13 13:57:03.759  3821  5980 I chatty  : uid=1000(system) Binder_7 expire 7 lines
12-13 13:57:03.775  3821 22138 I chatty  : uid=1000 system_server expire 7 lines
12-13 13:57:03.888  3821 22153 I chatty  : uid=1000 system_server expire 6 lines
12-13 13:57:04.134 22140 22140 I InCall_sys: InCallPresenter - onCallListChange oldState= NO_CALLS newState=NO_CALLS switching to NO_CALLS
12-13 13:57:04.320  3821  6729 I chatty  : uid=1000(system) Binder_B expire 2 lines
12-13 13:57:04.344  3821  3859 I chatty  : uid=1000(system) PowerManagerSer expire 3 lines
12-13 13:57:04.345  3821  5509 I chatty  : uid=1000(system) Binder_3 expire 1 line
12-13 13:57:04.351  5608  7311 I chatty  : uid=1000(system) local_job_dispa expire 1 line
12-13 13:57:04.363  3821  5477 I chatty  : uid=1000(system) PhotonicModulat expire 1 line
12-13 13:57:04.364  3821  3857 I chatty  : uid=1000(system) android.display expire 13 lines
12-13 13:57:04.698 22140 22140 I InCall_sys: InCallActivity - InCallActivity onCreate()...  this = com.android.incallui.InCallActivity@6efea71
12-13 13:57:04.719 22140 22140 I InCall_sys: InCallActivity - InCallActivity onStart()...
12-13 13:57:04.720 22140 22140 I InCall_sys: InCallActivity - InCallActivity onResume()...
12-13 13:57:04.721  3821  3852 I chatty  : uid=1000(system) android.ui expire 6 lines
12-13 13:57:04.731  6135  6135 I chatty  : uid=1000(system) com.miui.securitycenter.remote expire 1 line
12-13 13:57:04.776 22140 22140 I InCall_sys: AnimationCircleLayout - FINISH clipView:false transY:0.0 cdx:0.0 cdy:0.0 cdr:0.0
12-13 13:57:04.790 22140 22140 I InCall_sys: InCallActivity - InCallActivity onPause()...
12-13 13:57:04.800  3821  5741 I chatty  : uid=1000(system) Binder_5 expire 1 line
12-13 13:57:04.819 22140 22140 I InCall_sys: InCallPresenter - onCallListChange oldState= INCOMING newState=INCOMING switching to INCOMING
12-13 13:57:04.872 22140 22140 I InCall_sys: InCallActivity - InCallActivity onStop()...
12-13 13:57:04.948 22140 22140 I InCall_sys: InCallActivity - InCallActivity onStart()...
12-13 13:57:04.949 22140 22140 I InCall_sys: InCallActivity - InCallActivity onResume()...
12-13 13:57:04.950 22140 22140 I InCall_sys: AnimationCircleLayout - FINISH clipView:false transY:0.0 cdx:0.0 cdy:0.0 cdr:0.0
12-13 13:57:04.987  3821  4634 I chatty  : uid=1000(system) InputReader expire 2 lines
12-13 13:57:07.093  3821  6731 I chatty  : uid=1000(system) Binder_C expire 26 lines
12-13 13:57:07.101  3821  3821 I chatty  : uid=1000 system_server expire 13 lines
12-13 13:57:07.111  3821 22153 I chatty  : uid=1000 system_server expire 1 line
12-13 13:57:07.468  3821  6687 I chatty  : uid=1000(system) Binder_9 expire 33 lines
12-13 13:57:07.491 22140 22140 I InCall_sys: Call - update Call_0 call, old state is INCOMING, new call detail is INCOMING
12-13 13:57:07.494 22140 22140 I InCall_sys: InCallPresenter - onCallListChange oldState= INCOMING newState=INCOMING switching to INCOMING
12-13 13:57:07.505  3821  3851 I chatty  : uid=1000(system) ActivityManager expire 7 lines
12-13 13:57:07.520 22140 22140 I InCall_sys: Call - update Call_0 call, old state is INCOMING, new call detail is INCOMING
12-13 13:57:07.524 22140 22140 I InCall_sys: Call - update Call_0 call, old state is INCOMING, new call detail is ACTIVE
12-13 13:57:07.526 22140 22140 I InCall_sys: InCallPresenter - onCallListChange oldState= INCOMING newState=INCALL switching to INCALL
12-13 13:57:07.565 22140 22140 I InCall_sys: Call - update Call_0 call, old state is ACTIVE, new call detail is ACTIVE
12-13 13:57:07.581 22140 22140 I InCall_sys: Call - update Call_0 call, old state is ACTIVE, new call detail is ACTIVE
12-13 13:57:07.582 22140 22140 I InCall_sys: InCallPresenter - onCallListChange oldState= INCALL newState=INCALL switching to INCALL
12-13 13:57:07.597 22140 22140 I InCall_sys: Call - update Call_0 call, old state is ACTIVE, new call detail is ACTIVE
12-13 13:57:07.944  3821  5477 I chatty  : uid=1000(system) PhotonicModulat expire 4 lines
12-13 13:57:07.944  3821  3857 I chatty  : uid=1000(system) android.display expire 13 lines
12-13 13:57:39.010  3821  6738 I chatty  : uid=1000(system) Binder_E expire 70 lines
12-13 13:57:39.016 22140 22140 I InCall_sys: Call - update Call_0 call, old state is ACTIVE, new call detail is ACTIVE
12-13 13:57:39.021 22140 22140 I InCall_sys: Call - update Call_0 call, old state is ACTIVE, new call detail is ACTIVE
12-13 13:57:39.025 22140 22140 I InCall_sys: Call - update Call_0 call, old state is ACTIVE, new call detail is ACTIVE
12-13 13:57:39.031 22140 22140 I InCall_sys: Call - update Call_0 call, old state is ACTIVE, new call detail is ACTIVE
12-13 13:57:39.033  3821 22381 I chatty  : uid=1000(system) com.google.android.apps.photos expire 4 lines
12-13 13:57:39.038 22140 22140 I InCall_sys: Call - update Call_0 call, old state is ACTIVE, new call detail is DISCONNECTED
12-13 13:57:39.042 22140 22140 I InCall_sys: InCallPresenter - onCallListChange oldState= INCALL newState=INCALL switching to INCALL
12-13 13:57:39.069 22140 22140 I InCall_sys: Call - update Call_0 call, old state is DISCONNECTED, new call detail is DISCONNECTED
12-13 13:57:39.072 22140 22140 I InCall_sys: InCallPresenter - onCallListChange oldState= INCALL newState=INCALL switching to INCALL
12-13 13:57:39.131  3821  8653 I chatty  : uid=1000(system) AsyncTask #4 expire 1 line
12-13 13:57:39.768  3821  5441 I chatty  : uid=1000(system) ConnectivitySer expire 3 lines
12-13 13:57:39.812  6059  6450 I chatty  : uid=1000(system) TrafficManageSe expire 1 line
12-13 13:57:39.870  3821  6728 I chatty  : uid=1000(system) Binder_A expire 1 line
12-13 13:57:40.020  3821  4634 I chatty  : uid=1000(system) InputReader expire 24 lines
12-13 13:57:40.197  3821  3859 I chatty  : uid=1000(system) PowerManagerSer expire 8 lines
12-13 13:57:40.202 22140 22140 I InCall_sys: InCallActivity - InCallActivity onPause()...
12-13 13:57:40.228 22140 22140 I InCall_sys: InCallActivity - InCallActivity onStop()...
12-13 13:57:40.513  3821  3821 I chatty  : uid=1000 system_server expire 12 lines
12-13 13:57:41.042 22140 22140 I InCall_sys:  - circle anim run to end. InCallState: NO_CALLS
12-13 13:57:41.060 22140 22140 I InCall_sys: InCallPresenter - onCallListChange oldState= INCALL newState=NO_CALLS switching to NO_CALLS
12-13 13:57:41.077 22140 22140 I InCall_sys: InCallActivity - onDestroy()...  this = com.android.incallui.InCallActivity@6efea71
12-13 13:57:41.105 22140 22140 I InCall_sys: InCallPresenter - onCallListChange oldState= NO_CALLS newState=NO_CALLS switching to NO_CALLS
12-13 13:57:41.108  3821  6732 I chatty  : uid=1000(system) Binder_D expire 1 line
12-13 13:57:41.344  7071  7071 I chatty  : uid=1000(system) expire 1 line
12-13 13:57:41.348  3821  5980 I chatty  : uid=1000(system) Binder_7 expire 3 lines
12-13 13:59:11.418  3821  3850 I chatty  : uid=1000(system) android.bg expire 1 line
12-13 13:59:13.308  3821  5741 I chatty  : uid=1000(system) Binder_5 expire 2 lines
12-13 13:59:26.281  3821  7233 I chatty  : uid=1000(system) Binder_F expire 2 lines
12-13 14:03:05.493  5608  7311 I chatty  : uid=1000(system) local_job_dispa expire 1 line
12-13 14:03:05.539  3821  7240 I chatty  : uid=1000(system) Binder_10 expire 1 line
12-13 14:03:05.539  3821  3852 I chatty  : uid=1000(system) android.ui expire 6 lines
12-13 14:03:05.871  6135  6135 I chatty  : uid=1000(system) com.miui.securitycenter.remote expire 1 line
12-13 14:03:07.632  3821  4633 I chatty  : uid=1000(system) InputDispatcher expire 7 lines
12-13 14:03:13.628  3821  4634 I chatty  : uid=1000(system) InputReader expire 14 lines
12-13 14:03:14.613  3821  3821 I chatty  : uid=1000 system_server expire 11 lines
12-13 14:03:14.680  5608  5608 I chatty  : uid=1000(system) com.android.systemui expire 5 lines
12-13 14:03:14.732  3821  3859 I chatty  : uid=1000(system) PowerManagerSer expire 19 lines
12-13 14:03:14.759  3821  5477 I chatty  : uid=1000(system) PhotonicModulat expire 6 lines
12-13 14:03:14.759  3821  3857 I chatty  : uid=1000(system) android.display expire 11 lines
12-13 14:04:12.190  3821  6732 I chatty  : uid=1000(system) Binder_D expire 1 line
12-13 14:08:03.484  3821  7233 I chatty  : uid=1000(system) Binder_F expire 7 lines
12-13 14:08:05.180  7071  7071 I chatty  : uid=1000(system) expire 1 line
12-13 14:08:28.775  5608  7311 I chatty  : uid=1000(system) local_job_dispa expire 3 lines
12-13 14:08:28.814  3821  5979 I chatty  : uid=1000(system) Binder_6 expire 6 lines
12-13 14:08:28.814  3821  3852 I chatty  : uid=1000(system) android.ui expire 11 lines
12-13 14:08:29.140  6135  6135 I chatty  : uid=1000(system) com.miui.securitycenter.remote expire 2 lines
12-13 14:08:29.219  3821  5663 I chatty  : uid=1000(system) Binder_4 expire 4 lines
12-13 14:08:29.346 22954 22954 D ActivityThread: Loading provider com.whatsapp.provider.contact: com.whatsapp.contact.ContactProvider
12-13 14:08:30.040  3821  5440 I chatty  : uid=1000(system) WifiService expire 1 line
12-13 14:08:30.411  3821  5741 I chatty  : uid=1000(system) Binder_5 expire 2 lines
12-13 14:08:30.500  3821  3848 I chatty  : uid=1000(system) Binder_2 expire 3 lines
12-13 14:08:30.855  3821  5980 I chatty  : uid=1000(system) Binder_7 expire 3 lines
12-13 14:08:30.952  3821  5509 I chatty  : uid=1000(system) Binder_3 expire 3 lines
12-13 14:08:31.183  3821  3821 I chatty  : uid=1000 system_server expire 14 lines
12-13 14:08:31.258  3821  3851 I chatty  : uid=1000(system) ActivityManager expire 10 lines
12-13 14:08:31.364  3821  4634 I chatty  : uid=1000(system) InputReader expire 30 lines
12-13 14:08:34.161  3821  6731 I chatty  : uid=1000(system) Binder_C expire 3 lines
12-13 14:08:43.707  3821  6729 I chatty  : uid=1000(system) Binder_B expire 1 line
12-13 14:09:20.702  3821  7240 I chatty  : uid=1000(system) Binder_10 expire 2 lines
12-13 14:09:21.861  3821  3847 I chatty  : uid=1000(system) Binder_1 expire 5 lines
12-13 14:09:23.457  3821  3857 I chatty  : uid=1000(system) android.display expire 11 lines
12-13 14:09:34.814  3821  5441 I chatty  : uid=1000(system) ConnectivitySer expire 22 lines
12-13 14:09:34.886  6059  6450 I chatty  : uid=1000(system) TrafficManageSe expire 7 lines
12-13 14:12:00.472  3821  6687 I chatty  : uid=1000(system) Binder_9 expire 1 line
12-13 14:12:23.637  5608  5726 I chatty  : uid=1000(system) local_job_dispa expire 2 lines
12-13 14:12:24.859  3821  6738 I chatty  : uid=1000(system) Binder_E expire 4 lines
12-13 14:12:25.142  3821  5982 I chatty  : uid=1000(system) Binder_8 expire 1 line
12-13 14:18:36.128 20402 20402 E ActivityThread: Failed to find provider info for metok
12-13 14:18:36.186  3821  3851 I chatty  : uid=1000(system) ActivityManager expire 2 lines
12-13 14:18:36.450 24151 24151 I chatty  : uid=1000(system) expire 3 lines
12-13 14:18:38.422  3821  3821 I chatty  : uid=1000 system_server expire 1 line
12-13 14:18:38.458  3821  3859 I chatty  : uid=1000(system) PowerManagerSer expire 2 lines
12-13 14:18:38.487  3821  3857 I chatty  : uid=1000(system) android.display expire 1 line
12-13 14:18:38.506  3821  3852 I chatty  : uid=1000(system) android.ui expire 14 lines
12-13 14:18:38.510  3821  3857 I chatty  : uid=1000(system) android.display expire 42 lines
12-13 14:18:38.776  3821  3821 I chatty  : uid=1000 system_server expire 24 lines
12-13 14:18:38.825  3821  3859 I chatty  : uid=1000(system) PowerManagerSer expire 14 lines
12-13 14:18:38.855  6135  6135 I chatty  : uid=1000(system) com.miui.securitycenter.remote expire 3 lines
12-13 14:18:38.948  3821  6732 I chatty  : uid=1000(system) Binder_D expire 2 lines
12-13 14:18:39.023  3821  5741 I chatty  : uid=1000(system) Binder_5 expire 5 lines
12-13 14:18:40.337  3821  5663 I chatty  : uid=1000(system) Binder_4 expire 2 lines
12-13 14:18:48.560  3821  5477 I chatty  : uid=1000(system) PhotonicModulat expire 4 lines
12-13 14:18:52.635  3821  4634 I chatty  : uid=1000(system) InputReader expire 16 lines
12-13 14:18:52.705  5608  7311 I chatty  : uid=1000(system) local_job_dispa expire 2 lines
12-13 14:18:52.720  3821  5982 I chatty  : uid=1000(system) Binder_8 expire 4 lines
12-13 14:18:53.928  3821  3851 I chatty  : uid=1000(system) ActivityManager expire 9 lines
12-13 14:18:54.671  3821  4633 I chatty  : uid=1000(system) InputDispatcher expire 3 lines
12-13 14:18:56.160  3821  6731 I chatty  : uid=1000(system) Binder_C expire 4 lines
12-13 14:18:56.318  3821  7233 I chatty  : uid=1000(system) Binder_F expire 6 lines
12-13 14:18:56.563  3821  3847 I chatty  : uid=1000(system) Binder_1 expire 2 lines
12-13 14:18:56.774  3821  5979 I chatty  : uid=1000(system) Binder_6 expire 3 lines
12-13 14:18:57.475  3821  6729 I chatty  : uid=1000(system) Binder_B expire 3 lines
12-13 14:19:09.668 20402 20402 E ActivityThread: Failed to find provider info for metok
12-13 14:19:10.135  3821  5980 I chatty  : uid=1000(system) Binder_7 expire 2 lines
12-13 14:19:10.136 20402 20402 E ActivityThread: Failed to find provider info for metok
12-13 14:19:10.869  3821  4634 I chatty  : uid=1000(system) InputReader expire 31 lines
12-13 14:19:10.957  3821  3821 I chatty  : uid=1000 system_server expire 13 lines
12-13 14:19:10.980  3821  5509 I chatty  : uid=1000(system) Binder_3 expire 4 lines
12-13 14:19:11.094  5608  5608 I chatty  : uid=1000(system) com.android.systemui expire 2 lines
12-13 14:19:11.110  3821  3857 I chatty  : uid=1000(system) android.display expire 11 lines
12-13 14:19:11.154  3821  7240 I chatty  : uid=1000(system) Binder_10 expire 3 lines
12-13 14:19:28.279 20402 20402 E ActivityThread: Failed to find provider info for metok
12-13 14:19:28.301 24151 24151 I chatty  : uid=1000(system) expire 1 line
12-13 14:19:29.708  3821  3859 I chatty  : uid=1000(system) PowerManagerSer expire 3 lines
12-13 14:19:29.763  3821  6728 I chatty  : uid=1000(system) Binder_A expire 3 lines
12-13 14:19:29.763  3821  3852 I chatty  : uid=1000(system) android.ui expire 6 lines
12-13 14:19:39.052  3821  5441 I chatty  : uid=1000(system) ConnectivitySer expire 2 lines
12-13 14:19:42.719  6059  6450 I chatty  : uid=1000(system) TrafficManageSe expire 6 lines
12-13 14:19:50.084  3821  7233 I chatty  : uid=1000(system) Binder_F expire 30 lines
12-13 14:19:50.297  3821  5663 I chatty  : uid=1000(system) Binder_4 expire 2 lines
12-13 14:19:50.381  3821  6731 I chatty  : uid=1000(system) Binder_C expire 5 lines
12-13 14:19:50.574  3821  7240 I chatty  : uid=1000(system) Binder_10 expire 8 lines
12-13 14:19:50.778  3821  5509 I chatty  : uid=1000(system) Binder_3 expire 2 lines
12-13 14:19:50.893  3821  5980 I chatty  : uid=1000(system) Binder_7 expire 4 lines
12-13 14:19:51.089  3821  6738 I chatty  : uid=1000(system) Binder_E expire 5 lines
12-13 14:19:52.321  3821  4634 I chatty  : uid=1000(system) InputReader expire 5 lines
12-13 14:19:52.384  3821  3821 I chatty  : uid=1000 system_server expire 51 lines
12-13 14:19:52.474  5608  5608 I chatty  : uid=1000(system) com.android.systemui expire 1 line
12-13 14:19:52.488  3821  3859 I chatty  : uid=1000(system) PowerManagerSer expire 9 lines
12-13 14:19:52.561  3821  5441 I chatty  : uid=1000(system) ConnectivitySer expire 5 lines
12-13 14:19:52.586  3821  5477 I chatty  : uid=1000(system) PhotonicModulat expire 2 lines
12-13 14:19:52.587  3821  3857 I chatty  : uid=1000(system) android.display expire 20 lines
12-13 14:19:53.864  3821  6732 I chatty  : uid=1000(system) Binder_D expire 18 lines
12-13 14:23:05.206  7071  7071 I chatty  : uid=1000(system) expire 1 line
12-13 14:23:05.542  3821  3850 I chatty  : uid=1000(system) android.bg expire 1 line
12-13 14:23:51.533  3821  6729 I chatty  : uid=1000(system) Binder_B expire 4 lines
12-13 14:25:38.176  3821  3848 I chatty  : uid=1000(system) Binder_2 expire 1 line
12-13 14:25:43.388  3821  5741 I chatty  : uid=1000(system) Binder_5 expire 3 lines
12-13 14:25:43.413  3821 25204 I chatty  : uid=1000 system_server expire 7 lines
12-13 14:25:43.461  3821  3851 I chatty  : uid=1000(system) ActivityManager expire 4 lines
12-13 14:25:43.500  3821 25218 I chatty  : uid=1000 system_server expire 7 lines
12-13 14:25:43.774 25206 25206 I InCall_sys: InCallPresenter - onCallListChange oldState= NO_CALLS newState=NO_CALLS switching to NO_CALLS
12-13 14:25:43.953  3821  3821 I chatty  : uid=1000 system_server expire 6 lines
12-13 14:25:43.973  5608  7311 I chatty  : uid=1000(system) local_job_dispa expire 1 line
12-13 14:25:44.042  3821  3847 I chatty  : uid=1000(system) Binder_1 expire 3 lines
12-13 14:25:44.321 25206 25206 I InCall_sys: InCallActivity - InCallActivity onCreate()...  this = com.android.incallui.InCallActivity@6efea71
12-13 14:25:44.344  3821  3852 I chatty  : uid=1000(system) android.ui expire 7 lines
12-13 14:25:44.346 25206 25206 I InCall_sys: InCallActivity - InCallActivity onStart()...
12-13 14:25:44.347 25206 25206 I InCall_sys: InCallActivity - InCallActivity onResume()...
12-13 14:25:44.357  6135  6135 I chatty  : uid=1000(system) com.miui.securitycenter.remote expire 1 line
12-13 14:25:44.384  3821  5982 I chatty  : uid=1000(system) Binder_8 expire 1 line
12-13 14:25:44.422 25206 25206 I InCall_sys: AnimationCircleLayout - FINISH clipView:false transY:0.0 cdx:0.0 cdy:0.0 cdr:0.0
12-13 14:25:44.451 25206 25206 I InCall_sys: InCallActivity - InCallActivity onPause()...
12-13 14:25:44.469 25206 25206 I InCall_sys: InCallPresenter - onCallListChange oldState= INCOMING newState=INCOMING switching to INCOMING
12-13 14:25:44.532 25206 25206 I InCall_sys: InCallActivity - InCallActivity onStop()...
12-13 14:25:44.616 25206 25206 I InCall_sys: InCallActivity - InCallActivity onStart()...
12-13 14:25:44.617 25206 25206 I InCall_sys: InCallActivity - InCallActivity onResume()...
12-13 14:25:44.619 25206 25206 I InCall_sys: AnimationCircleLayout - FINISH clipView:false transY:0.0 cdx:0.0 cdy:0.0 cdr:0.0
12-13 14:25:47.012  3821  6687 I chatty  : uid=1000(system) Binder_9 expire 1 line
12-13 14:25:47.639  3821  5440 I chatty  : uid=1000(system) WifiService expire 1 line
12-13 14:25:48.091  3821  6728 I chatty  : uid=1000(system) Binder_A expire 36 lines
12-13 14:25:48.114 25206 25206 I InCall_sys: Call - update Call_0 call, old state is INCOMING, new call detail is INCOMING
12-13 14:25:48.116 25206 25206 I InCall_sys: InCallPresenter - onCallListChange oldState= INCOMING newState=INCOMING switching to INCOMING
12-13 14:25:48.131 25206 25206 I InCall_sys: Call - update Call_0 call, old state is INCOMING, new call detail is ACTIVE
12-13 14:25:48.132 25206 25206 I InCall_sys: InCallPresenter - onCallListChange oldState= INCOMING newState=INCALL switching to INCALL
12-13 14:25:48.157  3821  3821 I chatty  : uid=1000 system_server expire 11 lines
12-13 14:25:48.162 25206 25206 I InCall_sys: Call - update Call_0 call, old state is ACTIVE, new call detail is ACTIVE
12-13 14:25:48.190 25206 25206 I InCall_sys: Call - update Call_0 call, old state is ACTIVE, new call detail is ACTIVE
12-13 14:25:48.191 25206 25206 I InCall_sys: InCallPresenter - onCallListChange oldState= INCALL newState=INCALL switching to INCALL
12-13 14:25:48.205   405   415 I Ext4Crypt: ext4 crypto complete called on /data
12-13 14:25:48.205   405   415 I Ext4Crypt: No master key, so not ext4enc
12-13 14:25:48.206  3821  4638 I chatty  : uid=1000(system) CryptdConnector expire 4 lines
12-13 14:25:48.207   405   415 D VoldCryptCmdListener: cryptfs getpwtype
12-13 14:25:48.207   405   415 I Ext4Crypt: ext4 crypto complete called on /data
12-13 14:25:48.207   405   415 I Ext4Crypt: No master key, so not ext4enc
12-13 14:25:48.212 25206 25206 I InCall_sys: Call - update Call_0 call, old state is ACTIVE, new call detail is ACTIVE
12-13 14:25:48.213 25206 25206 I InCall_sys: Call - update Call_0 call, old state is ACTIVE, new call detail is ACTIVE
12-13 14:25:48.281  3821  5477 I chatty  : uid=1000(system) PhotonicModulat expire 5 lines
12-13 14:25:48.282  3821  3857 I chatty  : uid=1000(system) android.display expire 25 lines
12-13 14:25:50.055  3821  6732 I chatty  : uid=1000(system) Binder_D expire 5 lines
12-13 14:25:50.068  3821  5509 I chatty  : uid=1000(system) Binder_3 expire 27 lines
12-13 14:25:50.070  3821  3851 I chatty  : uid=1000(system) ActivityManager expire 8 lines
12-13 14:25:50.231  3821  3847 I chatty  : uid=1000(system) Binder_1 expire 3 lines
12-13 14:25:50.231  3821  5440 I chatty  : uid=1000(system) WifiService expire 2 lines
12-13 14:25:54.378  3821  5441 I chatty  : uid=1000(system) ConnectivitySer expire 7 lines
12-13 14:27:44.502  3821  5980 I chatty  : uid=1000(system) Binder_7 expire 7 lines
12-13 14:27:44.846 25206 25206 I InCall_sys: Call - update Call_0 call, old state is ACTIVE, new call detail is DISCONNECTING
12-13 14:27:44.847 25206 25206 I InCall_sys: InCallPresenter - onCallListChange oldState= INCALL newState=INCALL switching to INCALL
12-13 14:27:44.862  3821 25662 I chatty  : uid=1000 system_server expire 4 lines
12-13 14:27:44.870 25206 25206 I InCall_sys: Call - update Call_0 call, old state is DISCONNECTING, new call detail is DISCONNECTING
12-13 14:27:44.871  3821  5509 I chatty  : uid=1000(system) Binder_3 expire 45 lines
12-13 14:27:44.887 25206 25206 I InCall_sys: Call - update Call_0 call, old state is DISCONNECTING, new call detail is DISCONNECTED
