12-14 01:46:16.198  3821  5979 W ActivityManager: Permission Denial: Accessing service ComponentInfo{com.google.android.music/com.google.android.music.dial.DialMediaRouteProviderService} from pid=13103, uid=10103 that is not exported from uid 10080
12-14 01:46:16.305 12830 12830 W ContextImpl: Calling a method in the system process without a qualified user: android.app.ContextImpl.startService:1231 android.content.ContextWrapper.startService:591 android.content.ContextWrapper.startService:591 com.android.keychain.KeyChainBroadcastReceiver.onReceive:12 android.app.ActivityThread.handleReceiver:2732 
12-14 01:46:16.508  3821  6729 W BroadcastQueueInjector: Unable to launch app ru.yandex.metro/10117 for broadcast Intent { act=android.intent.action.PACKAGE_REMOVED dat=package:com.google.android.apps.docs.editors.slides flg=0x4000010 (has extras) }: process is not permitted to  auto start
12-14 01:46:16.517  3821  3848 W BroadcastQueueInjector: Unable to launch app ru.sberbankmobile/10123 for broadcast Intent { act=android.intent.action.PACKAGE_REMOVED dat=package:com.google.android.apps.docs.editors.slides flg=0x4000010 (has extras) }: process is not permitted to  auto start
12-14 01:46:16.523  3821  3851 W BroadcastQueueInjector: Unable to launch app ru.sberbankmobile/10123 for broadcast Intent { act=android.intent.action.PACKAGE_REMOVED dat=package:com.google.android.apps.docs.editors.slides flg=0x4000010 (has extras) }: process is not permitted to  auto start
12-14 01:46:16.523  3821  3851 W BroadcastQueueInjector: Unable to launch app com.viber.voip/10167 for broadcast Intent { act=android.intent.action.PACKAGE_REMOVED dat=package:com.google.android.apps.docs.editors.slides flg=0x4000010 (has extras) }: process is not permitted to  auto start
12-14 01:46:16.523  3821  3851 W BroadcastQueueInjector: Unable to launch app ru.yandex.yandexnavi/10121 for broadcast Intent { act=android.intent.action.PACKAGE_REMOVED dat=package:com.google.android.apps.docs.editors.slides flg=0x4000010 (has extras) }: process is not permitted to  auto start
12-14 01:46:16.523  3821  3851 W BroadcastQueueInjector: Unable to launch app ru.yandex.yandexnavi/10121 for broadcast Intent { act=android.intent.action.PACKAGE_REMOVED dat=package:com.google.android.apps.docs.editors.slides flg=0x4000010 (has extras) }: process is not permitted to  auto start
12-14 01:46:16.524  3821  3851 W BroadcastQueueInjector: Unable to launch app ru.yandex.yandexbus/10120 for broadcast Intent { act=android.intent.action.PACKAGE_REMOVED dat=package:com.google.android.apps.docs.editors.slides flg=0x4000010 (has extras) }: process is not permitted to  auto start
12-14 01:46:16.524  3821  3851 W BroadcastQueueInjector: Unable to launch app ru.yandex.yandexbus/10120 for broadcast Intent { act=android.intent.action.PACKAGE_REMOVED dat=package:com.google.android.apps.docs.editors.slides flg=0x4000010 (has extras) }: process is not permitted to  auto start
12-14 01:46:16.929  3821  6729 W BroadcastQueueInjector: Unable to launch app ru.yandex.metro/10117 for broadcast Intent { act=android.intent.action.PACKAGE_ADDED dat=package:com.google.android.apps.docs.editors.slides flg=0x4000010 (has extras) }: process is not permitted to  auto start
12-14 01:46:16.940  3821  7240 W BroadcastQueueInjector: Unable to launch app ru.sberbankmobile/10123 for broadcast Intent { act=android.intent.action.PACKAGE_ADDED dat=package:com.google.android.apps.docs.editors.slides flg=0x4000010 (has extras) }: process is not permitted to  auto start
12-14 01:46:16.943  3821  3851 W BroadcastQueueInjector: Unable to launch app ru.sberbankmobile/10123 for broadcast Intent { act=android.intent.action.PACKAGE_ADDED dat=package:com.google.android.apps.docs.editors.slides flg=0x4000010 (has extras) }: process is not permitted to  auto start
12-14 01:46:16.943  3821  3851 W BroadcastQueueInjector: Unable to launch app ru.yandex.yandexnavi/10121 for broadcast Intent { act=android.intent.action.PACKAGE_ADDED dat=package:com.google.android.apps.docs.editors.slides flg=0x4000010 (has extras) }: process is not permitted to  auto start
12-14 01:46:16.943  3821  3851 W BroadcastQueueInjector: Unable to launch app ru.yandex.yandexbus/10120 for broadcast Intent { act=android.intent.action.PACKAGE_ADDED dat=package:com.google.android.apps.docs.editors.slides flg=0x4000010 (has extras) }: process is not permitted to  auto start
12-14 01:46:16.943  3821  3851 W BroadcastQueueInjector: Unable to launch app com.viber.voip/10167 for broadcast Intent { act=android.intent.action.PACKAGE_REPLACED dat=package:com.google.android.apps.docs.editors.slides flg=0x4000010 (has extras) }: process is not permitted to  auto start
12-14 01:46:17.040  3821  6732 I ActivityManager: Start proc 16474:com.google.android.apps.docs.editors.slides/u0a144 for service com.google.android.apps.docs.editors.slides/com.google.android.apps.docs.editors.shared.services.PackageReplacedGcmTaskService
12-14 01:46:17.068  3821  6731 W BroadcastQueueInjector: Unable to launch app ru.yandex.metro/10117 for broadcast Intent { act=android.intent.action.PACKAGE_REPLACED dat=package:com.google.android.apps.docs.editors.slides flg=0x4000010 (has extras) }: process is not permitted to  auto start
12-14 01:46:17.086  3821  5980 W BroadcastQueueInjector: Unable to launch app ru.sberbankmobile/10123 for broadcast Intent { act=android.intent.action.PACKAGE_REPLACED dat=package:com.google.android.apps.docs.editors.slides flg=0x4000010 (has extras) }: process is not permitted to  auto start
12-14 01:46:17.090  3821  3851 W BroadcastQueueInjector: Unable to launch app ru.sberbankmobile/10123 for broadcast Intent { act=android.intent.action.PACKAGE_REPLACED dat=package:com.google.android.apps.docs.editors.slides flg=0x4000010 (has extras) }: process is not permitted to  auto start
12-14 01:46:17.091  3821  3851 W BroadcastQueueInjector: Unable to launch app ru.yandex.yandexnavi/10121 for broadcast Intent { act=android.intent.action.PACKAGE_REPLACED dat=package:com.google.android.apps.docs.editors.slides flg=0x4000010 (has extras) }: process is not permitted to  auto start
12-14 01:46:17.091  3821  3851 W BroadcastQueueInjector: Unable to launch app ru.yandex.yandexbus/10120 for broadcast Intent { act=android.intent.action.PACKAGE_REPLACED dat=package:com.google.android.apps.docs.editors.slides flg=0x4000010 (has extras) }: process is not permitted to  auto start
12-14 01:46:17.092  3821  3851 W BroadcastQueueInjector: Unable to launch app com.google.android.apps.docs.editors.slides/10144 for broadcast Intent { act=android.intent.action.MY_PACKAGE_REPLACED flg=0x4000010 pkg=com.google.android.apps.docs.editors.slides (has extras) }: process is not permitted to  auto start
12-14 01:46:18.497  3821  6731 I miui.security.WakePathChecker: MIUILOG-WAKEPATH pushWakePathWhiteList: userId=0 size=3
12-14 01:46:22.566  3821  5979 I ActivityManager: Killing 12796:com.android.updater/9802 (adj 15): empty #17
12-14 01:46:22.670  3821  5741 D ActivityManager: cleanUpApplicationRecord -- 12796
12-14 01:49:03.281  3821  6729 D WifiService: acquireWifiLockLocked: WifiLock{NlpWifiLock type=2 binder=android.os.BinderProxy@436faa1}
12-14 01:49:03.440  6059  6450 W ContextImpl: Calling a method in the system process without a qualified user: android.app.ContextImpl.sendBroadcast:773 android.content.ContextWrapper.sendBroadcast:406 com.miui.networkassistant.service.tm.TrafficManageService.broadCastDataUsageUpdated:-1 com.miui.networkassistant.service.tm.TrafficManageService$8.onReceive:-1 android.app.LoadedApk$ReceiverDispatcher$Args.run:883 
12-14 01:49:03.456  3821  5435 I ActivityManager: Start proc 18977:com.miui.weather2/u0a37 for broadcast com.miui.weather2/.receiver.ReceiverUpdateWeather
12-14 01:49:04.741  3821  5980 D WifiService: releaseWifiLockLocked: WifiLock{NlpWifiLock type=2 binder=android.os.BinderProxy@436faa1}
12-14 01:49:08.751  3821  6729 I ActivityManager: Killing 13070:com.android.keychain/u999s1000 (adj 15): empty #17
12-14 01:49:08.870  3821  6728 D ActivityManager: cleanUpApplicationRecord -- 13070
12-14 01:51:16.301  3821  5982 W ActivityManager: Killing processes SecurityCenter kill com.miui.networkassistant.shadow at adjustment 0
12-14 01:51:16.301  3821  5982 I ActivityManager: Killing 12748:com.miui.networkassistant.shadow/1000 (adj 0): SecurityCenter kill com.miui.networkassistant.shadow
12-14 01:51:16.332  3821  7240 D ActivityManager: cleanUpApplicationRecord -- 12748
12-14 01:51:16.334  6059  6059 I ActivityThread: Removing dead content provider:android.content.ContentProviderProxy@8011f67
12-14 01:51:30.404  3821  6732 D WifiService: acquireWifiLockLocked: WifiLock{NlpWifiLock type=2 binder=android.os.BinderProxy@5bf4d2}
12-14 01:51:30.551  3821  6738 D WifiService: releaseWifiLockLocked: WifiLock{NlpWifiLock type=2 binder=android.os.BinderProxy@5bf4d2}
12-14 01:54:09.171  3821  6728 I ActivityManager: START u0 {act=android.intent.action.MAIN cat=[android.intent.category.LAUNCHER] flg=0x10200000 cmp=org.newdawn.touchquest/org.newdawn.touchapi.android.TouchActivity bnds=[63,96][255,288] (has extras)} from uid 10023 on display 0
12-14 01:54:09.232  3821  7233 I ActivityManager: Start proc 23596:org.newdawn.touchquest/u0a217 for activity org.newdawn.touchquest/org.newdawn.touchapi.android.TouchActivity
12-14 01:54:09.293  3821  7240 I ActivityManager: Config changes=480 {1.0 250mcc99mnc ru_RU ldltr sw360dp w640dp h340dp 480dpi nrml long land finger -keyb/v/h -nav/h s.61 themeChanged=0 themeChangedFlags=0}
12-14 01:54:09.417  3821  6738 W ActivityManager: Unable to start service Intent { act=com.bda.controller.IControllerService } U=0: not found
12-14 01:54:09.418  3821  5980 W ActivityManager: Unable to start service Intent { act=com.bda.controller.IControllerService } U=0: not found
12-14 01:54:09.572  3821  3857 V WindowManager: Layouts looping: On entry to LockedInner, mPendingLayoutChanges = 0x1
12-14 01:54:09.573  3821  3857 V WindowManager: Layouts looping: after finishPostLayoutPolicyLw, mPendingLayoutChanges = 0x0
12-14 01:54:09.573  3821  3857 V WindowManager: Layouts looping: mLayoutNeeded, mPendingLayoutChanges = 0x1
12-14 01:54:09.574  3821  3857 V WindowManager: Layouts looping: On entry to LockedInner, mPendingLayoutChanges = 0x1
12-14 01:54:09.574  3821  3857 V WindowManager: Layouts looping: after finishPostLayoutPolicyLw, mPendingLayoutChanges = 0x0
12-14 01:54:09.575  3821  3857 V WindowManager: Layouts looping: mLayoutNeeded, mPendingLayoutChanges = 0x1
12-14 01:54:09.587  3821  3857 E WindowManager: Performed 6 layouts in a row. Skipping
12-14 01:54:09.627  3821  3857 I WindowManager: Screen frozen for +363ms due to Window{8d4d51d u0 org.newdawn.touchquest/org.newdawn.touchapi.android.TouchActivity}
12-14 01:54:09.786  5608  5608 W ContextImpl: Calling a method in the system process without a qualified user: android.app.ContextImpl.bindService:1295 android.content.ContextWrapper.bindService:614 android.content.ContextWrapper.bindService:614 miui.maml.elements.MusicController.registerListener:70 miui.maml.elements.MusicControlScreenElement.init:691 
12-14 01:54:09.940  3821  3821 I EntropyMixer: Writing entropy...
12-14 01:54:10.107  5608  5608 W PowerUI : unknown intent: Intent { act=android.intent.action.ACTION_POWER_CONNECTED flg=0x4000010 }
12-14 01:54:10.142  3821  3821 I EntropyMixer: Writing entropy...
12-14 01:54:10.236  5608  5608 W PowerUI : unknown intent: Intent { act=android.intent.action.ACTION_POWER_CONNECTED flg=0x4000010 }
12-14 01:54:10.291  3821  3821 I EntropyMixer: Writing entropy...
12-14 01:54:10.330  5608  5608 W PowerUI : unknown intent: Intent { act=android.intent.action.ACTION_POWER_CONNECTED flg=0x4000010 }
12-14 01:54:10.474  3821  3821 I EntropyMixer: Writing entropy...
12-14 01:54:10.513  5608  5608 W PowerUI : unknown intent: Intent { act=android.intent.action.ACTION_POWER_CONNECTED flg=0x4000010 }
12-14 01:54:10.580 10948 10948 W ContextImpl: Calling a method in the system process without a qualified user: android.app.ContextImpl.startService:1231 android.content.ContextWrapper.startService:591 android.content.ContextWrapper.startService:591 com.android.settings.MiuiSettingsReceiver.onReceive:185 android.app.ActivityThread.handleReceiver:2732 
12-14 01:54:10.604 10948 23770 W ContextImpl: Calling a method in the system process without a qualified user: android.app.ContextImpl.bindService:1295 android.content.ContextWrapper.bindService:614 miui.analytics.Analytics.endSession:120 com.android.settings.analytics.AnalyticService.onHandleIntent:106 android.app.IntentService$ServiceHandler.handleMessage:66 
12-14 01:54:10.606 10948 10948 W ContextImpl: Calling a method in the system process without a qualified user: android.app.ContextImpl.startService:1231 android.content.ContextWrapper.startService:591 android.content.ContextWrapper.startService:591 com.android.settings.AnalyticsReceiver.onReceive:24 android.app.ActivityThread.handleReceiver:2732 
12-14 01:54:10.613 10948 23770 W ContextImpl: Calling a method in the system process without a qualified user: android.app.ContextImpl.bindService:1295 android.content.ContextWrapper.bindService:614 miui.analytics.Analytics.endSession:120 com.android.settings.analytics.AnalyticService.onHandleIntent:106 android.app.IntentService$ServiceHandler.handleMessage:66 
12-14 01:54:10.658 10948 10948 W ContextImpl: Calling a method in the system process without a qualified user: android.app.ContextImpl.startService:1231 android.content.ContextWrapper.startService:591 android.content.ContextWrapper.startService:591 com.android.settings.MiuiSettingsReceiver.onReceive:185 android.app.ActivityThread.handleReceiver:2732 
12-14 01:54:10.663 10948 10948 W ContextImpl: Calling a method in the system process without a qualified user: android.app.ContextImpl.startService:1231 android.content.ContextWrapper.startService:591 android.content.ContextWrapper.startService:591 com.android.settings.AnalyticsReceiver.onReceive:24 android.app.ActivityThread.handleReceiver:2732 
12-14 01:54:10.663 10948 23771 W ContextImpl: Calling a method in the system process without a qualified user: android.app.ContextImpl.bindService:1295 android.content.ContextWrapper.bindService:614 miui.analytics.Analytics.endSession:120 com.android.settings.analytics.AnalyticService.onHandleIntent:106 android.app.IntentService$ServiceHandler.handleMessage:66 
12-14 01:54:10.669 10948 23771 W ContextImpl: Calling a method in the system process without a qualified user: android.app.ContextImpl.bindService:1295 android.content.ContextWrapper.bindService:614 miui.analytics.Analytics.endSession:120 com.android.settings.analytics.AnalyticService.onHandleIntent:106 android.app.IntentService$ServiceHandler.handleMessage:66 
12-14 01:54:11.300  3821  3821 I EntropyMixer: Writing entropy...
12-14 01:54:11.415 10948 10948 W ContextImpl: Calling a method in the system process without a qualified user: android.app.ContextImpl.startService:1231 android.content.ContextWrapper.startService:591 android.content.ContextWrapper.startService:591 com.android.settings.MiuiSettingsReceiver.onReceive:185 android.app.ActivityThread.handleReceiver:2732 
12-14 01:54:11.425  5608  5608 W PowerUI : unknown intent: Intent { act=android.intent.action.ACTION_POWER_CONNECTED flg=0x4000010 }
12-14 01:54:11.477 10948 10948 W ContextImpl: Calling a method in the system process without a qualified user: android.app.ContextImpl.startService:1231 android.content.ContextWrapper.startService:591 android.content.ContextWrapper.startService:591 com.android.settings.AnalyticsReceiver.onReceive:24 android.app.ActivityThread.handleReceiver:2732 
12-14 01:54:11.492 10948 23807 W ContextImpl: Calling a method in the system process without a qualified user: android.app.ContextImpl.bindService:1295 android.content.ContextWrapper.bindService:614 miui.analytics.Analytics.endSession:120 com.android.settings.analytics.AnalyticService.onHandleIntent:106 android.app.IntentService$ServiceHandler.handleMessage:66 
12-14 01:54:11.520 10948 10948 W ContextImpl: Calling a method in the system process without a qualified user: android.app.ContextImpl.startService:1231 android.content.ContextWrapper.startService:591 android.content.ContextWrapper.startService:591 com.android.settings.MiuiSettingsReceiver.onReceive:185 android.app.ActivityThread.handleReceiver:2732 
12-14 01:54:11.523 10948 23807 W ContextImpl: Calling a method in the system process without a qualified user: android.app.ContextImpl.bindService:1295 android.content.ContextWrapper.bindService:614 miui.analytics.Analytics.endSession:120 com.android.settings.analytics.AnalyticService.onHandleIntent:106 android.app.IntentService$ServiceHandler.handleMessage:66 
12-14 01:54:11.529 10948 10948 W ContextImpl: Calling a method in the system process without a qualified user: android.app.ContextImpl.startService:1231 android.content.ContextWrapper.startService:591 android.content.ContextWrapper.startService:591 com.android.settings.AnalyticsReceiver.onReceive:24 android.app.ActivityThread.handleReceiver:2732 
12-14 01:54:11.531 10948 23807 W ContextImpl: Calling a method in the system process without a qualified user: android.app.ContextImpl.bindService:1295 android.content.ContextWrapper.bindService:614 miui.analytics.Analytics.endSession:120 com.android.settings.analytics.AnalyticService.onHandleIntent:106 android.app.IntentService$ServiceHandler.handleMessage:66 
12-14 01:54:11.541 10948 23807 W ContextImpl: Calling a method in the system process without a qualified user: android.app.ContextImpl.bindService:1295 android.content.ContextWrapper.bindService:614 miui.analytics.Analytics.endSession:120 com.android.settings.analytics.AnalyticService.onHandleIntent:106 android.app.IntentService$ServiceHandler.handleMessage:66 
12-14 01:54:12.536  3821  4634 D BaseMiuiPhoneWindowManager: keyCode:3 down:true 161091707 161091707 policyFlags=22000002 deviceId:9 isScreenOn:true
12-14 01:54:12.537  3821  4634 D WindowManager: keyguardActive=false
12-14 01:54:12.643  3821  4634 D BaseMiuiPhoneWindowManager: keyCode:3 down:false 161091815 161091707 policyFlags=22000002 deviceId:9 isScreenOn:true
12-14 01:54:12.643  3821  4634 D WindowManager: keyguardActive=false
12-14 01:54:12.656  3821  4633 I ActivityManager: START u0 {act=android.intent.action.MAIN cat=[android.intent.category.HOME] flg=0x10200000 cmp=com.miui.home/.launcher.Launcher (has extras)} from uid 1000 on display 0
12-14 01:54:12.675  3821  4633 E ActivityManager: Invalid thumbnail dimensions: 0x0
12-14 01:54:12.726  3821  6738 I ActivityManager: Config changes=480 {1.0 250mcc99mnc ru_RU ldltr sw360dp w360dp h620dp 480dpi nrml long port finger -keyb/v/h -nav/h s.62 themeChanged=0 themeChangedFlags=0}
12-14 01:54:12.751  3821  4634 D BaseMiuiPhoneWindowManager: keyCode:3 down:true 161091923 161091923 policyFlags=22000002 deviceId:9 isScreenOn:true
12-14 01:54:12.752  3821  4634 D WindowManager: keyguardActive=false
12-14 01:54:12.796  3821  4634 D BaseMiuiPhoneWindowManager: keyCode:3 down:false 161091967 161091923 policyFlags=22000002 deviceId:9 isScreenOn:true
12-14 01:54:12.796  3821  4634 D WindowManager: keyguardActive=false
12-14 01:54:12.911  5608  5608 W ContextImpl: Calling a method in the system process without a qualified user: android.app.ContextImpl.bindService:1295 android.content.ContextWrapper.bindService:614 android.content.ContextWrapper.bindService:614 miui.maml.elements.MusicController.registerListener:70 miui.maml.elements.MusicControlScreenElement.init:691 
12-14 01:54:13.129  3821  3857 I WindowManager: Screen frozen for +442ms due to Window{4e29711 u0 com.android.systemui.ImageWallpaper}
12-14 01:54:13.149  3821  4633 I ActivityManager: START u0 {act=android.intent.action.MAIN cat=[android.intent.category.HOME] flg=0x10200000 cmp=com.miui.home/.launcher.Launcher (has extras)} from uid 1000 on display 0
12-14 01:54:13.618  3821  4634 D BaseMiuiPhoneWindowManager: keyCode:82 down:true 161092790 161092790 policyFlags=22000002 deviceId:9 isScreenOn:true
12-14 01:54:13.618  3821  4634 D WindowManager: keyguardActive=false
12-14 01:54:13.736  3821  4634 D BaseMiuiPhoneWindowManager: keyCode:82 down:false 161092907 161092790 policyFlags=22000002 deviceId:9 isScreenOn:true
12-14 01:54:13.736  3821  4634 D WindowManager: keyguardActive=false
12-14 01:54:13.749  5608  5726 W ContextImpl: Calling a method in the system process without a qualified user: android.app.ContextImpl.bindService:1295 android.content.ContextWrapper.bindService:614 com.xiaomi.mistatistic.sdk.controller.LocalEventRecorder.a:90 com.xiaomi.mistatistic.sdk.controller.LocalEventRecorder.b:70 com.xiaomi.mistatistic.sdk.controller.LocalEventRecorder.a:25 
12-14 01:54:14.421  3821  6731 W ActivityManager: Unbind failed: could not find connection for android.os.BinderProxy@5d9e286
12-14 01:54:14.426  3821  5979 W ActivityManager: Killing processes RecentTasksManager at adjustment 9
12-14 01:54:14.426  3821  5979 I ActivityManager: Killing 23596:org.newdawn.touchquest/u0a217 (adj 9): RecentTasksManager
12-14 01:54:14.529  3821  5980 I WindowState: WIN DEATH: Window{8d4d51d u0 org.newdawn.touchquest/org.newdawn.touchapi.android.TouchActivity}
12-14 01:54:14.529  3821  7233 D ActivityManager: cleanUpApplicationRecord -- 23596
12-14 01:54:14.973  3821  4634 D BaseMiuiPhoneWindowManager: keyCode:3 down:true 161094144 161094144 policyFlags=22000002 deviceId:9 isScreenOn:true
12-14 01:54:14.973  3821  4634 D WindowManager: keyguardActive=false
12-14 01:54:15.063  3821  4634 D BaseMiuiPhoneWindowManager: keyCode:3 down:false 161094234 161094144 policyFlags=22000002 deviceId:9 isScreenOn:true
12-14 01:54:15.063  3821  4634 D WindowManager: keyguardActive=false
12-14 01:54:15.080  3821  4633 I ActivityManager: START u0 {act=android.intent.action.MAIN cat=[android.intent.category.HOME] flg=0x10200000 cmp=com.miui.home/.launcher.Launcher (has extras)} from uid 1000 on display 0
12-14 01:54:15.117  3821  4634 D BaseMiuiPhoneWindowManager: keyCode:3 down:true 161094289 161094289 policyFlags=22000002 deviceId:9 isScreenOn:true
12-14 01:54:15.118  3821  4634 D WindowManager: keyguardActive=false
12-14 01:54:15.218  3821  4634 D BaseMiuiPhoneWindowManager: keyCode:3 down:false 161094389 161094289 policyFlags=22000002 deviceId:9 isScreenOn:true
12-14 01:54:15.218  3821  4634 D WindowManager: keyguardActive=false
12-14 01:54:15.226  3821  4633 I ActivityManager: START u0 {act=android.intent.action.MAIN cat=[android.intent.category.HOME] flg=0x10200000 cmp=com.miui.home/.launcher.Launcher (has extras)} from uid 1000 on display 0
12-14 01:54:15.272  3821  4634 D BaseMiuiPhoneWindowManager: keyCode:3 down:true 161094444 161094444 policyFlags=22000002 deviceId:9 isScreenOn:true
12-14 01:54:15.273  3821  4634 D WindowManager: keyguardActive=false
12-14 01:54:15.317  3821  4634 D BaseMiuiPhoneWindowManager: keyCode:3 down:false 161094488 161094444 policyFlags=22000002 deviceId:9 isScreenOn:true
12-14 01:54:15.317  3821  4634 D WindowManager: keyguardActive=false
12-14 01:54:15.330  3821  4633 I ActivityManager: START u0 {act=android.intent.action.MAIN cat=[android.intent.category.HOME] flg=0x10200000 cmp=com.miui.home/.launcher.Launcher (has extras)} from uid 1000 on display 0
12-14 01:54:18.386  3821  6687 I ActivityManager: START u0 {act=android.intent.action.MAIN cat=[android.intent.category.LAUNCHER] flg=0x10200000 cmp=com.google.android.apps.translate/.TranslateActivity bnds=[317,684][509,876] (has extras)} from uid 10023 on display 0
12-14 01:54:18.424  3821  5663 I ActivityManager: Start proc 23946:com.google.android.apps.translate/u0a135 for activity com.google.android.apps.translate/.TranslateActivity
12-14 01:54:18.630  3821  3848 D CryptdConnector: SND -> {200 cryptfs cryptocomplete}
12-14 01:54:18.630   405   415 I Ext4Crypt: ext4 crypto complete called on /data
12-14 01:54:18.631   405   415 I Ext4Crypt: No master key, so not ext4enc
12-14 01:54:18.631  3821  4638 D CryptdConnector: RCV <- {200 200 0}
12-14 01:54:18.631  3821  3848 D CryptdConnector: SND -> {201 cryptfs getpwtype}
12-14 01:54:18.632   405   415 D VoldCryptCmdListener: cryptfs getpwtype
12-14 01:54:18.632   405   415 I Ext4Crypt: ext4 crypto complete called on /data
12-14 01:54:18.632   405   415 I Ext4Crypt: No master key, so not ext4enc
12-14 01:54:18.632  3821  4638 D CryptdConnector: RCV <- {213 201 default}
12-14 01:54:20.920  3821  5663 I ActivityManager: START u0 {flg=0x10000 cmp=com.google.android.apps.translate/.inputs.KeyboardHandwritingActivity (has extras)} from uid 10135 on display 0
12-14 01:54:20.970  3821  7240 I ActivityManager: Start proc 24178:com.google.android.tts/u0a59 for service com.google.android.tts/.service.GoogleTTSService
12-14 01:54:21.780  3821  6729 I WindowManager: input method visible height changed 660
12-14 01:54:30.400  3821  4634 D BaseMiuiPhoneWindowManager: keyCode:26 down:true 161109571 161109571 policyFlags=22000000 deviceId:3 isScreenOn:true
12-14 01:54:30.400  3821  4634 D WindowManager: keyguardActive=false
12-14 01:54:30.546  3821  4634 D BaseMiuiPhoneWindowManager: keyCode:26 down:false 161109718 161109571 policyFlags=22000000 deviceId:3 isScreenOn:true
12-14 01:54:30.546  3821  4634 D WindowManager: keyguardActive=false
12-14 01:54:30.547  3821  4634 I PowerManagerService: Going to sleep due to power button (uid 1000)...
12-14 01:54:30.548  3821  3821 I WindowManager: Started going to sleep... (why=2)
12-14 01:54:30.670  3821  3859 I WindowManager: Screen turned off...
12-14 01:54:30.676  3821  3859 E ActivityManager: Invalid thumbnail dimensions: 0x0
12-14 01:54:30.691  5608  5608 W ContextImpl: Calling a method in the system process without a qualified user: android.app.ContextImpl.bindService:1295 android.content.ContextWrapper.bindService:614 android.content.ContextWrapper.bindService:614 miui.maml.elements.MusicController.registerListener:70 miui.maml.elements.MusicControlScreenElement.init:691 
12-14 01:54:30.791  3821  3859 W ContextImpl: Calling a method in the system process without a qualified user: android.app.ContextImpl.startService:1231 com.android.server.policy.BaseMiuiPhoneWindowManager.startCameraProcess:439 com.android.server.policy.BaseMiuiPhoneWindowManager.screenTurnedOff:432 com.android.server.display.DisplayPowerController.setScreenState:803 com.android.server.display.DisplayPowerController.animateScreenStateChange:921 
12-14 01:54:30.811  3821  3859 I ActivityManager: Start proc 24386:com.android.camera/u0a21 for service com.android.camera/.EmptyService
12-14 01:54:30.838  3821  5477 D LocalDisplayAdapter: setDisplayState(id=0, state=OFF)
12-14 01:54:30.839  3821  3857 I DisplayManagerService: Display device changed state: " ", OFF
12-14 01:54:31.123  3821  3859 W DreamManagerService: Dream ComponentInfo{com.android.systemui/com.android.systemui.doze.DozeService} does not exist
12-14 01:54:31.123  3821  3859 I PowerManagerService: Sleeping (uid 1000)...
12-14 01:54:31.123  3821  3821 I WindowManager: Finished going to sleep... (why=2)
12-14 01:54:31.748  3821  3821 V LocationPolicy: Screen state changed
12-14 01:54:31.934  3821  3848 I ActivityManager: Start proc 24417:com.xiaomi.discover:proguard/u0a71 for service com.xiaomi.discover/com.xiaomi.market.service.SelfUpdateService
12-14 01:54:33.287  3821  5979 I ActivityManager: Killing 13103:com.google.android.youtube/u0a103 (adj 15): empty #17
12-14 01:54:33.453  3821  6728 D ConnectivityService: ConnectivityService NetworkRequestInfo binderDied(NetworkRequest [ id=216, legacyType=-1, [ Capabilities: INTERNET&NOT_RESTRICTED&TRUSTED] ], android.os.BinderProxy@884adf2)
12-14 01:54:33.454  3821  6732 D ActivityManager: cleanUpApplicationRecord -- 13103
12-14 01:54:33.458  3821  5441 D ConnectivityService: releasing NetworkRequest NetworkRequest [ id=216, legacyType=-1, [ Capabilities: INTERNET&NOT_RESTRICTED&TRUSTED] ]
12-14 01:54:33.462  3821  5441 E ConnectivityService: RemoteException caught trying to send a callback msg for NetworkRequest [ id=216, legacyType=-1, [ Capabilities: INTERNET&NOT_RESTRICTED&TRUSTED] ]
12-14 01:55:03.314  3821  3847 D WifiService: acquireWifiLockLocked: WifiLock{NlpWifiLock type=2 binder=android.os.BinderProxy@41cad9}
12-14 01:55:04.094  3821  6738 I ActivityManager: Start proc 24934:com.google.android.apps.photos:CameraShortcut/u0a89 for service com.google.android.apps.photos/.camerashortcut.CameraShortcutServiceImpl
12-14 01:55:04.781  3821  5509 D WifiService: releaseWifiLockLocked: WifiLock{NlpWifiLock type=2 binder=android.os.BinderProxy@41cad9}
12-14 01:55:11.391  3821  6729 I ActivityManager: Killing 13340:com.google.android.talk/u0a62 (adj 15): empty #17
12-14 01:55:11.525  3821  7233 D ActivityManager: cleanUpApplicationRecord -- 13340
12-14 01:55:30.601  3821  3850 I UsageStatsServiceInjector: appIdleParoleOn=true
12-14 01:57:24.069  3821  3847 I ActivityManager: Start proc 27022:com.miui.gallery/u0a22 for content provider com.miui.gallery/.provider.GalleryProvider
12-14 01:57:24.157  3821  3850 I ActivityManager: Start proc 27034:com.whatsapp/u0a163 for service com.whatsapp/.contact.sync.ContactsSyncAdapterService
12-14 01:57:24.430 27034 27034 D ActivityThread: Loading provider com.whatsapp.provider.contact: com.whatsapp.contact.ContactProvider
12-14 01:57:24.707  3821  5741 I ActivityManager: Killing 12830:com.android.keychain/1000 (adj 15): empty #17
12-14 01:57:24.735  3821  6728 D ActivityManager: cleanUpApplicationRecord -- 12830
12-14 01:57:24.992  3821  6738 I ActivityManager: Start proc 27112:com.android.soundrecorder/u0a94 for content provider com.android.soundrecorder/.data.RecorderProvider
12-14 01:57:25.056  3821  3850 I AutoStartManagerService: MIUILOG- Reject service :Intent { act=android.content.SyncAdapter cmp=com.evernote/.sync.SystemSyncService (has extras) } userId : 0 uid : 10116
12-14 01:57:25.261  3821  7240 I ActivityManager: Killing 12931:com.google.android.partnersetup/u0a16 (adj 15): empty #17
12-14 01:57:25.288  3821  5741 I ActivityManager: Start proc 27140:com.android.soundrecorder:remote/u0a94 for service com.android.soundrecorder/.RecorderService
12-14 01:57:25.289  3821  5979 D ActivityManager: cleanUpApplicationRecord -- 12931
12-14 01:57:25.485  3821  3848 I ActivityManager: Killing 12782:com.xiaomi.providers.appindex/u0a40 (adj 15): empty #17
12-14 01:57:25.522  3821  5741 I ActivityManager: Killing 12890:com.google.android.apps.docs/u0a52 (adj 15): empty #17
12-14 01:57:25.569  3821  6729 D ActivityManager: cleanUpApplicationRecord -- 12782
12-14 01:57:25.589  3821  5663 D ActivityManager: cleanUpApplicationRecord -- 12890
12-14 01:57:40.851  3821  3851 I ActivityManager: Waited long enough for: ServiceRecord{275edeb u0 com.whatsapp/.messaging.MessageService}
12-14 02:00:42.254  3821  3850 I UsageStatsService: User[0] Flushing usage stats to disk
12-14 02:00:44.499  3821  3851 I ProcessStatsService: Prepared write state in 15ms
12-14 02:00:44.510  3821  3851 I ProcessStatsService: Prepared write state in 9ms
12-14 02:00:50.223  3821  3859 I PowerManagerService: Waking up from sleep (uid 1000)...
12-14 02:00:50.223  3821  3859 D PowerManagerService: waking up from opPackageName = android reason is android.server.power:POWER opUid = 1000
12-14 02:00:50.311  3821  3821 I WindowManager: Started waking up...
12-14 02:00:50.325  3821  3859 I DisplayPowerController: Blocking screen on until initial contents have been drawn.
12-14 02:00:50.326  3821  3859 I WindowManager: Screen turning on...
12-14 02:00:50.368  3821  3821 I EntropyMixer: Writing entropy...
12-14 02:00:50.384  5608  7311 W ContextImpl: Calling a method in the system process without a qualified user: android.app.ContextImpl.bindService:1295 android.content.ContextWrapper.bindService:614 com.xiaomi.mistatistic.sdk.controller.LocalEventRecorder.a:90 com.xiaomi.mistatistic.sdk.controller.LocalEventRecorder.b:70 com.xiaomi.mistatistic.sdk.controller.LocalEventRecorder.a:25 
12-14 02:00:50.463  3821  5477 D LocalDisplayAdapter: setDisplayState(id=0, state=ON)
12-14 02:00:50.464  3821  3857 I DisplayManagerService: Display device changed state: " ", ON
12-14 02:00:50.573  5608  5608 W PowerUI : unknown intent: Intent { act=android.intent.action.ACTION_POWER_CONNECTED flg=0x4000010 }
12-14 02:00:50.737  3821  3850 I UsageStatsServiceInjector: appIdleParoleOn=false
12-14 02:00:50.764  3821  3821 D ProximitySensorWrapper: proximity distance: 5.000305
12-14 02:00:50.765  3821  3847 D WindowManager: mKeyguardDelegate.ShowListener.onDrawn.
12-14 02:00:50.765  3821  3852 W WindowManager: Setting mKeyguardDrawComplete
12-14 02:00:50.766  3821  3852 I WindowManager: Waiting for drawn Window{acf71e u0 com.google.android.apps.translate/com.google.android.apps.translate.TranslateActivity}: removed=false visible=true mHasSurface=true drawState=1
12-14 02:00:50.766  3821  3852 I WindowManager: Waiting for drawn Window{b5dbb3d u0 com.google.android.apps.translate/com.google.android.apps.translate.inputs.KeyboardHandwritingActivity}: removed=false visible=true mHasSurface=true drawState=1
12-14 02:00:50.766  3821  3852 I WindowManager: Waiting for drawn Window{c6592ea u0 Keyguard}: removed=false visible=true mHasSurface=true drawState=1
12-14 02:00:50.768  3821  3857 I WindowManager: Waiting for drawn Window{acf71e u0 com.google.android.apps.translate/com.google.android.apps.translate.TranslateActivity}: removed=false visible=true mHasSurface=true drawState=1
12-14 02:00:50.768  3821  3857 I WindowManager: Waiting for drawn Window{b5dbb3d u0 com.google.android.apps.translate/com.google.android.apps.translate.inputs.KeyboardHandwritingActivity}: removed=false visible=true mHasSurface=true drawState=1
12-14 02:00:50.768  3821  3857 I WindowManager: Waiting for drawn Window{c6592ea u0 Keyguard}: removed=false visible=true mHasSurface=true drawState=1
12-14 02:00:50.800  3821  5979 I WindowManager: Waiting for drawn Window{acf71e u0 com.google.android.apps.translate/com.google.android.apps.translate.TranslateActivity}: removed=false visible=true mHasSurface=true drawState=1
12-14 02:00:50.800  3821  5979 I WindowManager: Waiting for drawn Window{b5dbb3d u0 com.google.android.apps.translate/com.google.android.apps.translate.inputs.KeyboardHandwritingActivity}: removed=false visible=true mHasSurface=true drawState=1
12-14 02:00:50.800  3821  5979 I WindowManager: Waiting for drawn Window{c6592ea u0 Keyguard}: removed=false visible=true mHasSurface=true drawState=1
12-14 02:00:50.805  3821  5979 I WindowManager: Waiting for drawn Window{acf71e u0 com.google.android.apps.translate/com.google.android.apps.translate.TranslateActivity}: removed=false visible=true mHasSurface=true drawState=1
12-14 02:00:50.805  3821  5979 I WindowManager: Waiting for drawn Window{b5dbb3d u0 com.google.android.apps.translate/com.google.android.apps.translate.inputs.KeyboardHandwritingActivity}: removed=false visible=true mHasSurface=true drawState=1
12-14 02:00:50.805  3821  5979 I WindowManager: Waiting for drawn Window{c6592ea u0 Keyguard}: removed=false visible=true mHasSurface=true drawState=1
12-14 02:00:50.809  3821  3857 I WindowManager: Waiting for drawn Window{acf71e u0 com.google.android.apps.translate/com.google.android.apps.translate.TranslateActivity}: removed=false visible=true mHasSurface=true drawState=1
12-14 02:00:50.810  3821  3857 I WindowManager: Waiting for drawn Window{b5dbb3d u0 com.google.android.apps.translate/com.google.android.apps.translate.inputs.KeyboardHandwritingActivity}: removed=false visible=true mHasSurface=true drawState=1
12-14 02:00:50.810  3821  3857 I WindowManager: Waiting for drawn Window{c6592ea u0 Keyguard}: removed=false visible=true mHasSurface=true drawState=1
12-14 02:00:50.812  3821  3821 I EntropyMixer: Writing entropy...
12-14 02:00:50.814  3821  3857 I WindowManager: Waiting for drawn Window{acf71e u0 com.google.android.apps.translate/com.google.android.apps.translate.TranslateActivity}: removed=false visible=true mHasSurface=true drawState=3
12-14 02:00:50.814  3821  3857 I WindowManager: Waiting for drawn Window{b5dbb3d u0 com.google.android.apps.translate/com.google.android.apps.translate.inputs.KeyboardHandwritingActivity}: removed=false visible=true mHasSurface=true drawState=1
12-14 02:00:50.814  3821  3857 I WindowManager: Waiting for drawn Window{c6592ea u0 Keyguard}: removed=false visible=true mHasSurface=true drawState=1
12-14 02:00:50.818  3821  3857 I WindowManager: Waiting for drawn Window{acf71e u0 com.google.android.apps.translate/com.google.android.apps.translate.TranslateActivity}: removed=false visible=true mHasSurface=true drawState=4
12-14 02:00:50.818  3821  3857 D WindowManager: Window drawn win=Window{acf71e u0 com.google.android.apps.translate/com.google.android.apps.translate.TranslateActivity}
12-14 02:00:50.818  3821  3857 I WindowManager: Waiting for drawn Window{b5dbb3d u0 com.google.android.apps.translate/com.google.android.apps.translate.inputs.KeyboardHandwritingActivity}: removed=false visible=true mHasSurface=true drawState=1
12-14 02:00:50.818  3821  3857 I WindowManager: Waiting for drawn Window{c6592ea u0 Keyguard}: removed=false visible=true mHasSurface=true drawState=1
12-14 02:00:50.821  3821  3857 I WindowManager: Waiting for drawn Window{b5dbb3d u0 com.google.android.apps.translate/com.google.android.apps.translate.inputs.KeyboardHandwritingActivity}: removed=false visible=true mHasSurface=true drawState=1
12-14 02:00:50.821  3821  3857 I WindowManager: Waiting for drawn Window{c6592ea u0 Keyguard}: removed=false visible=true mHasSurface=true drawState=1
12-14 02:00:50.846  3821  3857 I WindowManager: Waiting for drawn Window{b5dbb3d u0 com.google.android.apps.translate/com.google.android.apps.translate.inputs.KeyboardHandwritingActivity}: removed=false visible=true mHasSurface=true drawState=3
12-14 02:00:50.846  3821  3857 I WindowManager: Waiting for drawn Window{c6592ea u0 Keyguard}: removed=false visible=true mHasSurface=true drawState=1
12-14 02:00:50.850  3821  3857 I WindowManager: Waiting for drawn Window{b5dbb3d u0 com.google.android.apps.translate/com.google.android.apps.translate.inputs.KeyboardHandwritingActivity}: removed=false visible=true mHasSurface=true drawState=4
12-14 02:00:50.850  3821  3857 D WindowManager: Window drawn win=Window{b5dbb3d u0 com.google.android.apps.translate/com.google.android.apps.translate.inputs.KeyboardHandwritingActivity}
12-14 02:00:50.850  3821  3857 I WindowManager: Waiting for drawn Window{c6592ea u0 Keyguard}: removed=false visible=true mHasSurface=true drawState=1
12-14 02:00:50.870  3821  3857 I WindowManager: Waiting for drawn Window{c6592ea u0 Keyguard}: removed=false visible=true mHasSurface=true drawState=1
12-14 02:00:50.918  5608  5608 W PowerUI : unknown intent: Intent { act=android.intent.action.ACTION_POWER_CONNECTED flg=0x4000010 }
12-14 02:00:51.017  3821  3857 I WindowManager: Waiting for drawn Window{c6592ea u0 Keyguard}: removed=false visible=true mHasSurface=true drawState=1
12-14 02:00:51.032  3821  3857 I WindowManager: Waiting for drawn Window{c6592ea u0 Keyguard}: removed=false visible=true mHasSurface=true drawState=4
12-14 02:00:51.032  3821  3857 D WindowManager: Window drawn win=Window{c6592ea u0 Keyguard}
12-14 02:00:51.032  3821  3857 D WindowManager: All windows drawn!
12-14 02:00:51.040  3821  3857 I WindowManager: All windows ready for display!
12-14 02:00:51.040  3821  3852 W WindowManager: Setting mWindowManagerDrawComplete
12-14 02:00:51.045  3821  3852 D WindowManager: finishScreenTurningOn: mAwake=true, mScreenOnEarly=true, mScreenOnFully=false, mKeyguardDrawComplete=true, mWindowManagerDrawComplete=true
12-14 02:00:51.045  3821  3852 I WindowManager: Finished screen turning on...
12-14 02:00:51.045  3821  3859 I DisplayPowerController: Unblocked screen on after 720 ms
12-14 02:00:51.049  3821  3821 I WindowManager: Finished waking up...
12-14 02:00:51.056  6135  6135 W ContextImpl: Calling a method in the system process without a qualified user: android.app.ContextImpl.sendBroadcast:773 android.content.ContextWrapper.sendBroadcast:406 com.miui.powercenter.provider.PowerSaveService.kK:-1 com.miui.powercenter.provider.PowerSaveService.c:-1 com.miui.powercenter.provider.e.onReceive:-1 
12-14 02:00:51.092  3821  3821 V LocationPolicy: Screen state changed
12-14 02:00:51.180 10948 10948 W ContextImpl: Calling a method in the system process without a qualified user: android.app.ContextImpl.startService:1231 android.content.ContextWrapper.startService:591 android.content.ContextWrapper.startService:591 com.android.settings.MiuiSettingsReceiver.onReceive:185 android.app.ActivityThread.handleReceiver:2732 
12-14 02:00:51.189 10948 10948 W ContextImpl: Calling a method in the system process without a qualified user: android.app.ContextImpl.startService:1231 android.content.ContextWrapper.startService:591 android.content.ContextWrapper.startService:591 com.android.settings.AnalyticsReceiver.onReceive:24 android.app.ActivityThread.handleReceiver:2732 
12-14 02:00:51.189 10948 30412 W ContextImpl: Calling a method in the system process without a qualified user: android.app.ContextImpl.bindService:1295 android.content.ContextWrapper.bindService:614 miui.analytics.Analytics.endSession:120 com.android.settings.analytics.AnalyticService.onHandleIntent:106 android.app.IntentService$ServiceHandler.handleMessage:66 
12-14 02:00:51.199 10948 30412 W ContextImpl: Calling a method in the system process without a qualified user: android.app.ContextImpl.bindService:1295 android.content.ContextWrapper.bindService:614 miui.analytics.Analytics.endSession:120 com.android.settings.analytics.AnalyticService.onHandleIntent:106 android.app.IntentService$ServiceHandler.handleMessage:66 
12-14 02:01:00.224  3821  3859 I PowerManagerService: Going to sleep due to screen timeout (uid 1000)...
12-14 02:01:00.225  3821  3821 I WindowManager: Started going to sleep... (why=3)
12-14 02:01:00.319  3821  3859 I WindowManager: Screen turned off...
12-14 02:01:00.325  3821  3859 W ContextImpl: Calling a method in the system process without a qualified user: android.app.ContextImpl.startService:1231 com.android.server.policy.BaseMiuiPhoneWindowManager.startCameraProcess:439 com.android.server.policy.BaseMiuiPhoneWindowManager.screenTurnedOff:432 com.android.server.display.DisplayPowerController.setScreenState:803 com.android.server.display.DisplayPowerController.animateScreenStateChange:921 
12-14 02:01:00.337  3821  5477 D LocalDisplayAdapter: setDisplayState(id=0, state=OFF)
12-14 02:01:00.338  3821  3857 I DisplayManagerService: Display device changed state: " ", OFF
12-14 02:01:00.618  3821  3859 W DreamManagerService: Dream ComponentInfo{com.android.systemui/com.android.systemui.doze.DozeService} does not exist
12-14 02:01:00.618  3821  3859 I PowerManagerService: Sleeping (uid 1000)...
12-14 02:01:00.618  3821  3821 I WindowManager: Finished going to sleep... (why=3)
12-14 02:01:00.674  3821  3821 V LocationPolicy: Screen state changed
12-14 02:01:40.883  3821  3851 I ActivityManager: Start proc 30455:com.tripadvisor.tripadvisor/u0a162 for broadcast com.tripadvisor.tripadvisor/com.tripadvisor.android.lib.tamobile.receivers.LocationReportingRepeatingAlarmReceiver
12-14 02:01:42.345  3821  5509 D WifiService: acquireWifiLockLocked: WifiLock{NlpWifiLock type=2 binder=android.os.BinderProxy@4136c6e}
12-14 02:01:42.370  6123  6123 V UsageStatsLimitReceiver: UsageStatsLimitReceiver has receive the intent
12-14 02:01:42.371  6123  6123 D UsageStatsLimitManager: Range start:2016-12-11-080000
12-14 02:01:42.371  6123  6123 D UsageStatsLimitManager: Range end:2016-12-14-020142
12-14 02:01:42.386 10948 10948 W ContextImpl: Calling a method in the system process without a qualified user: android.app.ContextImpl.startService:1231 android.content.ContextWrapper.startService:591 android.content.ContextWrapper.startService:591 com.android.settings.MiuiSettingsReceiver.onReceive:185 android.app.ActivityThread.handleReceiver:2732 
12-14 02:01:42.408 10948 30501 W ContextImpl: Calling a method in the system process without a qualified user: android.app.ContextImpl.bindService:1295 android.content.ContextWrapper.bindService:614 miui.analytics.Analytics.endSession:120 com.android.settings.analytics.AnalyticService.onHandleIntent:106 android.app.IntentService$ServiceHandler.handleMessage:66 
12-14 02:01:42.410 10948 10948 W ContextImpl: Calling a method in the system process without a qualified user: android.app.ContextImpl.startService:1231 android.content.ContextWrapper.startService:591 android.content.ContextWrapper.startService:591 com.android.settings.AnalyticsReceiver.onReceive:24 android.app.ActivityThread.handleReceiver:2732 
12-14 02:01:42.416 10948 30501 W ContextImpl: Calling a method in the system process without a qualified user: android.app.ContextImpl.bindService:1295 android.content.ContextWrapper.bindService:614 miui.analytics.Analytics.endSession:120 com.android.settings.analytics.AnalyticService.onHandleIntent:106 android.app.IntentService$ServiceHandler.handleMessage:66 
12-14 02:01:42.556  6123  6123 V UsageStatsLimitManager: the force stop application: com.android.browser
12-14 02:01:42.556  6123  6123 V UsageStatsLimitManager: the force stop application: com.comuto
12-14 02:01:42.556  6123  6123 V UsageStatsLimitManager: the force stop application: com.asus.calculator
12-14 02:01:42.557  6123  6123 V UsageStatsLimitManager: the force stop application: mobi.browser.flashfox
12-14 02:01:42.557  6123  6123 V UsageStatsLimitManager: the force stop application: com.google.android.calendar
12-14 02:01:42.558  6123  6123 V UsageStatsLimitManager: the force stop application: com.eclipsim.gpsstatus2
12-14 02:01:42.558  6123  6123 V UsageStatsLimitManager: the force stop application: info.guardianproject.orfox
12-14 02:01:42.559  6123  6123 V UsageStatsLimitManager: the force stop application: com.google.android.apps.docs.editors.docs
12-14 02:01:42.559  6123  6123 V UsageStatsLimitManager: the force stop application: com.google.android.apps.docs.editors.sheets
12-14 02:01:42.560  6123  6123 V UsageStatsLimitManager: the force stop application: com.google.android.apps.docs.editors.slides
12-14 02:01:42.560  6123  6123 V UsageStatsLimitManager: the force stop application: ru.mail.cloud
12-14 02:01:42.561  6123  6123 V UsageStatsLimitManager: the force stop application: net.fdgames.ek.android
12-14 02:01:42.562  6123  6123 V UsageStatsLimitManager: the force stop application: ru.tii.lkk
12-14 02:01:42.562  6123  6123 V UsageStatsLimitManager: the force stop application: com.aide.ui
12-14 02:01:42.563  6123  6123 V UsageStatsLimitManager: the force stop application: com.mygdx.game
12-14 02:01:42.564  6123  6123 V UsageStatsLimitManager: the force stop application: bm.velobike.droid
12-14 02:01:42.565  6123  6123 V UsageStatsLimitManager: the force stop application: com.ea.game.pvzfree_row
12-14 02:01:42.565  6123  6123 V UsageStatsLimitManager: the force stop application: ru.bytemax.vezdehod
12-14 02:01:42.566  6123  6123 V UsageStatsLimitManager: the force stop application: com.ubercab
12-14 02:01:42.567  6123  6123 V UsageStatsLimitManager: the force stop application: com.ghisler.android.TotalCommander
12-14 02:01:42.567  6123  6123 V UsageStatsLimitManager: the force stop application: rhanza.doubleactivity
12-14 02:01:42.568  6123  6123 V UsageStatsLimitManager: the force stop application: ru.yandex.metro
12-14 02:01:42.569  6123  6123 V UsageStatsLimitManager: the force stop application: com.facebook.katana
12-14 02:01:42.570  6123  6123 V UsageStatsLimitManager: the force stop application: com.deliveryclub
12-14 02:01:42.570  6123  6123 V UsageStatsLimitManager: the force stop application: ru.mosreg.ekjp
12-14 02:01:42.571  6123  6123 V UsageStatsLimitManager: the force stop application: net.gymboom
12-14 02:01:42.572  6123  6123 V UsageStatsLimitManager: the force stop application: com.anydo
12-14 02:01:42.572  6123  6123 V UsageStatsLimitManager: the force stop application: com.trello
12-14 02:01:42.573  6123  6123 V UsageStatsLimitManager: the force stop application: alex.taran.opengl
12-14 02:01:42.573  6123  6123 V UsageStatsLimitManager: the force stop application: net.takoli.regexgen
12-14 02:01:42.574  6123  6123 V UsageStatsLimitManager: the force stop application: mobilsapr.armatura
12-14 02:01:42.575  6123  6123 V UsageStatsLimitManager: the force stop application: com.popularapp.abdominalexercise
12-14 02:01:42.576  6123  6123 V UsageStatsLimitManager: the force stop application: com.boyma.mybeamtrial
12-14 02:01:42.576  6123  6123 V UsageStatsLimitManager: the force stop application: ru.geekbrains
12-14 02:01:42.577  6123  6123 V UsageStatsLimitManager: the force stop application: tw.mobileapp.qrcode.banner
12-14 02:01:42.578  6123  6123 V UsageStatsLimitManager: the force stop application: rhanza.sherlock
12-14 02:01:42.579  6123  6123 V UsageStatsLimitManager: the force stop application: yio.tro.antiyoy.android
12-14 02:01:42.580  6123  6123 V UsageStatsLimitManager: the force stop application: com.blizzard.wtcg.hearthstone
12-14 02:01:42.580  6123  6123 V UsageStatsLimitManager: the force stop application: ru.sotnik.metallCalck
12-14 02:01:42.581  6123  6123 V UsageStatsLimitManager: the force stop application: rhanza.rgbcircles
12-14 02:01:42.582  6123  6123 V UsageStatsLimitManager: the force stop application: com.booking
12-14 02:01:42.582  6123  6123 V UsageStatsLimitManager: the force stop application: org.zwanoo.android.speedtest
