12-14 02:01:42.583  6123  6123 V UsageStatsLimitManager: the force stop application: org.torproject.android
12-14 02:01:42.584  6123  6123 V UsageStatsLimitManager: the force stop application: com.mxtech.videoplayer.ad
12-14 02:01:42.585  6123  6123 V UsageStatsLimitManager: the force stop application: com.google.android.play.games
12-14 02:01:42.585  6123  6123 V UsageStatsLimitManager: the force stop application: com.xenris.voronoi
12-14 02:01:42.586  6123  6123 V UsageStatsLimitManager: the force stop application: com.UCMobile.intl
12-14 02:01:42.587  6123  6123 V UsageStatsLimitManager: the force stop application: net.dotpicko.dotpict
12-14 02:01:42.588  6123  6123 V UsageStatsLimitManager: the force stop application: com.wee.boo.unity.sampleassets
12-14 02:01:42.589  6123  6123 V UsageStatsLimitManager: the force stop application: com.aevumsoft.unitconverter
12-14 02:01:42.589  6123  6123 V UsageStatsLimitManager: the force stop application: com.ovelin.guitartuna
12-14 02:01:42.590  6123  6123 V UsageStatsLimitManager: the force stop application: com.google.android.apps.books
12-14 02:01:42.590  6123  6123 V UsageStatsLimitManager: the force stop application: com.onetap.bit8painter
12-14 02:01:42.591  6123  6123 V UsageStatsLimitManager: the force stop application: org.anddev.andengine.examples
12-14 02:01:42.592  6123  6123 V UsageStatsLimitManager: the force stop application: ru.khasang.rgbcircles
12-14 02:01:42.592  6123  6123 V UsageStatsLimitManager: the force stop application: by.papercrowngames.brickit
12-14 02:01:42.593  6123  6123 V UsageStatsLimitManager: the force stop application: com.johnathongoss.libgdxtests
12-14 02:01:42.594  6123  6123 V UsageStatsLimitManager: the force stop application: net.spc.app.pixelarteditor
12-14 02:01:42.594  6123  6123 V UsageStatsLimitManager: the force stop application: com.allgoritm.youla
12-14 02:01:42.595  6123  6123 V UsageStatsLimitManager: the force stop application: com.modelmakertools.simplemindfree
12-14 02:01:42.596  6123  6123 V UsageStatsLimitManager: the force stop application: info.fandroid.mychannel
12-14 02:01:42.596  6123  6123 V UsageStatsLimitManager: the force stop application: com.scee.psxandroid
12-14 02:01:42.597  6123  6123 V UsageStatsLimitManager: the force stop application: com.improvecodingskills.learnandroidprogramming
12-14 02:01:42.598  6123  6123 V UsageStatsLimitManager: the force stop application: com.tinytitanstudios.DashQuest
12-14 02:01:42.599  6123  6123 V UsageStatsLimitManager: the force stop application: com.tripadvisor.tripadvisor
12-14 02:01:42.599  6123  6123 V UsageStatsLimitManager: the force stop application: com.sololearn.csharp
12-14 02:01:42.600  6123  6123 V UsageStatsLimitManager: the force stop application: com.sololearn.cplusplus
12-14 02:01:42.601  6123  6123 V UsageStatsLimitManager: the force stop application: com.utorrent.client
12-14 02:01:42.601  6123  6123 V UsageStatsLimitManager: the force stop application: com.snapchat.android
12-14 02:01:43.315  3821  3859 I PowerManagerService: Waking up from sleep (uid 1000)...
12-14 02:01:43.315  3821  3859 D PowerManagerService: waking up from opPackageName = android reason is android.server.power:POWER opUid = 1000
12-14 02:01:43.361  3821  3859 I DisplayPowerController: Blocking screen on until initial contents have been drawn.
12-14 02:01:43.361  3821  3859 I WindowManager: Screen turning on...
12-14 02:01:43.398  3821  3821 I WindowManager: Started waking up...
12-14 02:01:43.398  3821  3821 I EntropyMixer: Writing entropy...
12-14 02:01:43.406  5608  7311 W ContextImpl: Calling a method in the system process without a qualified user: android.app.ContextImpl.bindService:1295 android.content.ContextWrapper.bindService:614 com.xiaomi.mistatistic.sdk.controller.LocalEventRecorder.a:90 com.xiaomi.mistatistic.sdk.controller.LocalEventRecorder.b:70 com.xiaomi.mistatistic.sdk.controller.LocalEventRecorder.a:25 
12-14 02:01:43.414  3821  5477 D LocalDisplayAdapter: setDisplayState(id=0, state=ON)
12-14 02:01:43.414  3821  3857 I DisplayManagerService: Display device changed state: " ", ON
12-14 02:01:43.529  5608  5608 W PowerUI : unknown intent: Intent { act=android.intent.action.ACTION_POWER_CONNECTED flg=0x4000010 }
12-14 02:01:43.716  3821  3848 D WindowManager: mKeyguardDelegate.ShowListener.onDrawn.
12-14 02:01:43.717  3821  3852 W WindowManager: Setting mKeyguardDrawComplete
12-14 02:01:43.717  3821  3852 I WindowManager: Waiting for drawn Window{acf71e u0 com.google.android.apps.translate/com.google.android.apps.translate.TranslateActivity}: removed=false visible=true mHasSurface=true drawState=1
12-14 02:01:43.717  3821  3852 I WindowManager: Waiting for drawn Window{b5dbb3d u0 com.google.android.apps.translate/com.google.android.apps.translate.inputs.KeyboardHandwritingActivity}: removed=false visible=true mHasSurface=true drawState=1
12-14 02:01:43.717  3821  3852 I WindowManager: Waiting for drawn Window{c6592ea u0 Keyguard}: removed=false visible=true mHasSurface=true drawState=1
12-14 02:01:43.720  3821  3857 I WindowManager: Waiting for drawn Window{acf71e u0 com.google.android.apps.translate/com.google.android.apps.translate.TranslateActivity}: removed=false visible=true mHasSurface=true drawState=1
12-14 02:01:43.720  3821  3857 I WindowManager: Waiting for drawn Window{b5dbb3d u0 com.google.android.apps.translate/com.google.android.apps.translate.inputs.KeyboardHandwritingActivity}: removed=false visible=true mHasSurface=true drawState=1
12-14 02:01:43.720  3821  3857 I WindowManager: Waiting for drawn Window{c6592ea u0 Keyguard}: removed=false visible=true mHasSurface=true drawState=1
12-14 02:01:43.720  3821  3821 D ProximitySensorWrapper: proximity distance: 5.000305
12-14 02:01:43.733  3821  5982 I WindowManager: Waiting for drawn Window{acf71e u0 com.google.android.apps.translate/com.google.android.apps.translate.TranslateActivity}: removed=false visible=true mHasSurface=true drawState=1
12-14 02:01:43.733  3821  5982 I WindowManager: Waiting for drawn Window{b5dbb3d u0 com.google.android.apps.translate/com.google.android.apps.translate.inputs.KeyboardHandwritingActivity}: removed=false visible=true mHasSurface=true drawState=1
12-14 02:01:43.733  3821  5982 I WindowManager: Waiting for drawn Window{c6592ea u0 Keyguard}: removed=false visible=true mHasSurface=true drawState=1
12-14 02:01:43.739  3821  5982 I WindowManager: Waiting for drawn Window{acf71e u0 com.google.android.apps.translate/com.google.android.apps.translate.TranslateActivity}: removed=false visible=true mHasSurface=true drawState=1
12-14 02:01:43.739  3821  5982 I WindowManager: Waiting for drawn Window{b5dbb3d u0 com.google.android.apps.translate/com.google.android.apps.translate.inputs.KeyboardHandwritingActivity}: removed=false visible=true mHasSurface=true drawState=1
12-14 02:01:43.739  3821  5982 I WindowManager: Waiting for drawn Window{c6592ea u0 Keyguard}: removed=false visible=true mHasSurface=true drawState=1
12-14 02:01:43.752  3821  3857 I WindowManager: Waiting for drawn Window{acf71e u0 com.google.android.apps.translate/com.google.android.apps.translate.TranslateActivity}: removed=false visible=true mHasSurface=true drawState=3
12-14 02:01:43.752  3821  3857 I WindowManager: Waiting for drawn Window{b5dbb3d u0 com.google.android.apps.translate/com.google.android.apps.translate.inputs.KeyboardHandwritingActivity}: removed=false visible=true mHasSurface=true drawState=1
12-14 02:01:43.752  3821  3857 I WindowManager: Waiting for drawn Window{c6592ea u0 Keyguard}: removed=false visible=true mHasSurface=true drawState=1
12-14 02:01:43.755  3821  3857 I WindowManager: Waiting for drawn Window{acf71e u0 com.google.android.apps.translate/com.google.android.apps.translate.TranslateActivity}: removed=false visible=true mHasSurface=true drawState=4
12-14 02:01:43.755  3821  3857 D WindowManager: Window drawn win=Window{acf71e u0 com.google.android.apps.translate/com.google.android.apps.translate.TranslateActivity}
12-14 02:01:43.755  3821  3857 I WindowManager: Waiting for drawn Window{b5dbb3d u0 com.google.android.apps.translate/com.google.android.apps.translate.inputs.KeyboardHandwritingActivity}: removed=false visible=true mHasSurface=true drawState=1
12-14 02:01:43.755  3821  3857 I WindowManager: Waiting for drawn Window{c6592ea u0 Keyguard}: removed=false visible=true mHasSurface=true drawState=1
12-14 02:01:43.758  3821  3857 I WindowManager: Waiting for drawn Window{b5dbb3d u0 com.google.android.apps.translate/com.google.android.apps.translate.inputs.KeyboardHandwritingActivity}: removed=false visible=true mHasSurface=true drawState=1
12-14 02:01:43.758  3821  3857 I WindowManager: Waiting for drawn Window{c6592ea u0 Keyguard}: removed=false visible=true mHasSurface=true drawState=1
12-14 02:01:43.773  3821  3857 I WindowManager: Waiting for drawn Window{b5dbb3d u0 com.google.android.apps.translate/com.google.android.apps.translate.inputs.KeyboardHandwritingActivity}: removed=false visible=true mHasSurface=true drawState=3
12-14 02:01:43.773  3821  3857 I WindowManager: Waiting for drawn Window{c6592ea u0 Keyguard}: removed=false visible=true mHasSurface=true drawState=1
12-14 02:01:43.776  3821  3857 I WindowManager: Waiting for drawn Window{b5dbb3d u0 com.google.android.apps.translate/com.google.android.apps.translate.inputs.KeyboardHandwritingActivity}: removed=false visible=true mHasSurface=true drawState=4
12-14 02:01:43.776  3821  3857 D WindowManager: Window drawn win=Window{b5dbb3d u0 com.google.android.apps.translate/com.google.android.apps.translate.inputs.KeyboardHandwritingActivity}
12-14 02:01:43.776  3821  3857 I WindowManager: Waiting for drawn Window{c6592ea u0 Keyguard}: removed=false visible=true mHasSurface=true drawState=1
12-14 02:01:43.784  3821  3857 I WindowManager: Waiting for drawn Window{c6592ea u0 Keyguard}: removed=false visible=true mHasSurface=true drawState=1
12-14 02:01:43.788  3821  3857 I WindowManager: Waiting for drawn Window{c6592ea u0 Keyguard}: removed=false visible=true mHasSurface=true drawState=1
12-14 02:01:43.791  3821  3857 I WindowManager: Waiting for drawn Window{c6592ea u0 Keyguard}: removed=false visible=true mHasSurface=true drawState=4
12-14 02:01:43.791  3821  3857 D WindowManager: Window drawn win=Window{c6592ea u0 Keyguard}
12-14 02:01:43.791  3821  3857 D WindowManager: All windows drawn!
12-14 02:01:43.791  3821  3857 I WindowManager: All windows ready for display!
12-14 02:01:43.792  3821  3852 W WindowManager: Setting mWindowManagerDrawComplete
12-14 02:01:43.804  3821  3852 D WindowManager: finishScreenTurningOn: mAwake=true, mScreenOnEarly=true, mScreenOnFully=false, mKeyguardDrawComplete=true, mWindowManagerDrawComplete=true
12-14 02:01:43.804  3821  3852 I WindowManager: Finished screen turning on...
12-14 02:01:43.804  3821  3859 I DisplayPowerController: Unblocked screen on after 444 ms
12-14 02:01:43.807  3821  3821 I WindowManager: Finished waking up...
12-14 02:01:43.992  3821  5663 D WifiService: releaseWifiLockLocked: WifiLock{NlpWifiLock type=2 binder=android.os.BinderProxy@4136c6e}
12-14 02:01:44.029  6135  6135 W ContextImpl: Calling a method in the system process without a qualified user: android.app.ContextImpl.sendBroadcast:773 android.content.ContextWrapper.sendBroadcast:406 com.miui.powercenter.provider.PowerSaveService.kK:-1 com.miui.powercenter.provider.PowerSaveService.c:-1 com.miui.powercenter.provider.e.onReceive:-1 
12-14 02:01:44.282  3821  3821 V LocationPolicy: Screen state changed
12-14 02:01:46.654  3821  3821 V FingerprintService: onAuthenticated(owner=com.android.keyguard, id=1636126306, gp=0)
12-14 02:01:46.723  3821  3851 W BroadcastQueueInjector: Unable to launch app ru.yandex.metro/10117 for broadcast Intent { act=android.intent.action.USER_PRESENT flg=0x24000010 }: process is not permitted to  auto start
12-14 02:01:46.724  3821  3851 W BroadcastQueueInjector: Unable to launch app ru.yandex.yandexnavi/10121 for broadcast Intent { act=android.intent.action.USER_PRESENT flg=0x24000010 }: process is not permitted to  auto start
12-14 02:01:46.725  3821  3851 W BroadcastQueueInjector: Unable to launch app ru.yandex.yandexbus/10120 for broadcast Intent { act=android.intent.action.USER_PRESENT flg=0x24000010 }: process is not permitted to  auto start
12-14 02:01:47.059  3821  4634 D BaseMiuiPhoneWindowManager: keyCode:23 down:true 161546230 161546230 policyFlags=22000000 deviceId:0 isScreenOn:true
12-14 02:01:47.069  3821  4634 D BaseMiuiPhoneWindowManager: keyCode:23 down:false 161546240 161546230 policyFlags=22000000 deviceId:0 isScreenOn:true
12-14 02:01:48.008  3821  4634 D BaseMiuiPhoneWindowManager: keyCode:3 down:true 161547178 161547178 policyFlags=22000002 deviceId:9 isScreenOn:true
12-14 02:01:48.009  3821  4634 D WindowManager: keyguardActive=false
12-14 02:01:48.058  3821  4634 D BaseMiuiPhoneWindowManager: keyCode:3 down:false 161547230 161547178 policyFlags=22000002 deviceId:9 isScreenOn:true
12-14 02:01:48.058  3821  4634 D WindowManager: keyguardActive=false
12-14 02:01:48.078  3821  4633 I ActivityManager: START u0 {act=android.intent.action.MAIN cat=[android.intent.category.HOME] flg=0x10200000 cmp=com.miui.home/.launcher.Launcher (has extras)} from uid 1000 on display 0
12-14 02:01:48.087  3821  4633 E ActivityManager: Invalid thumbnail dimensions: 0x0
12-14 02:01:48.191  3821  6729 I WindowManager: input method visible height changed 0
12-14 02:01:48.595  3821  7233 I ActivityManager: Killing 12761:com.android.musicfx/u0a26 (adj 15): empty #17
12-14 02:01:48.613  3821  7240 D ActivityManager: cleanUpApplicationRecord -- 12761
12-14 02:01:48.761  3821  4634 D BaseMiuiPhoneWindowManager: keyCode:82 down:true 161547933 161547933 policyFlags=22000002 deviceId:9 isScreenOn:true
12-14 02:01:48.762  3821  4634 D WindowManager: keyguardActive=false
12-14 02:01:48.832  3821  4634 D BaseMiuiPhoneWindowManager: keyCode:82 down:false 161548004 161547933 policyFlags=22000002 deviceId:9 isScreenOn:true
12-14 02:01:48.832  3821  4634 D WindowManager: keyguardActive=false
12-14 02:01:48.839  5608  5726 W ContextImpl: Calling a method in the system process without a qualified user: android.app.ContextImpl.bindService:1295 android.content.ContextWrapper.bindService:614 com.xiaomi.mistatistic.sdk.controller.LocalEventRecorder.a:90 com.xiaomi.mistatistic.sdk.controller.LocalEventRecorder.b:70 com.xiaomi.mistatistic.sdk.controller.LocalEventRecorder.a:25 
12-14 02:01:49.956  3821  5982 I ActivityManager: Killing 12477:com.android.vending/u0a28 (adj 15): empty #17
12-14 02:01:49.957  3821  5982 I ActivityManager: Killing 16474:com.google.android.apps.docs.editors.slides/u0a144 (adj 15): empty #18
12-14 02:01:49.963  3821  7233 W ActivityManager: Killing processes RecentTasksManager at adjustment 9
12-14 02:01:49.963  3821  7233 I ActivityManager: Killing 23946:com.google.android.apps.translate/u0a135 (adj 9): RecentTasksManager
12-14 02:01:50.089  3821  5982 I WindowState: WIN DEATH: Window{b5dbb3d u0 com.google.android.apps.translate/com.google.android.apps.translate.inputs.KeyboardHandwritingActivity}
12-14 02:01:50.089  3821  5663 D ActivityManager: cleanUpApplicationRecord -- 23946
12-14 02:01:50.094  3821  7240 I WindowState: WIN DEATH: Window{acf71e u0 com.google.android.apps.translate/com.google.android.apps.translate.TranslateActivity}
12-14 02:01:50.200  3821  6738 D ActivityManager: cleanUpApplicationRecord -- 12477
12-14 02:01:50.239  3821  7233 D ActivityManager: cleanUpApplicationRecord -- 16474
12-14 02:01:50.479  3821  6738 W ActivityManager: Killing processes RecentTasksManager at adjustment 9
12-14 02:01:50.479  3821  6738 I ActivityManager: Killing 12045:ru.com.rh.sp/u0a202 (adj 9): RecentTasksManager
12-14 02:01:50.561  3821  6731 D ActivityManager: cleanUpApplicationRecord -- 12045
12-14 02:01:50.561  3821  6729 I WindowState: WIN DEATH: Window{161a8c u0 ru.com.rh.sp/ru.com.rh.sp.MainActivity}
12-14 02:01:59.771  3821  3821 I EntropyMixer: Writing entropy...
12-14 02:01:59.872  5608  5608 W PowerUI : unknown intent: Intent { act=android.intent.action.ACTION_POWER_CONNECTED flg=0x4000010 }
12-14 02:02:06.827  3821  3821 I EntropyMixer: Writing entropy...
12-14 02:02:06.934  5608  5608 W PowerUI : unknown intent: Intent { act=android.intent.action.ACTION_POWER_CONNECTED flg=0x4000010 }
12-14 02:02:17.582  3821  3821 I EntropyMixer: Writing entropy...
12-14 02:02:17.682  5608  5608 W PowerUI : unknown intent: Intent { act=android.intent.action.ACTION_POWER_CONNECTED flg=0x4000010 }
12-14 02:02:24.538  3821  4634 D BaseMiuiPhoneWindowManager: keyCode:26 down:true 161583710 161583710 policyFlags=22000000 deviceId:3 isScreenOn:true
12-14 02:02:24.538  3821  4634 D WindowManager: keyguardActive=false
12-14 02:02:24.661  3821  4634 D BaseMiuiPhoneWindowManager: keyCode:26 down:false 161583833 161583710 policyFlags=22000000 deviceId:3 isScreenOn:true
12-14 02:02:24.662  3821  4634 D WindowManager: keyguardActive=false
12-14 02:02:24.663  3821  4634 I PowerManagerService: Going to sleep due to power button (uid 1000)...
12-14 02:02:24.663  3821  3821 I WindowManager: Started going to sleep... (why=2)
12-14 02:02:24.728  5608  5608 W ContextImpl: Calling a method in the system process without a qualified user: android.app.ContextImpl.bindService:1295 android.content.ContextWrapper.bindService:614 android.content.ContextWrapper.bindService:614 miui.maml.elements.MusicController.registerListener:70 miui.maml.elements.MusicControlScreenElement.init:691 
12-14 02:02:24.771  3821  3859 I WindowManager: Screen turned off...
12-14 02:02:24.804  3821  3859 W ContextImpl: Calling a method in the system process without a qualified user: android.app.ContextImpl.startService:1231 com.android.server.policy.BaseMiuiPhoneWindowManager.startCameraProcess:439 com.android.server.policy.BaseMiuiPhoneWindowManager.screenTurnedOff:432 com.android.server.display.DisplayPowerController.setScreenState:803 com.android.server.display.DisplayPowerController.animateScreenStateChange:921 
12-14 02:02:24.863  3821  5477 D LocalDisplayAdapter: setDisplayState(id=0, state=OFF)
12-14 02:02:24.864  3821  3857 I DisplayManagerService: Display device changed state: " ", OFF
12-14 02:02:24.872  3821  3859 I PowerManagerService: Waking up from dozing (uid 1000)...
12-14 02:02:24.872  3821  3859 D PowerManagerService: waking up from opPackageName = android reason is android.server.power:POWER opUid = 1000
12-14 02:02:24.888  3821  3859 I DisplayPowerController: Blocking screen on until initial contents have been drawn.
12-14 02:02:24.888  3821  3859 I WindowManager: Screen turning on...
12-14 02:02:24.892  3821  3821 I WindowManager: Finished going to sleep... (why=2)
12-14 02:02:24.911  3821  3821 I WindowManager: Started waking up...
12-14 02:02:25.125  3821  5477 D LocalDisplayAdapter: setDisplayState(id=0, state=ON)
12-14 02:02:25.127  3821  3857 I DisplayManagerService: Display device changed state: " ", ON
12-14 02:02:25.423  3821  3821 D ProximitySensorWrapper: proximity distance: 5.000305
12-14 02:02:25.424  3821  3821 W InputMethodManagerService: Unexpected intent Intent { act=android.intent.action.SCREEN_OFF flg=0x50000010 }
12-14 02:02:25.427  5608  7311 W ContextImpl: Calling a method in the system process without a qualified user: android.app.ContextImpl.bindService:1295 android.content.ContextWrapper.bindService:614 com.xiaomi.mistatistic.sdk.controller.LocalEventRecorder.a:90 com.xiaomi.mistatistic.sdk.controller.LocalEventRecorder.b:70 com.xiaomi.mistatistic.sdk.controller.LocalEventRecorder.a:25 
12-14 02:02:25.703  5608  5726 W ContextImpl: Calling a method in the system process without a qualified user: android.app.ContextImpl.bindService:1295 android.content.ContextWrapper.bindService:614 com.xiaomi.mistatistic.sdk.controller.LocalEventRecorder.a:90 com.xiaomi.mistatistic.sdk.controller.LocalEventRecorder.b:70 com.xiaomi.mistatistic.sdk.controller.LocalEventRecorder.a:25 
12-14 02:02:25.717  3821  3821 V LocationPolicy: Screen state changed
12-14 02:02:25.865  3821  5509 D WindowManager: mKeyguardDelegate.ShowListener.onDrawn.
12-14 02:02:25.865  3821  3852 W WindowManager: Setting mKeyguardDrawComplete
12-14 02:02:25.865  3821  3852 I WindowManager: Waiting for drawn Window{f3d413e u0 com.miui.home/com.miui.home.launcher.Launcher}: removed=false visible=true mHasSurface=true drawState=1
12-14 02:02:25.865  3821  3852 I WindowManager: Waiting for drawn Window{c6592ea u0 Keyguard}: removed=false visible=true mHasSurface=true drawState=1
12-14 02:02:25.867  3821  3857 I WindowManager: Waiting for drawn Window{f3d413e u0 com.miui.home/com.miui.home.launcher.Launcher}: removed=false visible=true mHasSurface=true drawState=1
12-14 02:02:25.867  3821  3857 I WindowManager: Waiting for drawn Window{c6592ea u0 Keyguard}: removed=false visible=true mHasSurface=true drawState=1
12-14 02:02:25.895  3821  3857 I WindowManager: Waiting for drawn Window{f3d413e u0 com.miui.home/com.miui.home.launcher.Launcher}: removed=false visible=true mHasSurface=true drawState=3
12-14 02:02:25.895  3821  3857 I WindowManager: Waiting for drawn Window{c6592ea u0 Keyguard}: removed=false visible=true mHasSurface=true drawState=1
12-14 02:02:25.898  3821  3857 I WindowManager: Waiting for drawn Window{f3d413e u0 com.miui.home/com.miui.home.launcher.Launcher}: removed=false visible=true mHasSurface=true drawState=4
12-14 02:02:25.898  3821  3857 D WindowManager: Window drawn win=Window{f3d413e u0 com.miui.home/com.miui.home.launcher.Launcher}
12-14 02:02:25.898  3821  3857 I WindowManager: Waiting for drawn Window{c6592ea u0 Keyguard}: removed=false visible=true mHasSurface=true drawState=1
12-14 02:02:25.899  3821  3857 I WindowManager: Waiting for drawn Window{c6592ea u0 Keyguard}: removed=false visible=true mHasSurface=true drawState=1
12-14 02:02:25.913  3821  3857 I WindowManager: Waiting for drawn Window{c6592ea u0 Keyguard}: removed=false visible=true mHasSurface=true drawState=1
12-14 02:02:25.948  6135  6135 W ContextImpl: Calling a method in the system process without a qualified user: android.app.ContextImpl.sendBroadcast:773 android.content.ContextWrapper.sendBroadcast:406 com.miui.powercenter.provider.PowerSaveService.kK:-1 com.miui.powercenter.provider.PowerSaveService.c:-1 com.miui.powercenter.provider.e.onReceive:-1 
12-14 02:02:25.956  3821  3857 I WindowManager: Waiting for drawn Window{c6592ea u0 Keyguard}: removed=false visible=true mHasSurface=true drawState=1
12-14 02:02:25.964  3821  3821 V LocationPolicy: Screen state changed
12-14 02:02:25.967  3821  3857 I WindowManager: Waiting for drawn Window{c6592ea u0 Keyguard}: removed=false visible=true mHasSurface=true drawState=4
12-14 02:02:25.967  3821  3857 D WindowManager: Window drawn win=Window{c6592ea u0 Keyguard}
12-14 02:02:25.967  3821  3857 D WindowManager: All windows drawn!
12-14 02:02:25.967  3821  3857 I WindowManager: All windows ready for display!
12-14 02:02:25.967  3821  3852 W WindowManager: Setting mWindowManagerDrawComplete
12-14 02:02:25.969  3821  3852 D WindowManager: finishScreenTurningOn: mAwake=true, mScreenOnEarly=true, mScreenOnFully=false, mKeyguardDrawComplete=true, mWindowManagerDrawComplete=true
12-14 02:02:25.969  3821  3852 I WindowManager: Finished screen turning on...
12-14 02:02:25.970  3821  3859 I DisplayPowerController: Unblocked screen on after 1081 ms
12-14 02:02:25.972  3821  3821 I WindowManager: Finished waking up...
12-14 02:02:34.875  3821  3859 I PowerManagerService: Going to sleep due to screen timeout (uid 1000)...
12-14 02:02:34.876  3821  3821 I WindowManager: Started going to sleep... (why=3)
12-14 02:02:34.999  3821  3859 I WindowManager: Screen turned off...
12-14 02:02:35.002  3821  3859 W ContextImpl: Calling a method in the system process without a qualified user: android.app.ContextImpl.startService:1231 com.android.server.policy.BaseMiuiPhoneWindowManager.startCameraProcess:439 com.android.server.policy.BaseMiuiPhoneWindowManager.screenTurnedOff:432 com.android.server.display.DisplayPowerController.setScreenState:803 com.android.server.display.DisplayPowerController.animateScreenStateChange:921 
12-14 02:02:35.018  3821  5477 D LocalDisplayAdapter: setDisplayState(id=0, state=OFF)
12-14 02:02:35.019  3821  3857 I DisplayManagerService: Display device changed state: " ", OFF
12-14 02:02:35.289  3821  3859 W DreamManagerService: Dream ComponentInfo{com.android.systemui/com.android.systemui.doze.DozeService} does not exist
12-14 02:02:35.289  3821  3859 I PowerManagerService: Sleeping (uid 1000)...
12-14 02:02:35.289  3821  3821 I WindowManager: Finished going to sleep... (why=3)
12-14 02:02:35.346  3821  3821 V LocationPolicy: Screen state changed
12-14 02:02:48.322  3821  6729 D WifiService: acquireWifiLockLocked: WifiLock{NlpWifiLock type=2 binder=android.os.BinderProxy@5987675}
12-14 02:02:49.934  3821  5741 D WifiService: releaseWifiLockLocked: WifiLock{NlpWifiLock type=2 binder=android.os.BinderProxy@5987675}
12-14 02:02:51.112 10948 13133 W ContextImpl: Calling a method in the system process without a qualified user: android.app.ContextImpl.bindService:1295 android.content.ContextWrapper.bindService:614 com.xiaomi.mistatistic.sdk.controller.j.b:504 com.xiaomi.mistatistic.sdk.controller.j.a:358 com.xiaomi.mistatistic.sdk.controller.asyncjobs.c.a:95 
12-14 02:03:14.552  3821  3859 I PowerManagerService: Waking up from sleep (uid 1000)...
12-14 02:03:14.552  3821  3859 D PowerManagerService: waking up from opPackageName = android reason is android.server.power:POWER opUid = 1000
12-14 02:03:14.569  3821  3821 I WindowManager: Started waking up...
12-14 02:03:14.573  3821  3821 I EntropyMixer: Writing entropy...
12-14 02:03:14.586  3821  3859 I DisplayPowerController: Blocking screen on until initial contents have been drawn.
12-14 02:03:14.586  3821  3859 I WindowManager: Screen turning on...
12-14 02:03:14.651  5608  7311 W ContextImpl: Calling a method in the system process without a qualified user: android.app.ContextImpl.bindService:1295 android.content.ContextWrapper.bindService:614 com.xiaomi.mistatistic.sdk.controller.LocalEventRecorder.a:90 com.xiaomi.mistatistic.sdk.controller.LocalEventRecorder.b:70 com.xiaomi.mistatistic.sdk.controller.LocalEventRecorder.a:25 
12-14 02:03:14.676  3821  5477 D LocalDisplayAdapter: setDisplayState(id=0, state=ON)
12-14 02:03:14.678  3821  3857 I DisplayManagerService: Display device changed state: " ", ON
12-14 02:03:14.743  5608  5608 W PowerUI : unknown intent: Intent { act=android.intent.action.ACTION_POWER_CONNECTED flg=0x4000010 }
12-14 02:03:14.971  3821  3821 D ProximitySensorWrapper: proximity distance: 5.000305
12-14 02:03:14.973  3821  5741 D WindowManager: mKeyguardDelegate.ShowListener.onDrawn.
12-14 02:03:14.973  3821  3852 W WindowManager: Setting mKeyguardDrawComplete
12-14 02:03:14.973  3821  3852 I WindowManager: Waiting for drawn Window{f3d413e u0 com.miui.home/com.miui.home.launcher.Launcher}: removed=false visible=true mHasSurface=true drawState=1
12-14 02:03:14.973  3821  3852 I WindowManager: Waiting for drawn Window{c6592ea u0 Keyguard}: removed=false visible=true mHasSurface=true drawState=1
12-14 02:03:14.975  3821  3857 I WindowManager: Waiting for drawn Window{f3d413e u0 com.miui.home/com.miui.home.launcher.Launcher}: removed=false visible=true mHasSurface=true drawState=1
12-14 02:03:14.975  3821  3857 I WindowManager: Waiting for drawn Window{c6592ea u0 Keyguard}: removed=false visible=true mHasSurface=true drawState=1
12-14 02:03:15.002  3821  5509 I WindowManager: Waiting for drawn Window{f3d413e u0 com.miui.home/com.miui.home.launcher.Launcher}: removed=false visible=true mHasSurface=true drawState=1
12-14 02:03:15.002  3821  5509 I WindowManager: Waiting for drawn Window{c6592ea u0 Keyguard}: removed=false visible=true mHasSurface=true drawState=1
12-14 02:03:15.004  3821  5509 I WindowManager: Waiting for drawn Window{f3d413e u0 com.miui.home/com.miui.home.launcher.Launcher}: removed=false visible=true mHasSurface=true drawState=1
12-14 02:03:15.005  3821  5509 I WindowManager: Waiting for drawn Window{c6592ea u0 Keyguard}: removed=false visible=true mHasSurface=true drawState=1
12-14 02:03:15.014  3821  3857 I WindowManager: Waiting for drawn Window{f3d413e u0 com.miui.home/com.miui.home.launcher.Launcher}: removed=false visible=true mHasSurface=true drawState=3
12-14 02:03:15.014  3821  3857 I WindowManager: Waiting for drawn Window{c6592ea u0 Keyguard}: removed=false visible=true mHasSurface=true drawState=1
12-14 02:03:15.016  3821  3857 I WindowManager: Waiting for drawn Window{f3d413e u0 com.miui.home/com.miui.home.launcher.Launcher}: removed=false visible=true mHasSurface=true drawState=4
12-14 02:03:15.016  3821  3857 D WindowManager: Window drawn win=Window{f3d413e u0 com.miui.home/com.miui.home.launcher.Launcher}
12-14 02:03:15.016  3821  3857 I WindowManager: Waiting for drawn Window{c6592ea u0 Keyguard}: removed=false visible=true mHasSurface=true drawState=1
12-14 02:03:15.018  3821  3857 I WindowManager: Waiting for drawn Window{c6592ea u0 Keyguard}: removed=false visible=true mHasSurface=true drawState=1
12-14 02:03:15.021  3821  3857 I WindowManager: Waiting for drawn Window{c6592ea u0 Keyguard}: removed=false visible=true mHasSurface=true drawState=1
12-14 02:03:15.060  3821  3857 I WindowManager: Waiting for drawn Window{c6592ea u0 Keyguard}: removed=false visible=true mHasSurface=true drawState=1
12-14 02:03:15.067  3821  3857 I WindowManager: Waiting for drawn Window{c6592ea u0 Keyguard}: removed=false visible=true mHasSurface=true drawState=4
12-14 02:03:15.067  3821  3857 D WindowManager: Window drawn win=Window{c6592ea u0 Keyguard}
12-14 02:03:15.067  3821  3857 D WindowManager: All windows drawn!
12-14 02:03:15.068  3821  3857 I WindowManager: All windows ready for display!
12-14 02:03:15.068  3821  3852 W WindowManager: Setting mWindowManagerDrawComplete
12-14 02:03:15.079  3821  3852 D WindowManager: finishScreenTurningOn: mAwake=true, mScreenOnEarly=true, mScreenOnFully=false, mKeyguardDrawComplete=true, mWindowManagerDrawComplete=true
12-14 02:03:15.079  3821  3852 I WindowManager: Finished screen turning on...
12-14 02:03:15.079  3821  3859 I DisplayPowerController: Unblocked screen on after 493 ms
12-14 02:03:15.080  6135  6135 W ContextImpl: Calling a method in the system process without a qualified user: android.app.ContextImpl.sendBroadcast:773 android.content.ContextWrapper.sendBroadcast:406 com.miui.powercenter.provider.PowerSaveService.kK:-1 com.miui.powercenter.provider.PowerSaveService.c:-1 com.miui.powercenter.provider.e.onReceive:-1 
12-14 02:03:15.081  3821  3821 I WindowManager: Finished waking up...
12-14 02:03:15.364  3821  3821 V LocationPolicy: Screen state changed
12-14 02:03:18.171  3821  3821 V FingerprintService: onAuthenticated(owner=com.android.keyguard, id=1636126306, gp=0)
12-14 02:03:18.232  3821  3851 W BroadcastQueueInjector: Unable to launch app ru.yandex.metro/10117 for broadcast Intent { act=android.intent.action.USER_PRESENT flg=0x24000010 }: process is not permitted to  auto start
12-14 02:03:18.232  3821  3851 W BroadcastQueueInjector: Unable to launch app ru.yandex.yandexnavi/10121 for broadcast Intent { act=android.intent.action.USER_PRESENT flg=0x24000010 }: process is not permitted to  auto start
12-14 02:03:18.232  3821  3851 W BroadcastQueueInjector: Unable to launch app ru.yandex.yandexbus/10120 for broadcast Intent { act=android.intent.action.USER_PRESENT flg=0x24000010 }: process is not permitted to  auto start
12-14 02:03:18.565  3821  4634 D BaseMiuiPhoneWindowManager: keyCode:23 down:true 161607551 161607551 policyFlags=22000000 deviceId:0 isScreenOn:true
12-14 02:03:18.573  3821  4634 D BaseMiuiPhoneWindowManager: keyCode:23 down:false 161607559 161607551 policyFlags=22000000 deviceId:0 isScreenOn:true
12-14 02:03:19.962  3821  6729 I ActivityManager: START u0 {act=android.settings.SETTINGS flg=0x10000000 cmp=com.android.settings/.MiuiSettings} from uid 1000 on display 0
12-14 02:03:19.999  5608  5726 W ContextImpl: Calling a method in the system process without a qualified user: android.app.ContextImpl.bindService:1295 android.content.ContextWrapper.bindService:614 com.xiaomi.mistatistic.sdk.controller.LocalEventRecorder.a:90 com.xiaomi.mistatistic.sdk.controller.LocalEventRecorder.b:70 com.xiaomi.mistatistic.sdk.controller.LocalEventRecorder.a:25 
12-14 02:03:20.194 10948 10948 W ContextImpl: Calling a method in the system process without a qualified user: android.app.ContextImpl.bindService:1295 android.content.ContextWrapper.bindService:614 com.android.settings.search.r.<init>:38 com.android.settings.SettingsFragment.onCreate:113 android.app.Fragment.performCreate:2198 
12-14 02:03:27.926  3821  6729 I ActivityManager: START u0 {act=android.intent.action.MAIN cmp=com.android.settings/.SubSettings (has extras)} from uid 1000 on display 0
12-14 02:03:30.801  3821  6728 I ActivityManager: START u0 {act=android.intent.action.MAIN cmp=com.android.settings/.SubSettings (has extras)} from uid 1000 on display 0
12-14 02:03:32.722  3821  3862 I ActivityManager: Force stopping com.android.shell appid=2000 user=0: pkg changed
12-14 02:03:32.748  3821  3854 I UsbDeviceManager: Setting USB config to mtp
12-14 02:03:32.780  3821  6728 I ActivityManager: Start proc 31002:com.xiaomi.providers.appindex/u0a40 for broadcast com.xiaomi.providers.appindex/.PackageChangeReceiver
12-14 02:03:32.791  3821  6729 I ActivityManager: START u0 {cmp=com.android.settings/.ConfirmLockPassword (has extras)} from uid 1000 on display 0
12-14 02:03:32.893  3821  5663 I ActivityManager: Start proc 31022:com.android.updater/9802 for content provider com.android.updater/.provider.UpdateProvider
12-14 02:03:32.922  3821  5509 I ActivityManager: Killing 12850:com.xiaomi.discover/u0a71 (adj 15): empty #17
12-14 02:03:32.977  3821  6728 I ActivityManager: Start proc 31042:com.android.vending/u0a28 for broadcast com.android.vending/com.google.android.finsky.receivers.PackageMonitorReceiver$RegisteredReceiver
12-14 02:03:33.055  3821  5980 D ActivityManager: cleanUpApplicationRecord -- 12850
12-14 02:03:33.104  3821  3848 I ActivityManager: Activity reported stop, but no longer stopping: ActivityRecord{b019bc0 u0 com.android.settings/.SubSettings t217}
12-14 02:03:33.159  3821  6729 I ActivityManager: Start proc 31061:com.xiaomi.discover/u0a71 for service com.xiaomi.discover/com.xiaomi.market.data.MarketService
12-14 02:03:33.210 10948 10948 E ActivityThread: Performing stop of activity that is not resumed: {com.android.settings/com.android.settings.SubSettings}
12-14 02:03:33.210 10948 10948 E ActivityThread: java.lang.RuntimeException: Performing stop of activity that is not resumed: {com.android.settings/com.android.settings.SubSettings}
12-14 02:03:33.210 10948 10948 E ActivityThread: 	at android.app.ActivityThread.performStopActivityInner(ActivityThread.java:3472)
12-14 02:03:33.210 10948 10948 E ActivityThread: 	at android.app.ActivityThread.handleStopActivity(ActivityThread.java:3557)
12-14 02:03:33.210 10948 10948 E ActivityThread: 	at android.app.ActivityThread.access$1200(ActivityThread.java:153)
12-14 02:03:33.210 10948 10948 E ActivityThread: 	at android.app.ActivityThread$H.handleMessage(ActivityThread.java:1380)
12-14 02:03:33.210 10948 10948 E ActivityThread: 	at android.os.Handler.dispatchMessage(Handler.java:102)
12-14 02:03:33.210 10948 10948 E ActivityThread: 	at android.os.Looper.loop(Looper.java:148)
12-14 02:03:33.210 10948 10948 E ActivityThread: 	at android.app.ActivityThread.main(ActivityThread.java:5441)
12-14 02:03:33.210 10948 10948 E ActivityThread: 	at java.lang.reflect.Method.invoke(Native Method)
12-14 02:03:33.210 10948 10948 E ActivityThread: 	at com.android.internal.os.ZygoteInit$MethodAndArgsCaller.run(ZygoteInit.java:738)
12-14 02:03:33.210 10948 10948 E ActivityThread: 	at com.android.internal.os.ZygoteInit.main(ZygoteInit.java:628)
12-14 02:03:33.252  3821  5663 I WindowManager: input method visible height changed 660
12-14 02:03:33.348  3821  6738 I WindowManager: input method visible height changed 780
12-14 02:03:33.832  3821  6738 I ActivityManager: Killing 24934:com.google.android.apps.photos:CameraShortcut/u0a89 (adj 15): empty #17
12-14 02:03:33.889  3821  5980 D WifiService: acquireWifiLockLocked: WifiLock{NlpWifiLock type=2 binder=android.os.BinderProxy@c313a8e}
12-14 02:03:33.925  3821  5509 D ActivityManager: cleanUpApplicationRecord -- 24934
12-14 02:03:34.015  3821  6738 D WifiService: releaseWifiLockLocked: WifiLock{NlpWifiLock type=2 binder=android.os.BinderProxy@c313a8e}
12-14 02:03:34.033  3821  6729 I ActivityManager: Killing 27112:com.android.soundrecorder/u0a94 (adj 15): empty #17
12-14 02:03:34.165  3821  6729 D ActivityManager: cleanUpApplicationRecord -- 27112
12-14 02:03:34.229  3821  7240 I WindowManager: input method visible height changed 0
12-14 02:03:41.950  3821  3862 I ActivityManager: Force stopping com.android.shell appid=2000 user=0: pkg changed
12-14 02:03:41.970  3821  3854 I UsbDeviceManager: Setting USB config to mtp,adb
12-14 02:03:47.888  3821  5980 I ActivityManager: START u0 {act=com.miui.securitycenter.action.ADB_INSTALL_VERIFY cmp=com.miui.securitycenter/com.miui.permcenter.install.AdbInstallVerifyActivity} from uid 1000 on display 0
12-14 02:03:47.949  3821  6728 I ActivityManager: Start proc 31174:com.miui.securitycenter/1000 for activity com.miui.securitycenter/com.miui.permcenter.install.AdbInstallVerifyActivity
12-14 02:03:48.223 31174 31174 W ContextImpl: Calling a method in the system process without a qualified user: android.app.ContextImpl.startService:1231 android.content.ContextWrapper.startService:591 android.content.ContextWrapper.startService:591 com.miui.powercenter.c.i.y:-1 com.miui.powercenter.c.i.cj:-1 
12-14 02:03:48.405 31174 31195 W ContextImpl: Calling a method in the system process without a qualified user: android.app.ContextImpl.startService:1231 android.content.ContextWrapper.startService:591 com.xiaomi.accountsdk.activate.ActivateManager$AmTask.bindToCloudService:502 com.xiaomi.accountsdk.activate.ActivateManager$AmTask.bind:481 com.xiaomi.accountsdk.activate.ActivateManager$AmTask.start:474 
12-14 02:03:48.410 31174 31195 W ContextImpl: Calling a method in the system process without a qualified user: android.app.ContextImpl.bindService:1295 android.content.ContextWrapper.bindService:614 com.xiaomi.accountsdk.activate.ActivateManager$AmTask.bindToCloudService:503 com.xiaomi.accountsdk.activate.ActivateManager$AmTask.bind:481 com.xiaomi.accountsdk.activate.ActivateManager$AmTask.start:474 
12-14 02:03:48.434 31174 31174 W ContextImpl: Calling a method in the system process without a qualified user: android.app.ContextImpl.bindService:1295 android.content.ContextWrapper.bindService:614 com.xiaomi.analytics.a.b.c.x:-1 com.xiaomi.analytics.a.b.c.<init>:-1 com.xiaomi.analytics.a.d.<init>:-1 
12-14 02:03:48.590 31174 31198 W ActivityThread: ClassLoader.loadClass: The class loader returned by Thread.getContextClassLoader() may fail for processes that host multiple applications. You should explicitly specify a context class loader. For example: Thread.setContextClassLoader(getClass().getClassLoader());
12-14 02:03:48.593 31174 31174 W ContextImpl: Calling a method in the system process without a qualified user: android.app.ContextImpl.startService:1231 android.content.ContextWrapper.startService:591 miui.core.SdkManager$1.run:189 android.os.Handler.handleCallback:739 android.os.Handler.dispatchMessage:95 
12-14 02:03:50.216  3821  3848 I ActivityManager: Killing 27140:com.android.soundrecorder:remote/u0a94 (adj 15): empty #17
12-14 02:03:50.290  3821  6738 D ActivityManager: cleanUpApplicationRecord -- 27140
12-14 02:03:54.330  3821  3821 I EntropyMixer: Writing entropy...
12-14 02:03:54.432  5608  5608 W PowerUI : unknown intent: Intent { act=android.intent.action.ACTION_POWER_CONNECTED flg=0x4000010 }
12-14 02:04:01.734  3821  6731 I ActivityManager: START u0 {act=com.miui.securitycenter.action.ADB_INPUT_APPLY cmp=com.miui.securitycenter/com.miui.permcenter.install.AdbInputApplyActivity} from uid 1000 on display 0
12-14 02:04:29.367  3821  4634 D BaseMiuiPhoneWindowManager: keyCode:3 down:true 161678351 161678351 policyFlags=22000002 deviceId:9 isScreenOn:true
12-14 02:04:29.367  3821  4634 D WindowManager: keyguardActive=false
12-14 02:04:29.453  3821  4634 D BaseMiuiPhoneWindowManager: keyCode:3 down:false 161678438 161678351 policyFlags=22000002 deviceId:9 isScreenOn:true
12-14 02:04:29.453  3821  4634 D WindowManager: keyguardActive=false
12-14 02:04:29.488  3821  4633 I ActivityManager: START u0 {act=android.intent.action.MAIN cat=[android.intent.category.HOME] flg=0x10200000 cmp=com.miui.home/.launcher.Launcher (has extras)} from uid 1000 on display 0
12-14 02:04:29.497  3821  4633 E ActivityManager: Invalid thumbnail dimensions: 0x0
12-14 02:04:29.515  3821  4634 D BaseMiuiPhoneWindowManager: keyCode:3 down:true 161678501 161678501 policyFlags=22000002 deviceId:9 isScreenOn:true
12-14 02:04:29.515  3821  4634 D WindowManager: keyguardActive=false
12-14 02:04:29.577  3821  4634 D BaseMiuiPhoneWindowManager: keyCode:3 down:false 161678563 161678501 policyFlags=22000002 deviceId:9 isScreenOn:true
12-14 02:04:29.577  3821  4634 D WindowManager: keyguardActive=false
12-14 02:04:29.581  3821  4633 I ActivityManager: START u0 {act=android.intent.action.MAIN cat=[android.intent.category.HOME] flg=0x10200000 cmp=com.miui.home/.launcher.Launcher (has extras)} from uid 1000 on display 0
12-14 02:04:32.860  3821  3821 I EntropyMixer: Writing entropy...
12-14 02:04:32.940  5608  5608 W PowerUI : unknown intent: Intent { act=android.intent.action.ACTION_POWER_CONNECTED flg=0x4000010 }
12-14 02:04:44.191  3821  3821 I EntropyMixer: Writing entropy...
12-14 02:04:44.288  5608  5608 W PowerUI : unknown intent: Intent { act=android.intent.action.ACTION_POWER_CONNECTED flg=0x4000010 }
12-14 02:04:44.429  3821  3821 I EntropyMixer: Writing entropy...
12-14 02:04:44.493 10948 10948 W ContextImpl: Calling a method in the system process without a qualified user: android.app.ContextImpl.startService:1231 android.content.ContextWrapper.startService:591 android.content.ContextWrapper.startService:591 com.android.settings.MiuiSettingsReceiver.onReceive:185 android.app.ActivityThread.handleReceiver:2732 
12-14 02:04:44.511 10948 31382 W ContextImpl: Calling a method in the system process without a qualified user: android.app.ContextImpl.bindService:1295 android.content.ContextWrapper.bindService:614 miui.analytics.Analytics.endSession:120 com.android.settings.analytics.AnalyticService.onHandleIntent:106 android.app.IntentService$ServiceHandler.handleMessage:66 
12-14 02:04:44.513 10948 10948 W ContextImpl: Calling a method in the system process without a qualified user: android.app.ContextImpl.startService:1231 android.content.ContextWrapper.startService:591 android.content.ContextWrapper.startService:591 com.android.settings.AnalyticsReceiver.onReceive:24 android.app.ActivityThread.handleReceiver:2732 
12-14 02:04:44.521 10948 31382 W ContextImpl: Calling a method in the system process without a qualified user: android.app.ContextImpl.bindService:1295 android.content.ContextWrapper.bindService:614 miui.analytics.Analytics.endSession:120 com.android.settings.analytics.AnalyticService.onHandleIntent:106 android.app.IntentService$ServiceHandler.handleMessage:66 
12-14 02:04:44.536  5608  5608 W PowerUI : unknown intent: Intent { act=android.intent.action.ACTION_POWER_CONNECTED flg=0x4000010 }
12-14 02:04:44.575 10948 10948 W ContextImpl: Calling a method in the system process without a qualified user: android.app.ContextImpl.startService:1231 android.content.ContextWrapper.startService:591 android.content.ContextWrapper.startService:591 com.android.settings.MiuiSettingsReceiver.onReceive:185 android.app.ActivityThread.handleReceiver:2732 
12-14 02:04:44.593 10948 31393 W ContextImpl: Calling a method in the system process without a qualified user: android.app.ContextImpl.bindService:1295 android.content.ContextWrapper.bindService:614 miui.analytics.Analytics.endSession:120 com.android.settings.analytics.AnalyticService.onHandleIntent:106 android.app.IntentService$ServiceHandler.handleMessage:66 
12-14 02:04:44.597 10948 10948 W ContextImpl: Calling a method in the system process without a qualified user: android.app.ContextImpl.startService:1231 android.content.ContextWrapper.startService:591 android.content.ContextWrapper.startService:591 com.android.settings.AnalyticsReceiver.onReceive:24 android.app.ActivityThread.handleReceiver:2732 
12-14 02:04:44.606 10948 31394 W ContextImpl: Calling a method in the system process without a qualified user: android.app.ContextImpl.bindService:1295 android.content.ContextWrapper.bindService:614 miui.analytics.Analytics.endSession:120 com.android.settings.analytics.AnalyticService.onHandleIntent:106 android.app.IntentService$ServiceHandler.handleMessage:66 
12-14 02:04:57.051  3821  6728 I ActivityManager: START u0 {act=android.intent.action.VIEW dat=file:///data/local/tmp/ru.com.rh.sp typ=application/vnd.android.package-archive flg=0x18000000 cmp=com.miui.securitycenter/com.miui.permcenter.install.AdbInstallActivity (has extras)} from uid 2000 on display 0
12-14 02:04:57.053  3821  4634 D BaseMiuiPhoneWindowManager: keyCode:4 down:true 161706038 161706038 policyFlags=22000002 deviceId:9 isScreenOn:true
12-14 02:04:57.053  3821  4634 D WindowManager: keyguardActive=false
12-14 02:04:57.088  3821  5979 E ActivityManager: Invalid thumbnail dimensions: 0x0
