12-13 18:40:00.876  3821  5980 I chatty  : uid=1000(system) Binder_7 expire 2 lines
12-13 18:40:45.312  3821  4634 I chatty  : uid=1000(system) InputReader expire 17 lines
12-13 18:40:45.390  3821  3821 I chatty  : uid=1000 system_server expire 13 lines
12-13 18:40:45.465  5608  5608 I chatty  : uid=1000(system) com.android.systemui expire 1 line
12-13 18:40:45.497  3821  3859 I chatty  : uid=1000(system) PowerManagerSer expire 8 lines
12-13 18:40:45.523  3821  5477 I chatty  : uid=1000(system) PhotonicModulat expire 2 lines
12-13 18:40:45.523  3821  3857 I chatty  : uid=1000(system) android.display expire 11 lines
12-13 18:40:50.607  3821  6728 I chatty  : uid=1000(system) Binder_A expire 2 lines
12-13 18:40:52.160  7071  7071 I chatty  : uid=1000(system) expire 3 lines
12-13 18:41:13.848  3821  5741 I chatty  : uid=1000(system) Binder_5 expire 1 line
12-13 18:41:18.573  5608  7311 I chatty  : uid=1000(system) local_job_dispa expire 1 line
12-13 18:41:18.647  3821  3847 I chatty  : uid=1000(system) Binder_1 expire 6 lines
12-13 18:41:18.647  3821  3852 I chatty  : uid=1000(system) android.ui expire 6 lines
12-13 18:41:18.879  3821  6731 I chatty  : uid=1000(system) Binder_C expire 4 lines
12-13 18:41:18.977  6135  6135 I chatty  : uid=1000(system) com.miui.securitycenter.remote expire 1 line
12-13 18:42:50.644  3821  7240 I chatty  : uid=1000(system) Binder_10 expire 1 line
12-13 18:42:57.726  3821  4633 I chatty  : uid=1000(system) InputDispatcher expire 3 lines
12-13 18:43:01.073  3821  5979 I chatty  : uid=1000(system) Binder_6 expire 1 line
12-13 18:43:03.115 22056 22106 E ActivityThread: Failed to find provider info for metok
12-13 18:43:03.134 22056 22056 E ActivityThread: Failed to find provider info for metok
12-13 18:43:06.305  3821  6732 I chatty  : uid=1000(system) Binder_D expire 2 lines
12-13 18:43:14.693 22056 22056 E ActivityThread: Failed to find provider info for metok
12-13 18:43:28.334 22272 22272 I chatty  : uid=1000(system) expire 3 lines
12-13 18:43:28.346  3821  3821 I chatty  : uid=1000 system_server expire 66 lines
12-13 18:43:28.370  3821  3851 I chatty  : uid=1000(system) ActivityManager expire 4 lines
12-13 18:43:28.502  3821  3821 I chatty  : uid=1000 system_server expire 13 lines
12-13 18:43:28.510  3821  3847 I chatty  : uid=1000(system) Binder_1 expire 14 lines
12-13 18:43:28.531  3821  6728 I chatty  : uid=1000(system) Binder_A expire 43 lines
12-13 18:43:28.534 22286 22286 I InCall_sys: InCallPresenter - onCallListChange oldState= NO_CALLS newState=NO_CALLS switching to NO_CALLS
12-13 18:43:28.652  3821  7240 I chatty  : uid=1000(system) Binder_10 expire 3 lines
12-13 18:43:28.673 22286 22286 I InCall_sys: InCallPresenter - onCallListChange oldState= NO_CALLS newState=PENDING_OUTGOING switching to PENDING_OUTGOING
12-13 18:43:28.708 22286 22286 I InCall_sys: InCallActivity - InCallActivity onCreate()...  this = com.android.incallui.InCallActivity@91aef7e
12-13 18:43:28.725 22286 22286 I InCall_sys: InCallActivity - InCallActivity onStart()...
12-13 18:43:28.727 22286 22286 I InCall_sys: InCallActivity - InCallActivity onResume()...
12-13 18:43:28.728 22286 22286 I InCall_sys: AnimationCircleLayout - FINISH clipView:false transY:0.0 cdx:0.0 cdy:0.0 cdr:0.0
12-13 18:43:28.745 22286 22286 I InCall_sys: Call - update Call_0 call, old state is CONNECTING, new call detail is DIALING
12-13 18:43:28.745 22286 22286 I InCall_sys: InCallPresenter - onCallListChange oldState= PENDING_OUTGOING newState=OUTGOING switching to OUTGOING
12-13 18:43:28.751 22286 22286 I InCall_sys: Call - update Call_0 call, old state is DIALING, new call detail is DIALING
12-13 18:43:28.751 22286 22286 I InCall_sys: Call - update Call_0 call, old state is DIALING, new call detail is DIALING
12-13 18:43:28.752 22286 22286 I InCall_sys: Call - update Call_0 call, old state is DIALING, new call detail is DIALING
12-13 18:43:28.752 22286 22286 I InCall_sys: Call - update Call_0 call, old state is DIALING, new call detail is DIALING
12-13 18:43:28.752 22286 22286 I InCall_sys: Call - update Call_0 call, old state is DIALING, new call detail is DIALING
12-13 18:43:28.752 22286 22286 I InCall_sys: Call - update Call_0 call, old state is DIALING, new call detail is DIALING
12-13 18:43:28.752 22286 22286 I InCall_sys: Call - update Call_0 call, old state is DIALING, new call detail is DIALING
12-13 18:43:28.771 22286 22286 I InCall_sys: InCallPresenter - onCallListChange oldState= OUTGOING newState=OUTGOING switching to OUTGOING
12-13 18:43:28.815 22286 22286 I InCall_sys: Call - update Call_0 call, old state is DIALING, new call detail is DIALING
12-13 18:43:28.816 22286 22286 I InCall_sys: Call - update Call_0 call, old state is DIALING, new call detail is DIALING
12-13 18:43:28.923  3821  6687 I chatty  : uid=1000(system) Binder_9 expire 2 lines
12-13 18:43:29.997  3821  5477 I chatty  : uid=1000(system) PhotonicModulat expire 4 lines
12-13 18:43:29.998  3821  3857 I chatty  : uid=1000(system) android.display expire 4 lines
12-13 18:43:38.367  3821  6731 I chatty  : uid=1000(system) Binder_C expire 3 lines
12-13 18:43:38.375 22286 22286 I InCall_sys: Call - update Call_0 call, old state is DIALING, new call detail is DIALING
12-13 18:43:49.099  3821  6729 I chatty  : uid=1000(system) Binder_B expire 4 lines
12-13 18:43:49.105 22286 22286 I InCall_sys: Call - update Call_0 call, old state is DIALING, new call detail is DIALING
12-13 18:43:49.107  3821  5741 I chatty  : uid=1000(system) Binder_5 expire 31 lines
12-13 18:43:49.113 22286 22286 I InCall_sys: Call - update Call_0 call, old state is DIALING, new call detail is DIALING
12-13 18:43:49.120 22286 22286 I InCall_sys: Call - update Call_0 call, old state is DIALING, new call detail is DIALING
12-13 18:43:49.127  3821  3821 I chatty  : uid=1000 system_server expire 11 lines
12-13 18:43:49.128 22286 22286 I InCall_sys: Call - update Call_0 call, old state is DIALING, new call detail is ACTIVE
12-13 18:43:49.130 22286 22286 I InCall_sys: InCallPresenter - onCallListChange oldState= OUTGOING newState=INCALL switching to INCALL
12-13 18:43:49.157 22286 22286 I InCall_sys: Call - update Call_0 call, old state is ACTIVE, new call detail is ACTIVE
12-13 18:43:49.169 22286 22286 I InCall_sys: Call - update Call_0 call, old state is ACTIVE, new call detail is ACTIVE
12-13 18:43:49.171 22286 22286 I InCall_sys: InCallPresenter - onCallListChange oldState= INCALL newState=INCALL switching to INCALL
12-13 18:43:49.204 22286 22286 I InCall_sys: Call - update Call_0 call, old state is ACTIVE, new call detail is ACTIVE
12-13 18:43:52.213  7071  7071 I chatty  : uid=1000(system) expire 1 line
12-13 18:44:06.882  3821  5441 I chatty  : uid=1000(system) ConnectivitySer expire 2 lines
12-13 18:44:11.596  3821  5979 I chatty  : uid=1000(system) Binder_6 expire 5 lines
12-13 18:44:12.015 22286 22286 I InCall_sys: Call - update Call_0 call, old state is ACTIVE, new call detail is DISCONNECTING
12-13 18:44:12.016 22286 22286 I InCall_sys: InCallPresenter - onCallListChange oldState= INCALL newState=INCALL switching to INCALL
12-13 18:44:12.018  3821  3847 I chatty  : uid=1000(system) Binder_1 expire 66 lines
12-13 18:44:12.034 22286 22286 I InCall_sys: Call - update Call_0 call, old state is DISCONNECTING, new call detail is DISCONNECTING
12-13 18:44:12.035  3821 22532 I chatty  : uid=1000 system_server expire 4 lines
12-13 18:44:12.049 22286 22286 I InCall_sys: Call - update Call_0 call, old state is DISCONNECTING, new call detail is DISCONNECTING
12-13 18:44:12.050 22286 22286 I InCall_sys: Call - update Call_0 call, old state is DISCONNECTING, new call detail is DISCONNECTED
12-13 18:44:12.062 22286 22286 I InCall_sys: InCallPresenter - onCallListChange oldState= INCALL newState=INCALL switching to INCALL
12-13 18:44:12.082 22286 22286 I InCall_sys: Call - update Call_0 call, old state is DISCONNECTED, new call detail is DISCONNECTED
12-13 18:44:12.084 22286 22286 I InCall_sys: InCallPresenter - onCallListChange oldState= INCALL newState=INCALL switching to INCALL
12-13 18:44:12.092 22286 22286 I InCall_sys: Call - update Call_0 call, old state is DISCONNECTED, new call detail is DISCONNECTED
12-13 18:44:12.093 22286 22286 I InCall_sys: Call - update Call_0 call, old state is DISCONNECTED, new call detail is DISCONNECTED
12-13 18:44:12.144  3821  8571 I chatty  : uid=1000(system) AsyncTask #3 expire 1 line
12-13 18:44:12.261 22286 22286 I InCall_sys: InCallPresenter - onCallListChange oldState= INCALL newState=NO_CALLS switching to NO_CALLS
12-13 18:44:12.287 22286 22286 I InCall_sys: InCallPresenter - onCallListChange oldState= NO_CALLS newState=NO_CALLS switching to NO_CALLS
12-13 18:44:12.556  3821  4634 I chatty  : uid=1000(system) InputReader expire 28 lines
12-13 18:44:12.607  3821  4633 I chatty  : uid=1000(system) InputDispatcher expire 3 lines
12-13 18:44:12.617 22286 22286 I InCall_sys: InCallActivity - InCallActivity onPause()...
12-13 18:44:12.629 22286 22286 I InCall_sys:  - circle anim run to end. InCallState: NO_CALLS
12-13 18:44:12.632 22286 22286 I InCall_sys: InCallActivity - InCallActivity onStop()...
12-13 18:44:12.634 22286 22286 I InCall_sys: InCallActivity - onDestroy()...  this = com.android.incallui.InCallActivity@91aef7e
12-13 18:44:12.662 22286 22286 I InCall_sys: InCallPresenter - onCallListChange oldState= NO_CALLS newState=NO_CALLS switching to NO_CALLS
12-13 18:44:12.849  3821  5509 I chatty  : uid=1000(system) Binder_3 expire 2 lines
12-13 18:44:12.849 22056 22056 E ActivityThread: Failed to find provider info for metok
12-13 18:44:13.727  3821  3821 I chatty  : uid=1000 system_server expire 63 lines
12-13 18:44:13.828  3821  3859 I chatty  : uid=1000(system) PowerManagerSer expire 12 lines
12-13 18:44:13.894  3821  5477 I chatty  : uid=1000(system) PhotonicModulat expire 4 lines
12-13 18:44:13.894  3821  3857 I chatty  : uid=1000(system) android.display expire 21 lines
12-13 18:44:14.056  5608  5608 I chatty  : uid=1000(system) com.android.systemui expire 1 line
12-13 18:44:14.094 22286 22286 I InCall_sys: InCallPresenter - onCallListChange oldState= NO_CALLS newState=NO_CALLS switching to NO_CALLS
12-13 18:44:14.468  5608  7311 I chatty  : uid=1000(system) local_job_dispa expire 2 lines
12-13 18:44:14.608  3821  5980 I chatty  : uid=1000(system) Binder_7 expire 2 lines
12-13 18:44:14.608  3821  3852 I chatty  : uid=1000(system) android.ui expire 11 lines
12-13 18:44:14.703  6135  6135 I chatty  : uid=1000(system) com.miui.securitycenter.remote expire 2 lines
12-13 18:44:14.790  3821  6732 I chatty  : uid=1000(system) Binder_D expire 5 lines
12-13 18:44:14.884  3821  5979 I chatty  : uid=1000(system) Binder_6 expire 5 lines
12-13 18:44:22.099  3821  7240 I chatty  : uid=1000(system) Binder_10 expire 3 lines
12-13 18:44:35.866  3821  5441 I chatty  : uid=1000(system) ConnectivitySer expire 7 lines
12-13 18:44:35.893  3821  3851 I chatty  : uid=1000(system) ActivityManager expire 15 lines
12-13 18:44:35.923  6059  6450 I chatty  : uid=1000(system) TrafficManageSe expire 1 line
12-13 18:44:36.015  3821  6687 I chatty  : uid=1000(system) Binder_9 expire 2 lines
12-13 18:44:36.076  3821  6729 I chatty  : uid=1000(system) Binder_B expire 7 lines
12-13 18:44:36.096  3821  6731 I chatty  : uid=1000(system) Binder_C expire 2 lines
12-13 18:44:36.209  5670  5670 I chatty  : uid=1000(system) com.miui.antispam:provider expire 1 line
12-13 18:44:36.278  3821  3848 I chatty  : uid=1000(system) Binder_2 expire 5 lines
12-13 18:44:36.284  3821  5982 I chatty  : uid=1000(system) Binder_8 expire 4 lines
12-13 18:44:36.334  3821  6728 I chatty  : uid=1000(system) Binder_A expire 5 lines
12-13 18:44:36.734  3821  6738 I chatty  : uid=1000(system) Binder_E expire 1 line
12-13 18:44:37.014  3821  5741 I chatty  : uid=1000(system) Binder_5 expire 1 line
12-13 18:44:37.097  3821  5440 I chatty  : uid=1000(system) WifiService expire 4 lines
12-13 18:44:38.965  3821  3847 I chatty  : uid=1000(system) Binder_1 expire 1 line
12-13 18:44:51.930  7071  7071 I chatty  : uid=1000(system) expire 2 lines
12-13 18:45:32.614  3821  5663 I chatty  : uid=1000(system) Binder_4 expire 1 line
12-13 18:45:33.617 23064 23064 I chatty  : uid=1000(system) expire 3 lines
12-13 18:45:33.782 23064 23086 I chatty  : uid=1000(system) expire 2 lines
12-13 18:45:34.199 23064 23096 I chatty  : uid=1000(system) expire 1 line
12-13 18:45:35.706  3821  7233 I chatty  : uid=1000(system) Binder_F expire 1 line
12-13 18:45:37.927 22272 22272 I chatty  : uid=1000(system) expire 2 lines
12-13 18:45:37.986  3821  3821 I chatty  : uid=1000 system_server expire 34 lines
12-13 18:45:38.003 22286 22286 I InCall_sys: InCallPresenter - onCallListChange oldState= NO_CALLS newState=NO_CALLS switching to NO_CALLS
12-13 18:45:38.037  3821  3847 I chatty  : uid=1000(system) Binder_1 expire 4 lines
12-13 18:45:38.052 22286 22286 I InCall_sys: InCallPresenter - onCallListChange oldState= NO_CALLS newState=PENDING_OUTGOING switching to PENDING_OUTGOING
12-13 18:45:38.071 22286 22286 I InCall_sys: InCallActivity - InCallActivity onCreate()...  this = com.android.incallui.InCallActivity@2951601
12-13 18:45:38.074 22286 22286 I InCall_sys: InCallActivity - InCallActivity onStart()...
12-13 18:45:38.075 22286 22286 I InCall_sys: InCallActivity - InCallActivity onResume()...
12-13 18:45:38.077 22286 22286 I InCall_sys: AnimationCircleLayout - FINISH clipView:false transY:0.0 cdx:0.0 cdy:0.0 cdr:0.0
12-13 18:45:38.093 22286 22286 I InCall_sys: InCallPresenter - onCallListChange oldState= PENDING_OUTGOING newState=PENDING_OUTGOING switching to PENDING_OUTGOING
12-13 18:45:38.177  3821  6738 I chatty  : uid=1000(system) Binder_E expire 6 lines
12-13 18:45:38.186  3821  5441 I chatty  : uid=1000(system) ConnectivitySer expire 8 lines
12-13 18:45:38.202  3821  3851 I chatty  : uid=1000(system) ActivityManager expire 5 lines
12-13 18:45:38.213  3821  6687 I chatty  : uid=1000(system) Binder_9 expire 43 lines
12-13 18:45:38.227 22286 22286 I InCall_sys: Call - update Call_1 call, old state is CONNECTING, new call detail is CONNECTING
12-13 18:45:38.228 22286 22286 I InCall_sys: InCallPresenter - onCallListChange oldState= PENDING_OUTGOING newState=PENDING_OUTGOING switching to PENDING_OUTGOING
12-13 18:45:38.244 22286 22286 I InCall_sys: Call - update Call_1 call, old state is CONNECTING, new call detail is CONNECTING
12-13 18:45:38.245 22286 22286 I InCall_sys: InCallPresenter - onCallListChange oldState= PENDING_OUTGOING newState=PENDING_OUTGOING switching to PENDING_OUTGOING
12-13 18:45:38.264 22286 22286 I InCall_sys: Call - update Call_1 call, old state is CONNECTING, new call detail is CONNECTING
12-13 18:45:38.265 22286 22286 I InCall_sys: Call - update Call_1 call, old state is CONNECTING, new call detail is CONNECTING
12-13 18:45:38.277 22286 22286 I InCall_sys: Call - update Call_1 call, old state is CONNECTING, new call detail is DIALING
12-13 18:45:38.279 22286 22286 I InCall_sys: InCallPresenter - onCallListChange oldState= PENDING_OUTGOING newState=OUTGOING switching to OUTGOING
12-13 18:45:38.289  3821  5741 I chatty  : uid=1000(system) Binder_5 expire 1 line
12-13 18:45:38.297 22286 22286 I InCall_sys: Call - update Call_1 call, old state is DIALING, new call detail is DIALING
12-13 18:45:38.298 22286 22286 I InCall_sys: Call - update Call_1 call, old state is DIALING, new call detail is DIALING
12-13 18:45:38.305  3821  6731 I chatty  : uid=1000(system) Binder_C expire 1 line
12-13 18:45:38.305 22286 22286 I InCall_sys: Call - update Call_1 call, old state is DIALING, new call detail is DIALING
12-13 18:45:38.335  3821  5509 I chatty  : uid=1000(system) Binder_3 expire 1 line
12-13 18:45:38.354  3821  5980 I chatty  : uid=1000(system) Binder_7 expire 6 lines
12-13 18:45:38.365 22286 22286 I InCall_sys: Call - update Call_1 call, old state is DIALING, new call detail is DIALING
12-13 18:45:38.366 22286 22286 I InCall_sys: Call - update Call_1 call, old state is DIALING, new call detail is DIALING
12-13 18:45:38.406  3821  7233 I chatty  : uid=1000(system) Binder_F expire 1 line
12-13 18:45:39.055  6059  6450 I chatty  : uid=1000(system) TrafficManageSe expire 1 line
12-13 18:45:39.359  3821  5477 I chatty  : uid=1000(system) PhotonicModulat expire 4 lines
12-13 18:45:39.359  3821  3857 I chatty  : uid=1000(system) android.display expire 4 lines
12-13 18:45:44.155  3821  6729 I chatty  : uid=1000(system) Binder_B expire 38 lines
12-13 18:45:44.164 22286 22286 I InCall_sys: Call - update Call_1 call, old state is DIALING, new call detail is DIALING
12-13 18:45:51.218 22286 22286 I InCall_sys: Call - update Call_1 call, old state is DIALING, new call detail is DIALING
12-13 18:45:51.227 22286 22286 I InCall_sys: Call - update Call_1 call, old state is DIALING, new call detail is DIALING
12-13 18:45:51.233 22286 22286 I InCall_sys: Call - update Call_1 call, old state is DIALING, new call detail is ACTIVE
12-13 18:45:51.233  3821  3821 I chatty  : uid=1000 system_server expire 4 lines
12-13 18:45:51.234 22286 22286 I InCall_sys: InCallPresenter - onCallListChange oldState= OUTGOING newState=INCALL switching to INCALL
12-13 18:45:51.254 22286 22286 I InCall_sys: Call - update Call_1 call, old state is ACTIVE, new call detail is ACTIVE
12-13 18:45:51.262 22286 22286 I InCall_sys: Call - update Call_1 call, old state is ACTIVE, new call detail is ACTIVE
12-13 18:45:51.263 22286 22286 I InCall_sys: InCallPresenter - onCallListChange oldState= INCALL newState=INCALL switching to INCALL
12-13 18:45:51.285 22286 22286 I InCall_sys: Call - update Call_1 call, old state is ACTIVE, new call detail is ACTIVE
12-13 18:45:51.285 22286 22286 I InCall_sys: Call - update Call_1 call, old state is ACTIVE, new call detail is ACTIVE
12-13 18:46:07.584  3821  5979 I chatty  : uid=1000(system) Binder_6 expire 1 line
12-13 18:46:09.121  7071  7071 I chatty  : uid=1000(system) expire 1 line
12-13 18:46:09.142  3821  6732 I chatty  : uid=1000(system) Binder_D expire 6 lines
12-13 18:46:42.474  3821  5663 I chatty  : uid=1000(system) Binder_4 expire 49 lines
12-13 18:46:42.480 22286 22286 I InCall_sys: Call - update Call_1 call, old state is ACTIVE, new call detail is DISCONNECTING
12-13 18:46:42.482 22286 22286 I InCall_sys: InCallPresenter - onCallListChange oldState= INCALL newState=INCALL switching to INCALL
12-13 18:46:42.493  3821 23429 I chatty  : uid=1000 system_server expire 4 lines
12-13 18:46:42.500 22286 22286 I InCall_sys: Call - update Call_1 call, old state is DISCONNECTING, new call detail is DISCONNECTING
12-13 18:46:42.511 22286 22286 I InCall_sys: Call - update Call_1 call, old state is DISCONNECTING, new call detail is DISCONNECTED
12-13 18:46:42.519 22286 22286 I InCall_sys: InCallPresenter - onCallListChange oldState= INCALL newState=INCALL switching to INCALL
12-13 18:46:42.527  3821  5663 I chatty  : uid=1000(system) Binder_4 expire 23 lines
12-13 18:46:42.532  3821  3851 I chatty  : uid=1000(system) ActivityManager expire 11 lines
12-13 18:46:42.535 22286 22286 I InCall_sys: Call - update Call_1 call, old state is DISCONNECTED, new call detail is DISCONNECTED
12-13 18:46:42.538  3821  3821 I chatty  : uid=1000 system_server expire 33 lines
12-13 18:46:42.538 22286 22286 I InCall_sys: InCallPresenter - onCallListChange oldState= INCALL newState=INCALL switching to INCALL
12-13 18:46:42.543 22286 22286 I InCall_sys: Call - update Call_1 call, old state is DISCONNECTED, new call detail is DISCONNECTED
12-13 18:46:42.544 22286 22286 I InCall_sys: Call - update Call_1 call, old state is DISCONNECTED, new call detail is DISCONNECTED
12-13 18:46:42.622  3821  5441 I chatty  : uid=1000(system) ConnectivitySer expire 12 lines
12-13 18:46:42.672  6059  6450 I chatty  : uid=1000(system) TrafficManageSe expire 3 lines
12-13 18:46:42.693  3821  9234 I chatty  : uid=1000(system) AsyncTask #5 expire 1 line
12-13 18:46:42.715 22286 22286 I InCall_sys: InCallPresenter - onCallListChange oldState= INCALL newState=NO_CALLS switching to NO_CALLS
12-13 18:46:42.742  3821  3848 I chatty  : uid=1000(system) Binder_2 expire 5 lines
12-13 18:46:42.748  3821  6731 I chatty  : uid=1000(system) Binder_C expire 3 lines
12-13 18:46:42.751 22286 22286 I InCall_sys: InCallPresenter - onCallListChange oldState= NO_CALLS newState=NO_CALLS switching to NO_CALLS
12-13 18:46:42.758  3821  6729 I chatty  : uid=1000(system) Binder_B expire 5 lines
12-13 18:46:43.004  3821  4634 I chatty  : uid=1000(system) InputReader expire 32 lines
12-13 18:46:43.010  5670  5670 I chatty  : uid=1000(system) com.miui.antispam:provider expire 1 line
12-13 18:46:43.023  3821  6732 I chatty  : uid=1000(system) Binder_D expire 5 lines
12-13 18:46:43.077  3821  6687 I chatty  : uid=1000(system) Binder_9 expire 4 lines
12-13 18:46:43.083 22286 22286 I InCall_sys:  - circle anim run to end. InCallState: NO_CALLS
12-13 18:46:43.088  3821  5982 I chatty  : uid=1000(system) Binder_8 expire 3 lines
12-13 18:46:43.094 22286 22286 I InCall_sys: InCallActivity - InCallActivity onPause()...
12-13 18:46:43.109 22286 22286 I InCall_sys: InCallPresenter - onCallListChange oldState= NO_CALLS newState=NO_CALLS switching to NO_CALLS
12-13 18:46:43.144  3821  4633 I chatty  : uid=1000(system) InputDispatcher expire 3 lines
12-13 18:46:43.149  3821  7233 I chatty  : uid=1000(system) Binder_F expire 7 lines
12-13 18:46:43.175 22286 22286 I InCall_sys: InCallActivity - InCallActivity onStop()...
12-13 18:46:43.178 22286 22286 I InCall_sys: InCallActivity - onDestroy()...  this = com.android.incallui.InCallActivity@2951601
12-13 18:46:43.274  3821  3847 I chatty  : uid=1000(system) Binder_1 expire 1 line
12-13 18:46:44.168  3821  3859 I chatty  : uid=1000(system) PowerManagerSer expire 14 lines
12-13 18:46:44.229  3821  5477 I chatty  : uid=1000(system) PhotonicModulat expire 4 lines
12-13 18:46:44.229  3821  3857 I chatty  : uid=1000(system) android.display expire 22 lines
12-13 18:46:44.390  5608  5608 I chatty  : uid=1000(system) com.android.systemui expire 1 line
12-13 18:46:44.551 22286 22286 I InCall_sys: InCallPresenter - onCallListChange oldState= NO_CALLS newState=NO_CALLS switching to NO_CALLS
12-13 18:46:46.587  3821  6728 I chatty  : uid=1000(system) Binder_A expire 1 line
12-13 18:46:46.857  3821  5741 I chatty  : uid=1000(system) Binder_5 expire 4 lines
12-13 18:46:46.917  3821  5979 I chatty  : uid=1000(system) Binder_6 expire 3 lines
12-13 18:46:47.459  6135  6135 I chatty  : uid=1000(system) com.miui.securitycenter.remote expire 4 lines
12-13 18:46:48.741   405   415 I Ext4Crypt: ext4 crypto complete called on /data
12-13 18:46:48.741   405   415 I Ext4Crypt: No master key, so not ext4enc
12-13 18:46:48.741  3821  4638 I chatty  : uid=1000(system) CryptdConnector expire 2 lines
12-13 18:46:48.742   405   415 D VoldCryptCmdListener: cryptfs getpwtype
12-13 18:46:48.742   405   415 I Ext4Crypt: ext4 crypto complete called on /data
12-13 18:46:48.742   405   415 I Ext4Crypt: No master key, so not ext4enc
12-13 18:46:53.955  3821  7240 I chatty  : uid=1000(system) Binder_10 expire 1 line
12-13 18:46:53.955  3821  5440 I chatty  : uid=1000(system) WifiService expire 1 line
12-13 18:47:03.781  3821  5509 I chatty  : uid=1000(system) Binder_3 expire 4 lines
12-13 18:48:34.727  7071  7071 I chatty  : uid=1000(system) expire 3 lines
12-13 18:50:44.801  5608  7311 I chatty  : uid=1000(system) local_job_dispa expire 1 line
12-13 18:50:44.846  3821  5980 I chatty  : uid=1000(system) Binder_7 expire 2 lines
12-13 18:50:44.846  3821  3852 I chatty  : uid=1000(system) android.ui expire 12 lines
12-13 18:50:49.183  3821  4634 I chatty  : uid=1000(system) InputReader expire 10 lines
12-13 18:50:49.266  3821  4633 I chatty  : uid=1000(system) InputDispatcher expire 2 lines
12-13 18:50:50.447  3821  6729 I chatty  : uid=1000(system) Binder_B expire 10 lines
12-13 18:50:50.489  3821  5979 I chatty  : uid=1000(system) Binder_6 expire 1 line
12-13 18:50:50.689 24041 24041 I chatty  : uid=1000(system) expire 3 lines
12-13 18:50:50.850 24041 24062 I chatty  : uid=1000(system) expire 2 lines
12-13 18:50:52.557  3821  3821 I chatty  : uid=1000 system_server expire 79 lines
12-13 18:50:53.036  3821  3851 I chatty  : uid=1000(system) ActivityManager expire 3 lines
12-13 18:50:53.151  3821  5663 I chatty  : uid=1000(system) Binder_4 expire 4 lines
12-13 18:50:53.151  3821  5440 I chatty  : uid=1000(system) WifiService expire 2 lines
12-13 18:50:53.646  3821  7240 I chatty  : uid=1000(system) Binder_10 expire 1 line
12-13 18:50:58.498  3821  6687 I chatty  : uid=1000(system) Binder_9 expire 2 lines
12-13 18:50:58.543  3821  3848 I chatty  : uid=1000(system) Binder_2 expire 1 line
12-13 18:50:58.628 24114 24114 I chatty  : uid=1000(system) expire 3 lines
12-13 18:50:58.651  3821  3847 I chatty  : uid=1000(system) Binder_1 expire 12 lines
12-13 18:50:58.701 22286 22286 I InCall_sys: InCallPresenter - onCallListChange oldState= NO_CALLS newState=NO_CALLS switching to NO_CALLS
12-13 18:50:58.725  3821  6728 I chatty  : uid=1000(system) Binder_A expire 47 lines
12-13 18:50:58.742 22286 22286 I InCall_sys: InCallPresenter - onCallListChange oldState= NO_CALLS newState=PENDING_OUTGOING switching to PENDING_OUTGOING
12-13 18:50:58.762 22286 22286 I InCall_sys: InCallActivity - InCallActivity onCreate()...  this = com.android.incallui.InCallActivity@350e01e
12-13 18:50:58.769 22286 22286 I InCall_sys: InCallActivity - InCallActivity onStart()...
12-13 18:50:58.770 22286 22286 I InCall_sys: InCallActivity - InCallActivity onResume()...
12-13 18:50:58.772 22286 22286 I InCall_sys: AnimationCircleLayout - FINISH clipView:false transY:0.0 cdx:0.0 cdy:0.0 cdr:0.0
12-13 18:50:58.802 22286 22286 I InCall_sys: InCallPresenter - onCallListChange oldState= PENDING_OUTGOING newState=PENDING_OUTGOING switching to PENDING_OUTGOING
12-13 18:50:58.913  3821  5741 I chatty  : uid=1000(system) Binder_5 expire 3 lines
12-13 18:50:58.957 22286 22286 I InCall_sys: Call - update Call_2 call, old state is CONNECTING, new call detail is CONNECTING
12-13 18:50:58.958 22286 22286 I InCall_sys: InCallPresenter - onCallListChange oldState= PENDING_OUTGOING newState=PENDING_OUTGOING switching to PENDING_OUTGOING
12-13 18:50:58.972 22286 22286 I InCall_sys: Call - update Call_2 call, old state is CONNECTING, new call detail is CONNECTING
12-13 18:50:58.972 22286 22286 I InCall_sys: InCallPresenter - onCallListChange oldState= PENDING_OUTGOING newState=PENDING_OUTGOING switching to PENDING_OUTGOING
12-13 18:50:58.983 22286 22286 I InCall_sys: Call - update Call_2 call, old state is CONNECTING, new call detail is CONNECTING
12-13 18:50:58.990 22286 22286 I InCall_sys: Call - update Call_2 call, old state is CONNECTING, new call detail is DIALING
12-13 18:50:58.991 22286 22286 I InCall_sys: InCallPresenter - onCallListChange oldState= PENDING_OUTGOING newState=OUTGOING switching to OUTGOING
12-13 18:50:59.002 22286 22286 I InCall_sys: Call - update Call_2 call, old state is DIALING, new call detail is DIALING
12-13 18:50:59.003 22286 22286 I InCall_sys: Call - update Call_2 call, old state is DIALING, new call detail is DIALING
12-13 18:50:59.003 22286 22286 I InCall_sys: Call - update Call_2 call, old state is DIALING, new call detail is DIALING
12-13 18:50:59.003 22286 22286 I InCall_sys: Call - update Call_2 call, old state is DIALING, new call detail is DIALING
12-13 18:50:59.057 22286 22286 I InCall_sys: Call - update Call_2 call, old state is DIALING, new call detail is DIALING
12-13 18:50:59.058 22286 22286 I InCall_sys: Call - update Call_2 call, old state is DIALING, new call detail is DIALING
12-13 18:50:59.761  3821  5477 I chatty  : uid=1000(system) PhotonicModulat expire 1 line
12-13 18:50:59.761  3821  3857 I chatty  : uid=1000(system) android.display expire 1 line
12-13 18:51:02.082  3821  5441 I chatty  : uid=1000(system) ConnectivitySer expire 6 lines
12-13 18:51:02.125  6059  6450 I chatty  : uid=1000(system) TrafficManageSe expire 1 line
12-13 18:51:02.204  6135  6135 I chatty  : uid=1000(system) com.miui.securitycenter.remote expire 2 lines
12-13 18:51:02.386  3821  6731 I chatty  : uid=1000(system) Binder_C expire 1 line
12-13 18:51:09.598  3821  5982 I chatty  : uid=1000(system) Binder_8 expire 3 lines
12-13 18:51:09.605 22286 22286 I InCall_sys: Call - update Call_2 call, old state is DIALING, new call detail is DIALING
12-13 18:51:12.486 22286 22286 I InCall_sys: Call - update Call_2 call, old state is DIALING, new call detail is DIALING
12-13 18:51:12.492 22286 22286 I InCall_sys: Call - update Call_2 call, old state is DIALING, new call detail is DIALING
12-13 18:51:12.492  3821  3847 I chatty  : uid=1000(system) Binder_1 expire 25 lines
12-13 18:51:12.497  3821  3821 I chatty  : uid=1000 system_server expire 1 line
12-13 18:51:12.498 22286 22286 I InCall_sys: Call - update Call_2 call, old state is DIALING, new call detail is ACTIVE
12-13 18:51:12.499 22286 22286 I InCall_sys: InCallPresenter - onCallListChange oldState= OUTGOING newState=INCALL switching to INCALL
12-13 18:51:12.522 22286 22286 I InCall_sys: Call - update Call_2 call, old state is ACTIVE, new call detail is ACTIVE
12-13 18:51:12.530 22286 22286 I InCall_sys: Call - update Call_2 call, old state is ACTIVE, new call detail is ACTIVE
12-13 18:51:12.531 22286 22286 I InCall_sys: InCallPresenter - onCallListChange oldState= INCALL newState=INCALL switching to INCALL
12-13 18:51:12.554 22286 22286 I InCall_sys: Call - update Call_2 call, old state is ACTIVE, new call detail is ACTIVE
12-13 18:51:12.555 22286 22286 I InCall_sys: Call - update Call_2 call, old state is ACTIVE, new call detail is ACTIVE
12-13 18:51:38.807  3821  6738 I chatty  : uid=1000(system) Binder_E expire 3 lines
12-13 18:51:39.046   405   415 I Ext4Crypt: ext4 crypto complete called on /data
12-13 18:51:39.046   405   415 I Ext4Crypt: No master key, so not ext4enc
12-13 18:51:39.047  3821  4638 I chatty  : uid=1000(system) CryptdConnector expire 2 lines
12-13 18:51:39.048   405   415 D VoldCryptCmdListener: cryptfs getpwtype
12-13 18:51:39.048   405   415 I Ext4Crypt: ext4 crypto complete called on /data
12-13 18:51:39.048   405   415 I Ext4Crypt: No master key, so not ext4enc
12-13 18:51:40.295  3821  3847 I chatty  : uid=1000(system) Binder_1 expire 1 line
12-13 18:51:43.431  7071  7071 I chatty  : uid=1000(system) expire 2 lines
12-13 18:51:43.459  3821  5663 I chatty  : uid=1000(system) Binder_4 expire 71 lines
12-13 18:51:48.636  3821  5477 I chatty  : uid=1000(system) PhotonicModulat expire 3 lines
12-13 18:51:48.636  3821  3857 I chatty  : uid=1000(system) android.display expire 13 lines
12-13 18:51:49.394  3821  6728 I chatty  : uid=1000(system) Binder_A expire 7 lines
12-13 18:51:49.755 22286 22286 I InCall_sys: Call - update Call_2 call, old state is ACTIVE, new call detail is DISCONNECTING
12-13 18:51:49.756 22286 22286 I InCall_sys: InCallPresenter - onCallListChange oldState= INCALL newState=INCALL switching to INCALL
12-13 18:51:49.764  3821  3821 I chatty  : uid=1000 system_server expire 23 lines
12-13 18:51:49.766  3821 24464 I chatty  : uid=1000 system_server expire 4 lines
12-13 18:51:49.772 22286 22286 I InCall_sys: Call - update Call_2 call, old state is DISCONNECTING, new call detail is DISCONNECTING
12-13 18:51:49.787 22286 22286 I InCall_sys: Call - update Call_2 call, old state is DISCONNECTING, new call detail is DISCONNECTED
12-13 18:51:49.792 22286 22286 I InCall_sys: InCallPresenter - onCallListChange oldState= INCALL newState=INCALL switching to INCALL
12-13 18:51:49.799  3821  3851 I chatty  : uid=1000(system) ActivityManager expire 6 lines
12-13 18:51:49.806 22286 22286 I InCall_sys: Call - update Call_2 call, old state is DISCONNECTED, new call detail is DISCONNECTED
12-13 18:51:49.809 22286 22286 I InCall_sys: InCallPresenter - onCallListChange oldState= INCALL newState=INCALL switching to INCALL
12-13 18:51:49.816 22286 22286 I InCall_sys: Call - update Call_2 call, old state is DISCONNECTED, new call detail is DISCONNECTED
12-13 18:51:49.817 22286 22286 I InCall_sys: Call - update Call_2 call, old state is DISCONNECTED, new call detail is DISCONNECTED
12-13 18:51:49.870  3821  8653 I chatty  : uid=1000(system) AsyncTask #4 expire 1 line
12-13 18:51:49.991 22286 22286 I InCall_sys: InCallPresenter - onCallListChange oldState= INCALL newState=NO_CALLS switching to NO_CALLS
12-13 18:51:50.013 22286 22286 I InCall_sys: InCallPresenter - onCallListChange oldState= NO_CALLS newState=NO_CALLS switching to NO_CALLS
12-13 18:51:50.034  3821  5441 I chatty  : uid=1000(system) ConnectivitySer expire 4 lines
12-13 18:51:50.359 22286 22286 I InCall_sys:  - circle anim run to end. InCallState: NO_CALLS
12-13 18:51:50.372 22286 22286 I InCall_sys: InCallActivity - InCallActivity onPause()...
12-13 18:51:50.395 22286 22286 I InCall_sys: InCallPresenter - onCallListChange oldState= NO_CALLS newState=NO_CALLS switching to NO_CALLS
12-13 18:51:50.455 22286 22286 I InCall_sys: InCallActivity - InCallActivity onStop()...
12-13 18:51:50.457 22286 22286 I InCall_sys: InCallActivity - onDestroy()...  this = com.android.incallui.InCallActivity@350e01e
12-13 18:51:50.095  6059  6450 I chatty  : uid=1000(system) TrafficManageSe expire 1 line
12-13 18:51:51.327 22286 22286 I InCall_sys: InCallPresenter - onCallListChange oldState= NO_CALLS newState=NO_CALLS switching to NO_CALLS
12-13 18:51:51.344  3821  5979 I chatty  : uid=1000(system) Binder_6 expire 4 lines
12-13 18:51:51.422  3821  6738 I chatty  : uid=1000(system) Binder_E expire 2 lines
12-13 18:52:01.268  3821  4634 I chatty  : uid=1000(system) InputReader expire 15 lines
12-13 18:52:01.423  3821  6731 I chatty  : uid=1000(system) Binder_C expire 2 lines
12-13 18:52:01.484  3821  3859 I chatty  : uid=1000(system) PowerManagerSer expire 15 lines
12-13 18:52:01.610  5608  5608 I chatty  : uid=1000(system) com.android.systemui expire 2 lines
12-13 18:54:19.414  5608  7311 I chatty  : uid=1000(system) local_job_dispa expire 2 lines
12-13 18:54:19.483  3821  5741 I chatty  : uid=1000(system) Binder_5 expire 3 lines
12-13 18:54:19.483  3821  3852 I chatty  : uid=1000(system) android.ui expire 10 lines
12-13 18:54:19.775  6135  6135 I chatty  : uid=1000(system) com.miui.securitycenter.remote expire 2 lines
12-13 18:54:22.011  3821  4633 I chatty  : uid=1000(system) InputDispatcher expire 2 lines
12-13 18:54:23.670  3821  7233 I chatty  : uid=1000(system) Binder_F expire 3 lines
12-13 18:54:25.057  3821  6732 I chatty  : uid=1000(system) Binder_D expire 1 line
12-13 18:54:29.583  3821  3848 I chatty  : uid=1000(system) Binder_2 expire 2 lines
12-13 18:54:30.743  3821  7240 I chatty  : uid=1000(system) Binder_10 expire 5 lines
12-13 18:54:31.442   405   415 I Ext4Crypt: ext4 crypto complete called on /data
12-13 18:54:31.442   405   415 I Ext4Crypt: No master key, so not ext4enc
12-13 18:54:31.443  3821  4638 I chatty  : uid=1000(system) CryptdConnector expire 2 lines
12-13 18:54:31.444   405   415 D VoldCryptCmdListener: cryptfs getpwtype
12-13 18:54:31.444   405   415 I Ext4Crypt: ext4 crypto complete called on /data
12-13 18:54:31.444   405   415 I Ext4Crypt: No master key, so not ext4enc
12-13 18:54:39.657  3821  4634 I chatty  : uid=1000(system) InputReader expire 11 lines
12-13 18:54:39.670  3821  3821 I chatty  : uid=1000 system_server expire 9 lines
12-13 18:54:40.074  3821  3857 I chatty  : uid=1000(system) android.display expire 13 lines
12-13 18:54:40.290  3821  5980 I chatty  : uid=1000(system) Binder_7 expire 8 lines
12-13 18:54:40.545  3821  3857 I chatty  : uid=1000(system) android.display expire 25 lines
12-13 18:54:40.549  3821  3852 I chatty  : uid=1000(system) android.ui expire 10 lines
12-13 18:54:40.563  3821  3859 I chatty  : uid=1000(system) PowerManagerSer expire 9 lines
12-13 18:54:40.564  3821  3821 I chatty  : uid=1000 system_server expire 15 lines
12-13 18:54:41.787  7071  7071 I chatty  : uid=1000(system) expire 4 lines
12-13 18:54:41.807  3821  6729 I chatty  : uid=1000(system) Binder_B expire 6 lines
12-13 18:54:42.038  3821  6687 I chatty  : uid=1000(system) Binder_9 expire 3 lines
12-13 18:54:50.413  3821  5477 I chatty  : uid=1000(system) PhotonicModulat expire 2 lines
12-13 18:55:02.047  3821  3847 I chatty  : uid=1000(system) Binder_1 expire 7 lines
12-13 18:55:06.036  3821  3850 I chatty  : uid=1000(system) android.bg expire 1 line
12-13 18:58:27.017  3821  3851 I chatty  : uid=1000(system) ActivityManager expire 8 lines
12-13 18:58:47.290  3821  5982 I chatty  : uid=1000(system) Binder_8 expire 6 lines
12-13 18:59:45.838  3821  4634 I chatty  : uid=1000(system) InputReader expire 34 lines
12-13 18:59:45.887  5608  7311 I chatty  : uid=1000(system) local_job_dispa expire 1 line
12-13 18:59:45.929  3821  5663 I chatty  : uid=1000(system) Binder_4 expire 3 lines
12-13 18:59:46.197  3821  3848 I chatty  : uid=1000(system) Binder_2 expire 6 lines
12-13 18:59:46.253  6135  6135 I chatty  : uid=1000(system) com.miui.securitycenter.remote expire 1 line
12-13 18:59:48.359  3821  5509 I chatty  : uid=1000(system) Binder_3 expire 7 lines
12-13 18:59:49.815  3821  7233 I chatty  : uid=1000(system) Binder_F expire 6 lines
12-13 18:59:50.289  3821  4633 I chatty  : uid=1000(system) InputDispatcher expire 5 lines
12-13 18:59:51.268  3821  6731 I chatty  : uid=1000(system) Binder_C expire 6 lines
12-13 18:59:51.294  3821  6738 I chatty  : uid=1000(system) Binder_E expire 3 lines
12-13 18:59:51.788  3821  5979 I chatty  : uid=1000(system) Binder_6 expire 5 lines
12-13 18:59:53.036  6059  6450 I chatty  : uid=1000(system) TrafficManageSe expire 24 lines
12-13 18:59:53.078  3821  6732 I chatty  : uid=1000(system) Binder_D expire 2 lines
12-13 18:59:55.750  3821  7240 I chatty  : uid=1000(system) Binder_10 expire 4 lines
12-13 19:00:09.627  3821  5441 I chatty  : uid=1000(system) ConnectivitySer expire 3 lines
12-13 19:00:11.559  3821  5741 I chatty  : uid=1000(system) Binder_5 expire 3 lines
12-13 19:00:13.569  6123  6123 I chatty  : uid=1000(system) com.miui.whetstone expire 2 lines
12-13 19:00:17.290 27532 25757 W FileUtils: Failed to chmod(/storage/emulated/0/Download/SP63_13330_2012.pdf): android.system.ErrnoException: chmod failed: EPERM (Operation not permitted)
12-13 19:01:44.866  6059  6450 I chatty  : uid=1000(system) TrafficManageSe expire 6 lines
12-13 19:01:48.149  3821  4634 I chatty  : uid=1000(system) InputReader expire 12 lines
12-13 19:01:50.293  3821  6728 I chatty  : uid=1000(system) Binder_A expire 7 lines
12-13 19:01:59.956  3821  5441 I chatty  : uid=1000(system) ConnectivitySer expire 22 lines
12-13 19:02:01.072  3821  5663 I chatty  : uid=1000(system) Binder_4 expire 3 lines
12-13 19:02:01.083  3821  7240 I chatty  : uid=1000(system) Binder_10 expire 5 lines
12-13 19:02:01.115  3821  6732 I chatty  : uid=1000(system) Binder_D expire 2 lines
12-13 19:02:04.911  3821  6738 I chatty  : uid=1000(system) Binder_E expire 4 lines
12-13 19:02:10.860  3821  7233 I chatty  : uid=1000(system) Binder_F expire 6 lines
12-13 19:02:15.855  6059  6450 I chatty  : uid=1000(system) TrafficManageSe expire 16 lines
12-13 19:02:19.729  3821  5979 I chatty  : uid=1000(system) Binder_6 expire 4 lines
12-13 19:02:21.050  3821  6687 I chatty  : uid=1000(system) Binder_9 expire 5 lines
12-13 19:03:02.548  3821  5980 I chatty  : uid=1000(system) Binder_7 expire 1 line
12-13 19:03:03.260  3821  5741 I chatty  : uid=1000(system) Binder_5 expire 7 lines
12-13 19:03:35.313  7071  7071 I chatty  : uid=1000(system) expire 7 lines
12-13 19:03:56.100  3821  4634 I chatty  : uid=1000(system) InputReader expire 13 lines
12-13 19:03:56.176  3821  4633 I chatty  : uid=1000(system) InputDispatcher expire 3 lines
12-13 19:03:57.180  3821  3821 I chatty  : uid=1000 system_server expire 20 lines
12-13 19:03:57.248  5608  5608 I chatty  : uid=1000(system) com.android.systemui expire 4 lines
12-13 19:03:57.288  3821  3859 I chatty  : uid=1000(system) PowerManagerSer expire 18 lines
12-13 19:03:57.350  3821  5477 I chatty  : uid=1000(system) PhotonicModulat expire 4 lines
12-13 19:03:57.351  3821  3857 I chatty  : uid=1000(system) android.display expire 21 lines
12-13 19:04:33.914  3821  6731 I chatty  : uid=1000(system) Binder_C expire 2 lines
12-13 19:05:34.187  3821  5982 I chatty  : uid=1000(system) Binder_8 expire 2 lines
12-13 19:05:35.862  3821  3847 I chatty  : uid=1000(system) Binder_1 expire 1 line
12-13 19:06:34.386 27496 27496 D ActivityThread: Loading provider com.whatsapp.provider.contact: com.whatsapp.contact.ContactProvider
12-13 19:06:51.110  3821  3851 I chatty  : uid=1000(system) ActivityManager expire 5 lines
12-13 19:07:34.334  3821  5509 I chatty  : uid=1000(system) Binder_3 expire 2 lines
12-13 19:08:06.077  3821  5441 I chatty  : uid=1000(system) ConnectivitySer expire 10 lines
12-13 19:08:06.193  6059  6450 I chatty  : uid=1000(system) TrafficManageSe expire 4 lines
12-13 19:09:24.935  3821  6729 I chatty  : uid=1000(system) Binder_B expire 2 lines
12-13 19:09:39.357  5608  7311 I chatty  : uid=1000(system) local_job_dispa expire 2 lines
12-13 19:09:39.688  3821  3852 I chatty  : uid=1000(system) android.ui expire 11 lines
12-13 19:09:39.737  6135  6135 I chatty  : uid=1000(system) com.miui.securitycenter.remote expire 2 lines
12-13 19:09:40.094  3821  4634 I chatty  : uid=1000(system) InputReader expire 7 lines
12-13 19:09:42.023  5608  5726 I chatty  : uid=1000(system) local_job_dispa expire 1 line
12-13 19:10:04.634  3821  5477 I chatty  : uid=1000(system) PhotonicModulat expire 8 lines
12-13 19:10:04.634  3821  3857 I chatty  : uid=1000(system) android.display expire 44 lines
12-13 19:10:04.916  3821  3859 I chatty  : uid=1000(system) PowerManagerSer expire 28 lines
12-13 19:10:04.916  3821  3821 I chatty  : uid=1000 system_server expire 35 lines
12-13 19:10:06.713  3821  5441 I chatty  : uid=1000(system) ConnectivitySer expire 13 lines
12-13 19:10:07.283  5608  5608 I chatty  : uid=1000(system) com.android.systemui expire 4 lines
12-13 19:10:07.585  3821  5980 I chatty  : uid=1000(system) Binder_7 expire 3 lines
12-13 19:10:07.591  5608  7311 I chatty  : uid=1000(system) local_job_dispa expire 4 lines
12-13 19:10:07.661  3821  6732 I chatty  : uid=1000(system) Binder_D expire 1 line
12-13 19:10:07.661  3821  3852 I chatty  : uid=1000(system) android.ui expire 22 lines
12-13 19:10:08.042  6135  6135 I chatty  : uid=1000(system) com.miui.securitycenter.remote expire 3 lines
12-13 19:10:21.150  3821  6729 I chatty  : uid=1000(system) Binder_B expire 4 lines
12-13 19:10:21.241  3821  6687 I chatty  : uid=1000(system) Binder_9 expire 1 line
12-13 19:10:45.635  3821  5663 I chatty  : uid=1000(system) Binder_4 expire 3 lines
12-13 19:10:52.917  7071  7071 I chatty  : uid=1000(system) expire 1 line
12-13 19:10:52.948  3821  3848 I chatty  : uid=1000(system) Binder_2 expire 2 lines
12-13 19:11:56.603  3821  4634 I chatty  : uid=1000(system) InputReader expire 23 lines
12-13 19:11:58.537  3821  3851 I chatty  : uid=1000(system) ActivityManager expire 3 lines
12-13 19:12:00.786  3821  4633 I chatty  : uid=1000(system) InputDispatcher expire 3 lines
12-13 19:12:01.345  3821  6731 I chatty  : uid=1000(system) Binder_C expire 1 line
12-13 19:12:02.475  3821  3847 I chatty  : uid=1000(system) Binder_1 expire 1 line
12-13 19:12:07.116  3821  6738 I chatty  : uid=1000(system) Binder_E expire 1 line
12-13 19:12:07.631  6059  6450 I chatty  : uid=1000(system) TrafficManageSe expire 3 lines
12-13 19:14:59.533  3821  5741 I chatty  : uid=1000(system) Binder_5 expire 7 lines
12-13 19:14:59.907  3821  3821 I chatty  : uid=1000 system_server expire 33 lines
12-13 19:14:59.913  3821  3857 I chatty  : uid=1000(system) android.display expire 75 lines
12-13 19:14:59.947  3821  3852 I chatty  : uid=1000(system) android.ui expire 24 lines
12-13 19:14:59.951  3821  3859 I chatty  : uid=1000(system) PowerManagerSer expire 29 lines
12-13 19:14:59.964  6135  6135 I chatty  : uid=1000(system) com.miui.securitycenter.remote expire 4 lines
12-13 19:15:03.501  3821  5441 I chatty  : uid=1000(system) ConnectivitySer expire 6 lines
12-13 19:15:09.670  3821  5477 I chatty  : uid=1000(system) PhotonicModulat expire 7 lines
12-13 19:15:10.413  5608  5608 I chatty  : uid=1000(system) com.android.systemui expire 3 lines
12-13 19:15:10.715  3821  3847 I chatty  : uid=1000(system) Binder_1 expire 3 lines
12-13 19:15:10.726  5608  7311 I chatty  : uid=1000(system) local_job_dispa expire 3 lines
12-13 19:15:10.803  3821  5980 I chatty  : uid=1000(system) Binder_7 expire 1 line
12-13 19:15:10.818  3821  5663 I chatty  : uid=1000(system) Binder_4 expire 3 lines
12-13 19:15:20.804  3821  4634 I chatty  : uid=1000(system) InputReader expire 5 lines
12-13 19:15:46.465  3821  5979 I chatty  : uid=1000(system) Binder_6 expire 1 line
12-13 19:15:46.494  3821  6738 I chatty  : uid=1000(system) Binder_E expire 3 lines
12-13 19:15:51.383  3821  5982 I chatty  : uid=1000(system) Binder_8 expire 3 lines
12-13 19:15:52.919  7071  7071 I chatty  : uid=1000(system) expire 1 line
12-13 19:15:52.940  3821  3848 I chatty  : uid=1000(system) Binder_2 expire 1 line
12-13 19:16:04.572  3821  6731 I chatty  : uid=1000(system) Binder_C expire 3 lines
12-13 19:16:14.811  6059  6450 I chatty  : uid=1000(system) TrafficManageSe expire 2 lines
12-13 19:17:26.222  5608  5608 I chatty  : uid=1000(system) com.android.systemui expire 2 lines
12-13 19:17:26.523  3821  7240 I chatty  : uid=1000(system) Binder_10 expire 2 lines
12-13 19:17:26.526  3821  3821 I chatty  : uid=1000 system_server expire 32 lines
12-13 19:17:26.529  5608  7311 I chatty  : uid=1000(system) local_job_dispa expire 3 lines
12-13 19:17:26.565  3821  3859 I chatty  : uid=1000(system) PowerManagerSer expire 23 lines
12-13 19:17:26.588  3821  5477 I chatty  : uid=1000(system) PhotonicModulat expire 5 lines
12-13 19:17:26.588  3821  3857 I chatty  : uid=1000(system) android.display expire 71 lines
12-13 19:17:26.675  3821  6729 I chatty  : uid=1000(system) Binder_B expire 8 lines
12-13 19:17:26.675  3821  3852 I chatty  : uid=1000(system) android.ui expire 25 lines
12-13 19:17:26.944  6135  6135 I chatty  : uid=1000(system) com.miui.securitycenter.remote expire 3 lines
12-13 19:17:46.412  3821  6687 I chatty  : uid=1000(system) Binder_9 expire 2 lines
12-13 19:17:46.510  3821  7233 I chatty  : uid=1000(system) Binder_F expire 2 lines
12-13 19:17:46.523  3821  3847 I chatty  : uid=1000(system) Binder_1 expire 4 lines
12-13 19:19:29.704  3821  5441 I chatty  : uid=1000(system) ConnectivitySer expire 4 lines
12-13 19:19:48.829  3821  3850 I chatty  : uid=1000(system) android.bg expire 1 line
12-13 19:21:25.255  3821  6738 I chatty  : uid=1000(system) Binder_E expire 2 lines
12-13 19:21:26.813  7071  7071 I chatty  : uid=1000(system) expire 1 line
12-13 19:21:26.846  3821  5982 I chatty  : uid=1000(system) Binder_8 expire 4 lines
12-13 19:22:01.502  3821  4634 I chatty  : uid=1000(system) InputReader expire 58 lines
12-13 19:22:03.189  3821  3857 I chatty  : uid=1000(system) android.display expire 45 lines
12-13 19:22:03.195  3821  3852 I chatty  : uid=1000(system) android.ui expire 16 lines
12-13 19:22:03.204  3821  3859 I chatty  : uid=1000(system) PowerManagerSer expire 17 lines
12-13 19:22:03.205  3821  3821 I chatty  : uid=1000 system_server expire 23 lines
12-13 19:22:03.217  6135  6135 I chatty  : uid=1000(system) com.miui.securitycenter.remote expire 3 lines
12-13 19:22:03.336  3821  5441 I chatty  : uid=1000(system) ConnectivitySer expire 12 lines
12-13 19:22:12.352  3821  4633 I chatty  : uid=1000(system) InputDispatcher expire 7 lines
12-13 19:22:13.135  3821  5477 I chatty  : uid=1000(system) PhotonicModulat expire 4 lines
12-13 19:22:13.968  5608  7311 I chatty  : uid=1000(system) local_job_dispa expire 2 lines
12-13 19:22:13.987  3821  3847 I chatty  : uid=1000(system) Binder_1 expire 3 lines
12-13 19:22:14.069  3821  3851 I chatty  : uid=1000(system) ActivityManager expire 6 lines
12-13 19:22:14.075  3821  5980 I chatty  : uid=1000(system) Binder_7 expire 1 line
12-13 19:22:14.097  3821  3850 I chatty  : uid=1000(system) android.bg expire 1 line
12-13 19:22:14.332  3821  3848 I chatty  : uid=1000(system) Binder_2 expire 1 line
12-13 19:22:14.347  3821  6729 I chatty  : uid=1000(system) Binder_B expire 2 lines
12-13 19:22:16.182  3821  5982 I chatty  : uid=1000(system) Binder_8 expire 3 lines
12-13 19:22:17.337  3821  6731 I chatty  : uid=1000(system) Binder_C expire 2 lines
12-13 19:22:21.741  3821  6687 I chatty  : uid=1000(system) Binder_9 expire 5 lines
12-13 19:22:22.186  3821  7233 I chatty  : uid=1000(system) Binder_F expire 1 line
12-13 19:22:23.385  6059  6450 I chatty  : uid=1000(system) TrafficManageSe expire 9 lines
12-13 19:22:51.888  5608  5608 I chatty  : uid=1000(system) com.android.systemui expire 1 line
12-13 19:24:38.255  3821  5509 I chatty  : uid=1000(system) Binder_3 expire 1 line
12-13 19:24:38.275  3821  7240 I chatty  : uid=1000(system) Binder_10 expire 3 lines
12-13 19:24:39.348  3821  6728 I chatty  : uid=1000(system) Binder_A expire 6 lines
12-13 19:24:41.020  3821  5441 I chatty  : uid=1000(system) ConnectivitySer expire 14 lines
12-13 19:24:41.105  3821  4634 I chatty  : uid=1000(system) InputReader expire 20 lines
12-13 19:24:41.112  3821  4633 I chatty  : uid=1000(system) InputDispatcher expire 3 lines
12-13 19:24:44.047  3821  5980 I chatty  : uid=1000(system) Binder_7 expire 3 lines
12-13 19:24:47.109  3821  5741 I chatty  : uid=1000(system) Binder_5 expire 2 lines
